<!doctype html public "-//w3c//dtd html 4.0 transitional//en">
<html><head>
<title>Static Call Graph - [.\Objects\1.axf]</title></head>
<body><HR>
<H1>Static Call Graph for image .\Objects\1.axf</H1><HR>
<BR><P>#&#060CALLGRAPH&#062# ARM Linker, 5060960: Last Updated: Mon Nov 17 15:18:25 2025
<BR><P>
<H3>Maximum Stack Usage =        888 bytes + Unknown(Functions without stacksize, Cycles, Untraceable Function Pointers)</H3><H3>
Call chain for Maximum Stack Depth:</H3>
TIM14_IRQHandler &rArr; ShowSignal &rArr; MessRecToArch &rArr; FLASH_WriteByte &rArr; FLASH_WriteStr &rArr; FLASH_ReadStr
<P>
<H3>
Functions with no stack information
</H3><UL>
 <LI><a href="#[5d]">__user_initial_stackheap</a>
</UL>
</UL>
<P>
<H3>
Mutually Recursive functions
</H3> <LI><a href="#[f]">NMI_Handler</a>&nbsp;&nbsp;&nbsp;&rArr;&nbsp;&nbsp;&nbsp;<a href="#[f]">NMI_Handler</a><BR>
 <LI><a href="#[11]">SVC_Handler</a>&nbsp;&nbsp;&nbsp;&rArr;&nbsp;&nbsp;&nbsp;<a href="#[11]">SVC_Handler</a><BR>
 <LI><a href="#[12]">PendSV_Handler</a>&nbsp;&nbsp;&nbsp;&rArr;&nbsp;&nbsp;&nbsp;<a href="#[12]">PendSV_Handler</a><BR>
 <LI><a href="#[13]">SysTick_Handler</a>&nbsp;&nbsp;&nbsp;&rArr;&nbsp;&nbsp;&nbsp;<a href="#[13]">SysTick_Handler</a><BR>
 <LI><a href="#[1c]">DMA1_Channel2_3_IRQHandler</a>&nbsp;&nbsp;&nbsp;&rArr;&nbsp;&nbsp;&nbsp;<a href="#[1c]">DMA1_Channel2_3_IRQHandler</a><BR>
</UL>
<P>
<H3>
Function Pointers
</H3><UL>
 <LI><a href="#[1e]">ADC1_IRQHandler</a> from adc.o(i.ADC1_IRQHandler) referenced from startup_stm32f030x8.o(RESET)
 <LI><a href="#[1b]">DMA1_Channel1_IRQHandler</a> from adc.o(i.DMA1_Channel1_IRQHandler) referenced from startup_stm32f030x8.o(RESET)
 <LI><a href="#[1c]">DMA1_Channel2_3_IRQHandler</a> from startup_stm32f030x8.o(.text) referenced from startup_stm32f030x8.o(RESET)
 <LI><a href="#[1d]">DMA1_Channel4_5_IRQHandler</a> from startup_stm32f030x8.o(.text) referenced from startup_stm32f030x8.o(RESET)
 <LI><a href="#[18]">EXTI0_1_IRQHandler</a> from startup_stm32f030x8.o(.text) referenced from startup_stm32f030x8.o(RESET)
 <LI><a href="#[19]">EXTI2_3_IRQHandler</a> from startup_stm32f030x8.o(.text) referenced from startup_stm32f030x8.o(RESET)
 <LI><a href="#[1a]">EXTI4_15_IRQHandler</a> from exti.o(i.EXTI4_15_IRQHandler) referenced from startup_stm32f030x8.o(RESET)
 <LI><a href="#[16]">FLASH_IRQHandler</a> from startup_stm32f030x8.o(.text) referenced from startup_stm32f030x8.o(RESET)
 <LI><a href="#[10]">HardFault_Handler</a> from main.o(i.HardFault_Handler) referenced from startup_stm32f030x8.o(RESET)
 <LI><a href="#[27]">I2C1_IRQHandler</a> from startup_stm32f030x8.o(.text) referenced from startup_stm32f030x8.o(RESET)
 <LI><a href="#[28]">I2C2_IRQHandler</a> from startup_stm32f030x8.o(.text) referenced from startup_stm32f030x8.o(RESET)
 <LI><a href="#[f]">NMI_Handler</a> from startup_stm32f030x8.o(.text) referenced from startup_stm32f030x8.o(RESET)
 <LI><a href="#[12]">PendSV_Handler</a> from startup_stm32f030x8.o(.text) referenced from startup_stm32f030x8.o(RESET)
 <LI><a href="#[17]">RCC_IRQHandler</a> from startup_stm32f030x8.o(.text) referenced from startup_stm32f030x8.o(RESET)
 <LI><a href="#[15]">RTC_IRQHandler</a> from startup_stm32f030x8.o(.text) referenced from startup_stm32f030x8.o(RESET)
 <LI><a href="#[e]">Reset_Handler</a> from startup_stm32f030x8.o(.text) referenced from startup_stm32f030x8.o(RESET)
 <LI><a href="#[29]">SPI1_IRQHandler</a> from startup_stm32f030x8.o(.text) referenced from startup_stm32f030x8.o(RESET)
 <LI><a href="#[2a]">SPI2_IRQHandler</a> from startup_stm32f030x8.o(.text) referenced from startup_stm32f030x8.o(RESET)
 <LI><a href="#[11]">SVC_Handler</a> from startup_stm32f030x8.o(.text) referenced from startup_stm32f030x8.o(RESET)
 <LI><a href="#[13]">SysTick_Handler</a> from startup_stm32f030x8.o(.text) referenced from startup_stm32f030x8.o(RESET)
 <LI><a href="#[2d]">SystemInit</a> from system_stm32f0xx.o(i.SystemInit) referenced from startup_stm32f030x8.o(.text)
 <LI><a href="#[23]">TIM14_IRQHandler</a> from tim.o(i.TIM14_IRQHandler) referenced from startup_stm32f030x8.o(RESET)
 <LI><a href="#[24]">TIM15_IRQHandler</a> from tim.o(i.TIM15_IRQHandler) referenced from startup_stm32f030x8.o(RESET)
 <LI><a href="#[25]">TIM16_IRQHandler</a> from tim.o(i.TIM16_IRQHandler) referenced from startup_stm32f030x8.o(RESET)
 <LI><a href="#[26]">TIM17_IRQHandler</a> from tim.o(i.TIM17_IRQHandler) referenced from startup_stm32f030x8.o(RESET)
 <LI><a href="#[1f]">TIM1_BRK_UP_TRG_COM_IRQHandler</a> from startup_stm32f030x8.o(.text) referenced from startup_stm32f030x8.o(RESET)
 <LI><a href="#[20]">TIM1_CC_IRQHandler</a> from startup_stm32f030x8.o(.text) referenced from startup_stm32f030x8.o(RESET)
 <LI><a href="#[21]">TIM3_IRQHandler</a> from tim.o(i.TIM3_IRQHandler) referenced from startup_stm32f030x8.o(RESET)
 <LI><a href="#[22]">TIM6_IRQHandler</a> from tim.o(i.TIM6_IRQHandler) referenced from startup_stm32f030x8.o(RESET)
 <LI><a href="#[2b]">USART1_IRQHandler</a> from startup_stm32f030x8.o(.text) referenced from startup_stm32f030x8.o(RESET)
 <LI><a href="#[2c]">USART2_IRQHandler</a> from startup_stm32f030x8.o(.text) referenced from startup_stm32f030x8.o(RESET)
 <LI><a href="#[14]">WWDG_IRQHandler</a> from startup_stm32f030x8.o(.text) referenced from startup_stm32f030x8.o(RESET)
 <LI><a href="#[31]">__main</a> from __main.o(!!!main) referenced from startup_stm32f030x8.o(.text)
 <LI><a href="#[30]">_printf_input_char</a> from _printf_char_common.o(.text) referenced from _printf_char_common.o(.text)
 <LI><a href="#[2f]">_sputc</a> from _sputc.o(.text) referenced from noretval__2sprintf.o(.text)
</UL>
<P>
<H3>
Global Symbols
</H3>
<P><STRONG><a name="[31]"></a>__main</STRONG> (Thumb, 8 bytes, Stack size 0 bytes, __main.o(!!!main))
<BR><BR>[Calls]<UL><LI><a href="#[33]">&gt;&gt;</a>&nbsp;&nbsp;&nbsp;__rt_entry
<LI><a href="#[32]">&gt;&gt;</a>&nbsp;&nbsp;&nbsp;__scatterload
</UL>

<P><STRONG><a name="[32]"></a>__scatterload</STRONG> (Thumb, 0 bytes, Stack size unknown bytes, __scatter.o(!!!scatter))
<BR><BR>[Called By]<UL><LI><a href="#[31]">&gt;&gt;</a>&nbsp;&nbsp;&nbsp;__main
</UL>

<P><STRONG><a name="[34]"></a>__scatterload_rt2</STRONG> (Thumb, 52 bytes, Stack size unknown bytes, __scatter.o(!!!scatter), UNUSED)
<BR><BR>[Calls]<UL><LI><a href="#[33]">&gt;&gt;</a>&nbsp;&nbsp;&nbsp;__rt_entry
</UL>

<P><STRONG><a name="[c4]"></a>__scatterload_rt2_thumb_only</STRONG> (Thumb, 0 bytes, Stack size unknown bytes, __scatter.o(!!!scatter), UNUSED)

<P><STRONG><a name="[c5]"></a>__scatterload_null</STRONG> (Thumb, 0 bytes, Stack size unknown bytes, __scatter.o(!!!scatter), UNUSED)

<P><STRONG><a name="[c6]"></a>__scatterload_zeroinit</STRONG> (Thumb, 28 bytes, Stack size unknown bytes, __scatter_zi.o(!!handler_zi), UNUSED)

<P><STRONG><a name="[4b]"></a>_printf_percent</STRONG> (Thumb, 0 bytes, Stack size unknown bytes, _printf_percent.o(.ARM.Collect$$_printf_percent$$00000000))
<BR><BR>[Called By]<UL><LI><a href="#[49]">&gt;&gt;</a>&nbsp;&nbsp;&nbsp;__printf
</UL>

<P><STRONG><a name="[35]"></a>_printf_d</STRONG> (Thumb, 0 bytes, Stack size unknown bytes, _printf_d.o(.ARM.Collect$$_printf_percent$$00000009))
<BR><BR>[Stack]<UL><LI>Max Depth = 88 + Unknown Stack Size
<LI>Call Chain = _printf_d &rArr; _printf_int_dec &rArr; _printf_int_common &rArr; _printf_post_padding
</UL>
<BR>[Calls]<UL><LI><a href="#[36]">&gt;&gt;</a>&nbsp;&nbsp;&nbsp;_printf_percent_end
<LI><a href="#[37]">&gt;&gt;</a>&nbsp;&nbsp;&nbsp;_printf_int_dec
</UL>

<P><STRONG><a name="[36]"></a>_printf_percent_end</STRONG> (Thumb, 0 bytes, Stack size unknown bytes, _printf_percent_end.o(.ARM.Collect$$_printf_percent$$00000017))
<BR><BR>[Called By]<UL><LI><a href="#[35]">&gt;&gt;</a>&nbsp;&nbsp;&nbsp;_printf_d
</UL>

<P><STRONG><a name="[3b]"></a>__rt_lib_init</STRONG> (Thumb, 0 bytes, Stack size unknown bytes, libinit.o(.ARM.Collect$$libinit$$00000000))
<BR><BR>[Called By]<UL><LI><a href="#[3a]">&gt;&gt;</a>&nbsp;&nbsp;&nbsp;__rt_entry_li
</UL>

<P><STRONG><a name="[c7]"></a>__rt_lib_init_alloca_1</STRONG> (Thumb, 0 bytes, Stack size unknown bytes, libinit2.o(.ARM.Collect$$libinit$$0000002E))

<P><STRONG><a name="[c8]"></a>__rt_lib_init_argv_1</STRONG> (Thumb, 0 bytes, Stack size unknown bytes, libinit2.o(.ARM.Collect$$libinit$$0000002C))

<P><STRONG><a name="[c9]"></a>__rt_lib_init_atexit_1</STRONG> (Thumb, 0 bytes, Stack size unknown bytes, libinit2.o(.ARM.Collect$$libinit$$0000001B))

<P><STRONG><a name="[ca]"></a>__rt_lib_init_clock_1</STRONG> (Thumb, 0 bytes, Stack size unknown bytes, libinit2.o(.ARM.Collect$$libinit$$00000021))

<P><STRONG><a name="[cb]"></a>__rt_lib_init_cpp_1</STRONG> (Thumb, 0 bytes, Stack size unknown bytes, libinit2.o(.ARM.Collect$$libinit$$00000032))

<P><STRONG><a name="[cc]"></a>__rt_lib_init_exceptions_1</STRONG> (Thumb, 0 bytes, Stack size unknown bytes, libinit2.o(.ARM.Collect$$libinit$$00000030))

<P><STRONG><a name="[cd]"></a>__rt_lib_init_fp_1</STRONG> (Thumb, 0 bytes, Stack size unknown bytes, libinit2.o(.ARM.Collect$$libinit$$00000002))

<P><STRONG><a name="[ce]"></a>__rt_lib_init_fp_trap_1</STRONG> (Thumb, 0 bytes, Stack size unknown bytes, libinit2.o(.ARM.Collect$$libinit$$0000001F))

<P><STRONG><a name="[cf]"></a>__rt_lib_init_getenv_1</STRONG> (Thumb, 0 bytes, Stack size unknown bytes, libinit2.o(.ARM.Collect$$libinit$$00000023))

<P><STRONG><a name="[d0]"></a>__rt_lib_init_heap_1</STRONG> (Thumb, 0 bytes, Stack size unknown bytes, libinit2.o(.ARM.Collect$$libinit$$0000000A))

<P><STRONG><a name="[d1]"></a>__rt_lib_init_lc_collate_1</STRONG> (Thumb, 0 bytes, Stack size unknown bytes, libinit2.o(.ARM.Collect$$libinit$$00000011))

<P><STRONG><a name="[d2]"></a>__rt_lib_init_lc_ctype_1</STRONG> (Thumb, 0 bytes, Stack size unknown bytes, libinit2.o(.ARM.Collect$$libinit$$00000013))

<P><STRONG><a name="[d3]"></a>__rt_lib_init_lc_monetary_1</STRONG> (Thumb, 0 bytes, Stack size unknown bytes, libinit2.o(.ARM.Collect$$libinit$$00000015))

<P><STRONG><a name="[d4]"></a>__rt_lib_init_lc_numeric_1</STRONG> (Thumb, 0 bytes, Stack size unknown bytes, libinit2.o(.ARM.Collect$$libinit$$00000017))

<P><STRONG><a name="[d5]"></a>__rt_lib_init_lc_time_1</STRONG> (Thumb, 0 bytes, Stack size unknown bytes, libinit2.o(.ARM.Collect$$libinit$$00000019))

<P><STRONG><a name="[d6]"></a>__rt_lib_init_preinit_1</STRONG> (Thumb, 0 bytes, Stack size unknown bytes, libinit2.o(.ARM.Collect$$libinit$$00000004))

<P><STRONG><a name="[d7]"></a>__rt_lib_init_rand_1</STRONG> (Thumb, 0 bytes, Stack size unknown bytes, libinit2.o(.ARM.Collect$$libinit$$0000000E))

<P><STRONG><a name="[d8]"></a>__rt_lib_init_return</STRONG> (Thumb, 0 bytes, Stack size unknown bytes, libinit2.o(.ARM.Collect$$libinit$$00000033))

<P><STRONG><a name="[d9]"></a>__rt_lib_init_signal_1</STRONG> (Thumb, 0 bytes, Stack size unknown bytes, libinit2.o(.ARM.Collect$$libinit$$0000001D))

<P><STRONG><a name="[da]"></a>__rt_lib_init_stdio_1</STRONG> (Thumb, 0 bytes, Stack size unknown bytes, libinit2.o(.ARM.Collect$$libinit$$00000025))

<P><STRONG><a name="[db]"></a>__rt_lib_init_user_alloc_1</STRONG> (Thumb, 0 bytes, Stack size unknown bytes, libinit2.o(.ARM.Collect$$libinit$$0000000C))

<P><STRONG><a name="[40]"></a>__rt_lib_shutdown</STRONG> (Thumb, 0 bytes, Stack size unknown bytes, libshutdown.o(.ARM.Collect$$libshutdown$$00000000))
<BR><BR>[Called By]<UL><LI><a href="#[3f]">&gt;&gt;</a>&nbsp;&nbsp;&nbsp;__rt_exit_ls
</UL>

<P><STRONG><a name="[dc]"></a>__rt_lib_shutdown_cpp_1</STRONG> (Thumb, 0 bytes, Stack size unknown bytes, libshutdown2.o(.ARM.Collect$$libshutdown$$00000004))

<P><STRONG><a name="[dd]"></a>__rt_lib_shutdown_fini_1</STRONG> (Thumb, 0 bytes, Stack size unknown bytes, libshutdown2.o(.ARM.Collect$$libshutdown$$00000002))

<P><STRONG><a name="[de]"></a>__rt_lib_shutdown_fp_trap_1</STRONG> (Thumb, 0 bytes, Stack size unknown bytes, libshutdown2.o(.ARM.Collect$$libshutdown$$00000009))

<P><STRONG><a name="[df]"></a>__rt_lib_shutdown_heap_1</STRONG> (Thumb, 0 bytes, Stack size unknown bytes, libshutdown2.o(.ARM.Collect$$libshutdown$$00000011))

<P><STRONG><a name="[e0]"></a>__rt_lib_shutdown_return</STRONG> (Thumb, 0 bytes, Stack size unknown bytes, libshutdown2.o(.ARM.Collect$$libshutdown$$00000012))

<P><STRONG><a name="[e1]"></a>__rt_lib_shutdown_signal_1</STRONG> (Thumb, 0 bytes, Stack size unknown bytes, libshutdown2.o(.ARM.Collect$$libshutdown$$0000000C))

<P><STRONG><a name="[e2]"></a>__rt_lib_shutdown_stdio_1</STRONG> (Thumb, 0 bytes, Stack size unknown bytes, libshutdown2.o(.ARM.Collect$$libshutdown$$00000006))

<P><STRONG><a name="[e3]"></a>__rt_lib_shutdown_user_alloc_1</STRONG> (Thumb, 0 bytes, Stack size unknown bytes, libshutdown2.o(.ARM.Collect$$libshutdown$$0000000E))

<P><STRONG><a name="[33]"></a>__rt_entry</STRONG> (Thumb, 0 bytes, Stack size unknown bytes, __rtentry.o(.ARM.Collect$$rtentry$$00000000))
<BR><BR>[Called By]<UL><LI><a href="#[31]">&gt;&gt;</a>&nbsp;&nbsp;&nbsp;__main
<LI><a href="#[34]">&gt;&gt;</a>&nbsp;&nbsp;&nbsp;__scatterload_rt2
</UL>

<P><STRONG><a name="[e4]"></a>__rt_entry_presh_1</STRONG> (Thumb, 0 bytes, Stack size unknown bytes, __rtentry2.o(.ARM.Collect$$rtentry$$00000002))

<P><STRONG><a name="[38]"></a>__rt_entry_sh</STRONG> (Thumb, 0 bytes, Stack size unknown bytes, __rtentry4.o(.ARM.Collect$$rtentry$$00000004))
<BR><BR>[Stack]<UL><LI>Max Depth = 8 + Unknown Stack Size
<LI>Call Chain = __rt_entry_sh &rArr; __user_setup_stackheap
</UL>
<BR>[Calls]<UL><LI><a href="#[39]">&gt;&gt;</a>&nbsp;&nbsp;&nbsp;__user_setup_stackheap
</UL>

<P><STRONG><a name="[3a]"></a>__rt_entry_li</STRONG> (Thumb, 0 bytes, Stack size unknown bytes, __rtentry2.o(.ARM.Collect$$rtentry$$0000000A))
<BR><BR>[Calls]<UL><LI><a href="#[3b]">&gt;&gt;</a>&nbsp;&nbsp;&nbsp;__rt_lib_init
</UL>

<P><STRONG><a name="[e5]"></a>__rt_entry_postsh_1</STRONG> (Thumb, 0 bytes, Stack size unknown bytes, __rtentry2.o(.ARM.Collect$$rtentry$$00000009))

<P><STRONG><a name="[3c]"></a>__rt_entry_main</STRONG> (Thumb, 0 bytes, Stack size unknown bytes, __rtentry2.o(.ARM.Collect$$rtentry$$0000000D))
<BR><BR>[Stack]<UL><LI>Max Depth = 352 + Unknown Stack Size
<LI>Call Chain = __rt_entry_main &rArr; main &rArr; program &rArr; get_pla &rArr; FLASH_WriteStr &rArr; FLASH_ReadStr
</UL>
<BR>[Calls]<UL><LI><a href="#[3d]">&gt;&gt;</a>&nbsp;&nbsp;&nbsp;main
<LI><a href="#[3e]">&gt;&gt;</a>&nbsp;&nbsp;&nbsp;exit
</UL>

<P><STRONG><a name="[e6]"></a>__rt_entry_postli_1</STRONG> (Thumb, 0 bytes, Stack size unknown bytes, __rtentry2.o(.ARM.Collect$$rtentry$$0000000C))

<P><STRONG><a name="[5f]"></a>__rt_exit</STRONG> (Thumb, 0 bytes, Stack size unknown bytes, rtexit.o(.ARM.Collect$$rtexit$$00000000))
<BR><BR>[Called By]<UL><LI><a href="#[3e]">&gt;&gt;</a>&nbsp;&nbsp;&nbsp;exit
</UL>

<P><STRONG><a name="[3f]"></a>__rt_exit_ls</STRONG> (Thumb, 0 bytes, Stack size unknown bytes, rtexit2.o(.ARM.Collect$$rtexit$$00000003))
<BR><BR>[Calls]<UL><LI><a href="#[40]">&gt;&gt;</a>&nbsp;&nbsp;&nbsp;__rt_lib_shutdown
</UL>

<P><STRONG><a name="[e7]"></a>__rt_exit_prels_1</STRONG> (Thumb, 0 bytes, Stack size unknown bytes, rtexit2.o(.ARM.Collect$$rtexit$$00000002))

<P><STRONG><a name="[41]"></a>__rt_exit_exit</STRONG> (Thumb, 0 bytes, Stack size unknown bytes, rtexit2.o(.ARM.Collect$$rtexit$$00000004))
<BR><BR>[Calls]<UL><LI><a href="#[42]">&gt;&gt;</a>&nbsp;&nbsp;&nbsp;_sys_exit
</UL>

<P><STRONG><a name="[4d]"></a>__aeabi_memcpy4</STRONG> (Thumb, 56 bytes, Stack size 0 bytes, rt_memcpy.o(.emb_text))
<BR><BR>[Called By]<UL><LI><a href="#[b1]">&gt;&gt;</a>&nbsp;&nbsp;&nbsp;goto_boot
<LI><a href="#[4c]">&gt;&gt;</a>&nbsp;&nbsp;&nbsp;__aeabi_memcpy
</UL>

<P><STRONG><a name="[e8]"></a>__aeabi_memcpy8</STRONG> (Thumb, 0 bytes, Stack size 0 bytes, rt_memcpy.o(.emb_text), UNUSED)

<P><STRONG><a name="[e]"></a>Reset_Handler</STRONG> (Thumb, 8 bytes, Stack size 0 bytes, startup_stm32f030x8.o(.text))
<BR>[Address Reference Count : 1]<UL><LI> startup_stm32f030x8.o(RESET)
</UL>
<P><STRONG><a name="[f]"></a>NMI_Handler</STRONG> (Thumb, 2 bytes, Stack size 0 bytes, startup_stm32f030x8.o(.text))
<BR><BR>[Calls]<UL><LI><a href="#[f]">&gt;&gt;</a>&nbsp;&nbsp;&nbsp;NMI_Handler
</UL>
<BR>[Called By]<UL><LI><a href="#[f]">&gt;&gt;</a>&nbsp;&nbsp;&nbsp;NMI_Handler
</UL>
<BR>[Address Reference Count : 1]<UL><LI> startup_stm32f030x8.o(RESET)
</UL>
<P><STRONG><a name="[11]"></a>SVC_Handler</STRONG> (Thumb, 2 bytes, Stack size 0 bytes, startup_stm32f030x8.o(.text))
<BR><BR>[Calls]<UL><LI><a href="#[11]">&gt;&gt;</a>&nbsp;&nbsp;&nbsp;SVC_Handler
</UL>
<BR>[Called By]<UL><LI><a href="#[11]">&gt;&gt;</a>&nbsp;&nbsp;&nbsp;SVC_Handler
</UL>
<BR>[Address Reference Count : 1]<UL><LI> startup_stm32f030x8.o(RESET)
</UL>
<P><STRONG><a name="[12]"></a>PendSV_Handler</STRONG> (Thumb, 2 bytes, Stack size 0 bytes, startup_stm32f030x8.o(.text))
<BR><BR>[Calls]<UL><LI><a href="#[12]">&gt;&gt;</a>&nbsp;&nbsp;&nbsp;PendSV_Handler
</UL>
<BR>[Called By]<UL><LI><a href="#[12]">&gt;&gt;</a>&nbsp;&nbsp;&nbsp;PendSV_Handler
</UL>
<BR>[Address Reference Count : 1]<UL><LI> startup_stm32f030x8.o(RESET)
</UL>
<P><STRONG><a name="[13]"></a>SysTick_Handler</STRONG> (Thumb, 2 bytes, Stack size 0 bytes, startup_stm32f030x8.o(.text))
<BR><BR>[Calls]<UL><LI><a href="#[13]">&gt;&gt;</a>&nbsp;&nbsp;&nbsp;SysTick_Handler
</UL>
<BR>[Called By]<UL><LI><a href="#[13]">&gt;&gt;</a>&nbsp;&nbsp;&nbsp;SysTick_Handler
</UL>
<BR>[Address Reference Count : 1]<UL><LI> startup_stm32f030x8.o(RESET)
</UL>
<P><STRONG><a name="[1c]"></a>DMA1_Channel2_3_IRQHandler</STRONG> (Thumb, 0 bytes, Stack size 0 bytes, startup_stm32f030x8.o(.text))
<BR><BR>[Calls]<UL><LI><a href="#[1c]">&gt;&gt;</a>&nbsp;&nbsp;&nbsp;DMA1_Channel2_3_IRQHandler
</UL>
<BR>[Called By]<UL><LI><a href="#[1c]">&gt;&gt;</a>&nbsp;&nbsp;&nbsp;DMA1_Channel2_3_IRQHandler
</UL>
<BR>[Address Reference Count : 1]<UL><LI> startup_stm32f030x8.o(RESET)
</UL>
<P><STRONG><a name="[1d]"></a>DMA1_Channel4_5_IRQHandler</STRONG> (Thumb, 0 bytes, Stack size 0 bytes, startup_stm32f030x8.o(.text))
<BR>[Address Reference Count : 1]<UL><LI> startup_stm32f030x8.o(RESET)
</UL>
<P><STRONG><a name="[18]"></a>EXTI0_1_IRQHandler</STRONG> (Thumb, 0 bytes, Stack size 0 bytes, startup_stm32f030x8.o(.text))
<BR>[Address Reference Count : 1]<UL><LI> startup_stm32f030x8.o(RESET)
</UL>
<P><STRONG><a name="[19]"></a>EXTI2_3_IRQHandler</STRONG> (Thumb, 0 bytes, Stack size 0 bytes, startup_stm32f030x8.o(.text))
<BR>[Address Reference Count : 1]<UL><LI> startup_stm32f030x8.o(RESET)
</UL>
<P><STRONG><a name="[16]"></a>FLASH_IRQHandler</STRONG> (Thumb, 0 bytes, Stack size 0 bytes, startup_stm32f030x8.o(.text))
<BR>[Address Reference Count : 1]<UL><LI> startup_stm32f030x8.o(RESET)
</UL>
<P><STRONG><a name="[27]"></a>I2C1_IRQHandler</STRONG> (Thumb, 0 bytes, Stack size 0 bytes, startup_stm32f030x8.o(.text))
<BR>[Address Reference Count : 1]<UL><LI> startup_stm32f030x8.o(RESET)
</UL>
<P><STRONG><a name="[28]"></a>I2C2_IRQHandler</STRONG> (Thumb, 0 bytes, Stack size 0 bytes, startup_stm32f030x8.o(.text))
<BR>[Address Reference Count : 1]<UL><LI> startup_stm32f030x8.o(RESET)
</UL>
<P><STRONG><a name="[17]"></a>RCC_IRQHandler</STRONG> (Thumb, 0 bytes, Stack size 0 bytes, startup_stm32f030x8.o(.text))
<BR>[Address Reference Count : 1]<UL><LI> startup_stm32f030x8.o(RESET)
</UL>
<P><STRONG><a name="[15]"></a>RTC_IRQHandler</STRONG> (Thumb, 0 bytes, Stack size 0 bytes, startup_stm32f030x8.o(.text))
<BR>[Address Reference Count : 1]<UL><LI> startup_stm32f030x8.o(RESET)
</UL>
<P><STRONG><a name="[29]"></a>SPI1_IRQHandler</STRONG> (Thumb, 0 bytes, Stack size 0 bytes, startup_stm32f030x8.o(.text))
<BR>[Address Reference Count : 1]<UL><LI> startup_stm32f030x8.o(RESET)
</UL>
<P><STRONG><a name="[2a]"></a>SPI2_IRQHandler</STRONG> (Thumb, 0 bytes, Stack size 0 bytes, startup_stm32f030x8.o(.text))
<BR>[Address Reference Count : 1]<UL><LI> startup_stm32f030x8.o(RESET)
</UL>
<P><STRONG><a name="[1f]"></a>TIM1_BRK_UP_TRG_COM_IRQHandler</STRONG> (Thumb, 0 bytes, Stack size 0 bytes, startup_stm32f030x8.o(.text))
<BR>[Address Reference Count : 1]<UL><LI> startup_stm32f030x8.o(RESET)
</UL>
<P><STRONG><a name="[20]"></a>TIM1_CC_IRQHandler</STRONG> (Thumb, 0 bytes, Stack size 0 bytes, startup_stm32f030x8.o(.text))
<BR>[Address Reference Count : 1]<UL><LI> startup_stm32f030x8.o(RESET)
</UL>
<P><STRONG><a name="[2b]"></a>USART1_IRQHandler</STRONG> (Thumb, 0 bytes, Stack size 0 bytes, startup_stm32f030x8.o(.text))
<BR>[Address Reference Count : 1]<UL><LI> startup_stm32f030x8.o(RESET)
</UL>
<P><STRONG><a name="[2c]"></a>USART2_IRQHandler</STRONG> (Thumb, 0 bytes, Stack size 0 bytes, startup_stm32f030x8.o(.text))
<BR>[Address Reference Count : 1]<UL><LI> startup_stm32f030x8.o(RESET)
</UL>
<P><STRONG><a name="[14]"></a>WWDG_IRQHandler</STRONG> (Thumb, 0 bytes, Stack size 0 bytes, startup_stm32f030x8.o(.text))
<BR>[Address Reference Count : 1]<UL><LI> startup_stm32f030x8.o(RESET)
</UL>
<P><STRONG><a name="[5d]"></a>__user_initial_stackheap</STRONG> (Thumb, 0 bytes, Stack size unknown bytes, startup_stm32f030x8.o(.text))
<BR><BR>[Called By]<UL><LI><a href="#[39]">&gt;&gt;</a>&nbsp;&nbsp;&nbsp;__user_setup_stackheap
</UL>

<P><STRONG><a name="[43]"></a>__2sprintf</STRONG> (Thumb, 36 bytes, Stack size 32 bytes, noretval__2sprintf.o(.text))
<BR><BR>[Stack]<UL><LI>Max Depth = 128 + Unknown Stack Size
<LI>Call Chain = __2sprintf &rArr; _printf_char_common &rArr; __printf
</UL>
<BR>[Calls]<UL><LI><a href="#[2f]">&gt;&gt;</a>&nbsp;&nbsp;&nbsp;_sputc
<LI><a href="#[44]">&gt;&gt;</a>&nbsp;&nbsp;&nbsp;_printf_char_common
</UL>
<BR>[Called By]<UL><LI><a href="#[22]">&gt;&gt;</a>&nbsp;&nbsp;&nbsp;TIM6_IRQHandler
<LI><a href="#[23]">&gt;&gt;</a>&nbsp;&nbsp;&nbsp;TIM14_IRQHandler
<LI><a href="#[82]">&gt;&gt;</a>&nbsp;&nbsp;&nbsp;RTC_GetTime
<LI><a href="#[80]">&gt;&gt;</a>&nbsp;&nbsp;&nbsp;RTC_GetDate
</UL>

<P><STRONG><a name="[5a]"></a>_printf_pre_padding</STRONG> (Thumb, 44 bytes, Stack size 16 bytes, _printf_pad.o(.text))
<BR><BR>[Stack]<UL><LI>Max Depth = 16<LI>Call Chain = _printf_pre_padding
</UL>
<BR>[Called By]<UL><LI><a href="#[48]">&gt;&gt;</a>&nbsp;&nbsp;&nbsp;_printf_int_common
</UL>

<P><STRONG><a name="[5b]"></a>_printf_post_padding</STRONG> (Thumb, 34 bytes, Stack size 16 bytes, _printf_pad.o(.text))
<BR><BR>[Stack]<UL><LI>Max Depth = 16<LI>Call Chain = _printf_post_padding
</UL>
<BR>[Called By]<UL><LI><a href="#[48]">&gt;&gt;</a>&nbsp;&nbsp;&nbsp;_printf_int_common
</UL>

<P><STRONG><a name="[37]"></a>_printf_int_dec</STRONG> (Thumb, 90 bytes, Stack size 32 bytes, _printf_dec.o(.text))
<BR><BR>[Stack]<UL><LI>Max Depth = 88<LI>Call Chain = _printf_int_dec &rArr; _printf_int_common &rArr; _printf_post_padding
</UL>
<BR>[Calls]<UL><LI><a href="#[47]">&gt;&gt;</a>&nbsp;&nbsp;&nbsp;__rt_udiv10
<LI><a href="#[48]">&gt;&gt;</a>&nbsp;&nbsp;&nbsp;_printf_int_common
<LI><a href="#[46]">&gt;&gt;</a>&nbsp;&nbsp;&nbsp;_printf_truncate_unsigned (Weak Reference)
<LI><a href="#[45]">&gt;&gt;</a>&nbsp;&nbsp;&nbsp;_printf_truncate_signed (Weak Reference)
</UL>
<BR>[Called By]<UL><LI><a href="#[35]">&gt;&gt;</a>&nbsp;&nbsp;&nbsp;_printf_d
</UL>

<P><STRONG><a name="[49]"></a>__printf</STRONG> (Thumb, 270 bytes, Stack size 32 bytes, __printf_wp.o(.text))
<BR><BR>[Stack]<UL><LI>Max Depth = 32 + Unknown Stack Size
<LI>Call Chain = __printf
</UL>
<BR>[Calls]<UL><LI><a href="#[4b]">&gt;&gt;</a>&nbsp;&nbsp;&nbsp;_printf_percent
<LI><a href="#[4a]">&gt;&gt;</a>&nbsp;&nbsp;&nbsp;_is_digit
</UL>
<BR>[Called By]<UL><LI><a href="#[44]">&gt;&gt;</a>&nbsp;&nbsp;&nbsp;_printf_char_common
</UL>

<P><STRONG><a name="[81]"></a>strcpy</STRONG> (Thumb, 70 bytes, Stack size 16 bytes, strcpy.o(.text))
<BR><BR>[Stack]<UL><LI>Max Depth = 16<LI>Call Chain = strcpy
</UL>
<BR>[Called By]<UL><LI><a href="#[23]">&gt;&gt;</a>&nbsp;&nbsp;&nbsp;TIM14_IRQHandler
<LI><a href="#[7f]">&gt;&gt;</a>&nbsp;&nbsp;&nbsp;MessRecToArch
<LI><a href="#[80]">&gt;&gt;</a>&nbsp;&nbsp;&nbsp;RTC_GetDate
</UL>

<P><STRONG><a name="[7b]"></a>strlen</STRONG> (Thumb, 62 bytes, Stack size 12 bytes, strlen.o(.text))
<BR><BR>[Stack]<UL><LI>Max Depth = 12<LI>Call Chain = strlen
</UL>
<BR>[Called By]<UL><LI><a href="#[c1]">&gt;&gt;</a>&nbsp;&nbsp;&nbsp;send_PLA_CRC
<LI><a href="#[af]">&gt;&gt;</a>&nbsp;&nbsp;&nbsp;get_pla
<LI><a href="#[79]">&gt;&gt;</a>&nbsp;&nbsp;&nbsp;Menu_Item_Select
<LI><a href="#[7a]">&gt;&gt;</a>&nbsp;&nbsp;&nbsp;Menu_Draw
<LI><a href="#[22]">&gt;&gt;</a>&nbsp;&nbsp;&nbsp;TIM6_IRQHandler
<LI><a href="#[23]">&gt;&gt;</a>&nbsp;&nbsp;&nbsp;TIM14_IRQHandler
<LI><a href="#[87]">&gt;&gt;</a>&nbsp;&nbsp;&nbsp;Message_Menu_Navigation
<LI><a href="#[7e]">&gt;&gt;</a>&nbsp;&nbsp;&nbsp;Menu_Up
<LI><a href="#[77]">&gt;&gt;</a>&nbsp;&nbsp;&nbsp;Menu_Down
<LI><a href="#[88]">&gt;&gt;</a>&nbsp;&nbsp;&nbsp;Message_Read
<LI><a href="#[86]">&gt;&gt;</a>&nbsp;&nbsp;&nbsp;Message_Menu_Item_Unselect
<LI><a href="#[85]">&gt;&gt;</a>&nbsp;&nbsp;&nbsp;Message_Menu_Item_Select
<LI><a href="#[84]">&gt;&gt;</a>&nbsp;&nbsp;&nbsp;Mess_Menu_Draw
<LI><a href="#[7f]">&gt;&gt;</a>&nbsp;&nbsp;&nbsp;MessRecToArch
<LI><a href="#[78]">&gt;&gt;</a>&nbsp;&nbsp;&nbsp;Menu_Item_Unselect
</UL>

<P><STRONG><a name="[83]"></a>strcat</STRONG> (Thumb, 24 bytes, Stack size 0 bytes, strcat.o(.text))
<BR><BR>[Called By]<UL><LI><a href="#[7f]">&gt;&gt;</a>&nbsp;&nbsp;&nbsp;MessRecToArch
<LI><a href="#[82]">&gt;&gt;</a>&nbsp;&nbsp;&nbsp;RTC_GetTime
<LI><a href="#[80]">&gt;&gt;</a>&nbsp;&nbsp;&nbsp;RTC_GetDate
</UL>

<P><STRONG><a name="[4c]"></a>__aeabi_memcpy</STRONG> (Thumb, 130 bytes, Stack size 24 bytes, rt_memcpy.o(.text))
<BR><BR>[Stack]<UL><LI>Max Depth = 24<LI>Call Chain = __aeabi_memcpy
</UL>
<BR>[Calls]<UL><LI><a href="#[4d]">&gt;&gt;</a>&nbsp;&nbsp;&nbsp;__aeabi_memcpy4
</UL>
<BR>[Called By]<UL><LI><a href="#[af]">&gt;&gt;</a>&nbsp;&nbsp;&nbsp;get_pla
<LI><a href="#[ac]">&gt;&gt;</a>&nbsp;&nbsp;&nbsp;data_write
</UL>

<P><STRONG><a name="[e9]"></a>__rt_memcpy</STRONG> (Thumb, 0 bytes, Stack size 24 bytes, rt_memcpy.o(.text), UNUSED)

<P><STRONG><a name="[4f]"></a>_memset_w</STRONG> (Thumb, 26 bytes, Stack size 0 bytes, rt_memclr.o(.text), UNUSED)
<BR><BR>[Called By]<UL><LI><a href="#[51]">&gt;&gt;</a>&nbsp;&nbsp;&nbsp;__rt_memclr_w
<LI><a href="#[4e]">&gt;&gt;</a>&nbsp;&nbsp;&nbsp;_memset
</UL>

<P><STRONG><a name="[4e]"></a>_memset</STRONG> (Thumb, 30 bytes, Stack size 0 bytes, rt_memclr.o(.text), UNUSED)
<BR><BR>[Calls]<UL><LI><a href="#[4f]">&gt;&gt;</a>&nbsp;&nbsp;&nbsp;_memset_w
</UL>
<BR>[Called By]<UL><LI><a href="#[50]">&gt;&gt;</a>&nbsp;&nbsp;&nbsp;__aeabi_memclr
</UL>

<P><STRONG><a name="[50]"></a>__aeabi_memclr</STRONG> (Thumb, 4 bytes, Stack size 0 bytes, rt_memclr.o(.text), UNUSED)
<BR><BR>[Calls]<UL><LI><a href="#[4e]">&gt;&gt;</a>&nbsp;&nbsp;&nbsp;_memset
</UL>

<P><STRONG><a name="[ea]"></a>__rt_memclr</STRONG> (Thumb, 0 bytes, Stack size 0 bytes, rt_memclr.o(.text), UNUSED)

<P><STRONG><a name="[72]"></a>__aeabi_memclr4</STRONG> (Thumb, 0 bytes, Stack size 0 bytes, rt_memclr.o(.text))
<BR><BR>[Called By]<UL><LI><a href="#[74]">&gt;&gt;</a>&nbsp;&nbsp;&nbsp;FLASH_WriteStr
<LI><a href="#[8d]">&gt;&gt;</a>&nbsp;&nbsp;&nbsp;ShowSignal
<LI><a href="#[7f]">&gt;&gt;</a>&nbsp;&nbsp;&nbsp;MessRecToArch
<LI><a href="#[71]">&gt;&gt;</a>&nbsp;&nbsp;&nbsp;FLASH_WriteByte
</UL>

<P><STRONG><a name="[eb]"></a>__aeabi_memclr8</STRONG> (Thumb, 0 bytes, Stack size 0 bytes, rt_memclr.o(.text), UNUSED)

<P><STRONG><a name="[51]"></a>__rt_memclr_w</STRONG> (Thumb, 4 bytes, Stack size 0 bytes, rt_memclr.o(.text), UNUSED)
<BR><BR>[Calls]<UL><LI><a href="#[4f]">&gt;&gt;</a>&nbsp;&nbsp;&nbsp;_memset_w
</UL>

<P><STRONG><a name="[ec]"></a>__aeabi_uidiv</STRONG> (Thumb, 0 bytes, Stack size 0 bytes, aeabi_sdiv.o(.text), UNUSED)

<P><STRONG><a name="[89]"></a>__aeabi_uidivmod</STRONG> (Thumb, 20 bytes, Stack size 0 bytes, aeabi_sdiv.o(.text))
<BR><BR>[Called By]<UL><LI><a href="#[65]">&gt;&gt;</a>&nbsp;&nbsp;&nbsp;play_note
<LI><a href="#[9e]">&gt;&gt;</a>&nbsp;&nbsp;&nbsp;TIM6_Init
<LI><a href="#[9c]">&gt;&gt;</a>&nbsp;&nbsp;&nbsp;TIM3_Init
<LI><a href="#[9b]">&gt;&gt;</a>&nbsp;&nbsp;&nbsp;TIM17_Init
<LI><a href="#[9a]">&gt;&gt;</a>&nbsp;&nbsp;&nbsp;TIM16_Init
<LI><a href="#[99]">&gt;&gt;</a>&nbsp;&nbsp;&nbsp;TIM15_Init
<LI><a href="#[96]">&gt;&gt;</a>&nbsp;&nbsp;&nbsp;TIM14_Init
<LI><a href="#[88]">&gt;&gt;</a>&nbsp;&nbsp;&nbsp;Message_Read
</UL>

<P><STRONG><a name="[ed]"></a>__aeabi_idiv</STRONG> (Thumb, 0 bytes, Stack size 8 bytes, aeabi_sdiv.o(.text), UNUSED)

<P><STRONG><a name="[6c]"></a>__aeabi_idivmod</STRONG> (Thumb, 326 bytes, Stack size 8 bytes, aeabi_sdiv.o(.text))
<BR><BR>[Stack]<UL><LI>Max Depth = 8<LI>Call Chain = __aeabi_idivmod
</UL>
<BR>[Called By]<UL><LI><a href="#[79]">&gt;&gt;</a>&nbsp;&nbsp;&nbsp;Menu_Item_Select
<LI><a href="#[7a]">&gt;&gt;</a>&nbsp;&nbsp;&nbsp;Menu_Draw
<LI><a href="#[22]">&gt;&gt;</a>&nbsp;&nbsp;&nbsp;TIM6_IRQHandler
<LI><a href="#[9d]">&gt;&gt;</a>&nbsp;&nbsp;&nbsp;Year_Plus
<LI><a href="#[6d]">&gt;&gt;</a>&nbsp;&nbsp;&nbsp;WeekDay_Calc
<LI><a href="#[8b]">&gt;&gt;</a>&nbsp;&nbsp;&nbsp;Month_Plus
<LI><a href="#[8a]">&gt;&gt;</a>&nbsp;&nbsp;&nbsp;Min_Plus
<LI><a href="#[87]">&gt;&gt;</a>&nbsp;&nbsp;&nbsp;Message_Menu_Navigation
<LI><a href="#[7e]">&gt;&gt;</a>&nbsp;&nbsp;&nbsp;Menu_Up
<LI><a href="#[77]">&gt;&gt;</a>&nbsp;&nbsp;&nbsp;Menu_Down
<LI><a href="#[76]">&gt;&gt;</a>&nbsp;&nbsp;&nbsp;Hour_Plus
<LI><a href="#[6b]">&gt;&gt;</a>&nbsp;&nbsp;&nbsp;Day_Plus
<LI><a href="#[82]">&gt;&gt;</a>&nbsp;&nbsp;&nbsp;RTC_GetTime
<LI><a href="#[80]">&gt;&gt;</a>&nbsp;&nbsp;&nbsp;RTC_GetDate
</UL>

<P><STRONG><a name="[ee]"></a>__use_two_region_memory</STRONG> (Thumb, 2 bytes, Stack size 0 bytes, heapauxi.o(.text), UNUSED)

<P><STRONG><a name="[5]"></a>__rt_heap_escrow</STRONG> (Thumb, 2 bytes, Stack size 0 bytes, heapauxi.o(.text), UNUSED)

<P><STRONG><a name="[4]"></a>__rt_heap_expand</STRONG> (Thumb, 2 bytes, Stack size 0 bytes, heapauxi.o(.text), UNUSED)

<P><STRONG><a name="[ef]"></a>__aeabi_dadd</STRONG> (Thumb, 0 bytes, Stack size 8 bytes, daddsub.o(.text), UNUSED)

<P><STRONG><a name="[52]"></a>_dadd</STRONG> (Thumb, 26 bytes, Stack size 8 bytes, daddsub.o(.text), UNUSED)
<BR><BR>[Calls]<UL><LI><a href="#[53]">&gt;&gt;</a>&nbsp;&nbsp;&nbsp;_dsub1
<LI><a href="#[54]">&gt;&gt;</a>&nbsp;&nbsp;&nbsp;_dadd1
</UL>

<P><STRONG><a name="[a0]"></a>__aeabi_dsub</STRONG> (Thumb, 0 bytes, Stack size 8 bytes, daddsub.o(.text))
<BR><BR>[Stack]<UL><LI>Max Depth = 8<LI>Call Chain = __aeabi_dsub
</UL>
<BR>[Called By]<UL><LI><a href="#[6d]">&gt;&gt;</a>&nbsp;&nbsp;&nbsp;WeekDay_Calc
</UL>

<P><STRONG><a name="[55]"></a>_dsub</STRONG> (Thumb, 22 bytes, Stack size 8 bytes, daddsub.o(.text), UNUSED)
<BR><BR>[Calls]<UL><LI><a href="#[53]">&gt;&gt;</a>&nbsp;&nbsp;&nbsp;_dsub1
<LI><a href="#[54]">&gt;&gt;</a>&nbsp;&nbsp;&nbsp;_dadd1
</UL>

<P><STRONG><a name="[f0]"></a>__aeabi_drsub</STRONG> (Thumb, 0 bytes, Stack size 16 bytes, daddsub.o(.text), UNUSED)

<P><STRONG><a name="[56]"></a>_drsb</STRONG> (Thumb, 28 bytes, Stack size 16 bytes, daddsub.o(.text), UNUSED)
<BR><BR>[Calls]<UL><LI><a href="#[53]">&gt;&gt;</a>&nbsp;&nbsp;&nbsp;_dsub1
<LI><a href="#[54]">&gt;&gt;</a>&nbsp;&nbsp;&nbsp;_dadd1
</UL>

<P><STRONG><a name="[a1]"></a>__aeabi_d2uiz</STRONG> (Thumb, 0 bytes, Stack size 8 bytes, dfixui.o(.text))
<BR><BR>[Stack]<UL><LI>Max Depth = 8<LI>Call Chain = __aeabi_d2uiz
</UL>
<BR>[Called By]<UL><LI><a href="#[6d]">&gt;&gt;</a>&nbsp;&nbsp;&nbsp;WeekDay_Calc
</UL>

<P><STRONG><a name="[f1]"></a>_dfixu</STRONG> (Thumb, 68 bytes, Stack size 8 bytes, dfixui.o(.text), UNUSED)

<P><STRONG><a name="[58]"></a>__aeabi_i2d_normalise</STRONG> (Thumb, 66 bytes, Stack size 0 bytes, dflti.o(.text))
<BR><BR>[Called By]<UL><LI><a href="#[59]">&gt;&gt;</a>&nbsp;&nbsp;&nbsp;__aeabi_ui2d
<LI><a href="#[57]">&gt;&gt;</a>&nbsp;&nbsp;&nbsp;__aeabi_i2d
</UL>

<P><STRONG><a name="[57]"></a>__aeabi_i2d</STRONG> (Thumb, 16 bytes, Stack size 0 bytes, dflti.o(.text), UNUSED)
<BR><BR>[Calls]<UL><LI><a href="#[58]">&gt;&gt;</a>&nbsp;&nbsp;&nbsp;__aeabi_i2d_normalise
</UL>

<P><STRONG><a name="[f2]"></a>_dflt</STRONG> (Thumb, 0 bytes, Stack size 0 bytes, dflti.o(.text), UNUSED)

<P><STRONG><a name="[59]"></a>__aeabi_ui2d</STRONG> (Thumb, 6 bytes, Stack size 0 bytes, dflti.o(.text))
<BR><BR>[Calls]<UL><LI><a href="#[58]">&gt;&gt;</a>&nbsp;&nbsp;&nbsp;__aeabi_i2d_normalise
</UL>
<BR>[Called By]<UL><LI><a href="#[6d]">&gt;&gt;</a>&nbsp;&nbsp;&nbsp;WeekDay_Calc
</UL>

<P><STRONG><a name="[f3]"></a>_dfltu</STRONG> (Thumb, 0 bytes, Stack size 0 bytes, dflti.o(.text), UNUSED)

<P><STRONG><a name="[9f]"></a>__aeabi_dmul</STRONG> (Thumb, 0 bytes, Stack size 56 bytes, dmul.o(.text))
<BR><BR>[Stack]<UL><LI>Max Depth = 56<LI>Call Chain = __aeabi_dmul
</UL>
<BR>[Called By]<UL><LI><a href="#[6d]">&gt;&gt;</a>&nbsp;&nbsp;&nbsp;WeekDay_Calc
</UL>

<P><STRONG><a name="[f4]"></a>_dmul</STRONG> (Thumb, 558 bytes, Stack size 56 bytes, dmul.o(.text), UNUSED)

<P><STRONG><a name="[48]"></a>_printf_int_common</STRONG> (Thumb, 176 bytes, Stack size 40 bytes, _printf_intcommon.o(.text))
<BR><BR>[Stack]<UL><LI>Max Depth = 56<LI>Call Chain = _printf_int_common &rArr; _printf_post_padding
</UL>
<BR>[Calls]<UL><LI><a href="#[5b]">&gt;&gt;</a>&nbsp;&nbsp;&nbsp;_printf_post_padding
<LI><a href="#[5a]">&gt;&gt;</a>&nbsp;&nbsp;&nbsp;_printf_pre_padding
</UL>
<BR>[Called By]<UL><LI><a href="#[37]">&gt;&gt;</a>&nbsp;&nbsp;&nbsp;_printf_int_dec
</UL>

<P><STRONG><a name="[44]"></a>_printf_char_common</STRONG> (Thumb, 32 bytes, Stack size 64 bytes, _printf_char_common.o(.text))
<BR><BR>[Stack]<UL><LI>Max Depth = 96 + Unknown Stack Size
<LI>Call Chain = _printf_char_common &rArr; __printf
</UL>
<BR>[Calls]<UL><LI><a href="#[49]">&gt;&gt;</a>&nbsp;&nbsp;&nbsp;__printf
</UL>
<BR>[Called By]<UL><LI><a href="#[43]">&gt;&gt;</a>&nbsp;&nbsp;&nbsp;__2sprintf
</UL>

<P><STRONG><a name="[2f]"></a>_sputc</STRONG> (Thumb, 10 bytes, Stack size 0 bytes, _sputc.o(.text))
<BR><BR>[Called By]<UL><LI><a href="#[43]">&gt;&gt;</a>&nbsp;&nbsp;&nbsp;__2sprintf
</UL>
<BR>[Address Reference Count : 1]<UL><LI> noretval__2sprintf.o(.text)
</UL>
<P><STRONG><a name="[47]"></a>__rt_udiv10</STRONG> (Thumb, 40 bytes, Stack size 0 bytes, rtudiv10.o(.text))
<BR><BR>[Called By]<UL><LI><a href="#[37]">&gt;&gt;</a>&nbsp;&nbsp;&nbsp;_printf_int_dec
</UL>

<P><STRONG><a name="[f5]"></a>__user_libspace</STRONG> (Thumb, 8 bytes, Stack size 0 bytes, libspace.o(.text), UNUSED)

<P><STRONG><a name="[5c]"></a>__user_perproc_libspace</STRONG> (Thumb, 0 bytes, Stack size 0 bytes, libspace.o(.text))
<BR><BR>[Called By]<UL><LI><a href="#[39]">&gt;&gt;</a>&nbsp;&nbsp;&nbsp;__user_setup_stackheap
</UL>

<P><STRONG><a name="[f6]"></a>__user_perthread_libspace</STRONG> (Thumb, 0 bytes, Stack size 0 bytes, libspace.o(.text), UNUSED)

<P><STRONG><a name="[f7]"></a>__I$use$semihosting</STRONG> (Thumb, 0 bytes, Stack size 0 bytes, use_no_semi.o(.text), UNUSED)

<P><STRONG><a name="[f8]"></a>__use_no_semihosting_swi</STRONG> (Thumb, 2 bytes, Stack size 0 bytes, use_no_semi.o(.text), UNUSED)

<P><STRONG><a name="[f9]"></a>__semihosting_library_function</STRONG> (Thumb, 0 bytes, Stack size 8 bytes, indicate_semi.o(.text), UNUSED)

<P><STRONG><a name="[39]"></a>__user_setup_stackheap</STRONG> (Thumb, 62 bytes, Stack size 8 bytes, sys_stackheap_outer.o(.text))
<BR><BR>[Stack]<UL><LI>Max Depth = 8 + Unknown Stack Size
<LI>Call Chain = __user_setup_stackheap
</UL>
<BR>[Calls]<UL><LI><a href="#[5d]">&gt;&gt;</a>&nbsp;&nbsp;&nbsp;__user_initial_stackheap
<LI><a href="#[5c]">&gt;&gt;</a>&nbsp;&nbsp;&nbsp;__user_perproc_libspace
</UL>
<BR>[Called By]<UL><LI><a href="#[38]">&gt;&gt;</a>&nbsp;&nbsp;&nbsp;__rt_entry_sh
</UL>

<P><STRONG><a name="[3e]"></a>exit</STRONG> (Thumb, 16 bytes, Stack size 8 bytes, exit.o(.text))
<BR><BR>[Stack]<UL><LI>Max Depth = 8 + Unknown Stack Size
<LI>Call Chain = exit
</UL>
<BR>[Calls]<UL><LI><a href="#[5f]">&gt;&gt;</a>&nbsp;&nbsp;&nbsp;__rt_exit
<LI><a href="#[5e]">&gt;&gt;</a>&nbsp;&nbsp;&nbsp;_call_atexit_fns (Weak Reference)
</UL>
<BR>[Called By]<UL><LI><a href="#[3c]">&gt;&gt;</a>&nbsp;&nbsp;&nbsp;__rt_entry_main
</UL>

<P><STRONG><a name="[42]"></a>_sys_exit</STRONG> (Thumb, 8 bytes, Stack size 0 bytes, sys_exit.o(.text))
<BR><BR>[Called By]<UL><LI><a href="#[41]">&gt;&gt;</a>&nbsp;&nbsp;&nbsp;__rt_exit_exit
</UL>

<P><STRONG><a name="[fa]"></a>__decompress</STRONG> (Thumb, 0 bytes, Stack size unknown bytes, __dczerorl2.o(.text), UNUSED)

<P><STRONG><a name="[fb]"></a>__decompress1</STRONG> (Thumb, 86 bytes, Stack size unknown bytes, __dczerorl2.o(.text), UNUSED)

<P><STRONG><a name="[1e]"></a>ADC1_IRQHandler</STRONG> (Thumb, 464 bytes, Stack size 0 bytes, adc.o(i.ADC1_IRQHandler))
<BR>[Address Reference Count : 1]<UL><LI> startup_stm32f030x8.o(RESET)
</UL>
<P><STRONG><a name="[60]"></a>ADC_Init</STRONG> (Thumb, 184 bytes, Stack size 8 bytes, adc.o(i.ADC_Init))
<BR><BR>[Stack]<UL><LI>Max Depth = 16<LI>Call Chain = ADC_Init &rArr; __NVIC_SetPriority
</UL>
<BR>[Calls]<UL><LI><a href="#[61]">&gt;&gt;</a>&nbsp;&nbsp;&nbsp;__NVIC_SetPriority
</UL>
<BR>[Called By]<UL><LI><a href="#[3d]">&gt;&gt;</a>&nbsp;&nbsp;&nbsp;main
</UL>

<P><STRONG><a name="[62]"></a>ALERT_ForClick</STRONG> (Thumb, 80 bytes, Stack size 8 bytes, alerts.o(i.ALERT_ForClick))
<BR><BR>[Stack]<UL><LI>Max Depth = 32<LI>Call Chain = ALERT_ForClick &rArr; play_note
</UL>
<BR>[Calls]<UL><LI><a href="#[65]">&gt;&gt;</a>&nbsp;&nbsp;&nbsp;play_note
<LI><a href="#[63]">&gt;&gt;</a>&nbsp;&nbsp;&nbsp;FLASH_ReadByte
<LI><a href="#[64]">&gt;&gt;</a>&nbsp;&nbsp;&nbsp;delay
</UL>
<BR>[Called By]<UL><LI><a href="#[22]">&gt;&gt;</a>&nbsp;&nbsp;&nbsp;TIM6_IRQHandler
</UL>

<P><STRONG><a name="[66]"></a>ALERT_ForMessage</STRONG> (Thumb, 122 bytes, Stack size 8 bytes, alerts.o(i.ALERT_ForMessage))
<BR><BR>[Stack]<UL><LI>Max Depth = 40<LI>Call Chain = ALERT_ForMessage &rArr; Ot_ulybki &rArr; play_note
</UL>
<BR>[Calls]<UL><LI><a href="#[67]">&gt;&gt;</a>&nbsp;&nbsp;&nbsp;Ot_ulybki
<LI><a href="#[63]">&gt;&gt;</a>&nbsp;&nbsp;&nbsp;FLASH_ReadByte
<LI><a href="#[64]">&gt;&gt;</a>&nbsp;&nbsp;&nbsp;delay
</UL>
<BR>[Called By]<UL><LI><a href="#[8d]">&gt;&gt;</a>&nbsp;&nbsp;&nbsp;ShowSignal
</UL>

<P><STRONG><a name="[68]"></a>ALERT_ForNotification</STRONG> (Thumb, 128 bytes, Stack size 8 bytes, alerts.o(i.ALERT_ForNotification))
<BR><BR>[Stack]<UL><LI>Max Depth = 32<LI>Call Chain = ALERT_ForNotification &rArr; play_note
</UL>
<BR>[Calls]<UL><LI><a href="#[65]">&gt;&gt;</a>&nbsp;&nbsp;&nbsp;play_note
<LI><a href="#[63]">&gt;&gt;</a>&nbsp;&nbsp;&nbsp;FLASH_ReadByte
<LI><a href="#[64]">&gt;&gt;</a>&nbsp;&nbsp;&nbsp;delay
</UL>
<BR>[Called By]<UL><LI><a href="#[ac]">&gt;&gt;</a>&nbsp;&nbsp;&nbsp;data_write
<LI><a href="#[23]">&gt;&gt;</a>&nbsp;&nbsp;&nbsp;TIM14_IRQHandler
</UL>

<P><STRONG><a name="[69]"></a>ALERT_ForSOS</STRONG> (Thumb, 242 bytes, Stack size 8 bytes, alerts.o(i.ALERT_ForSOS))
<BR><BR>[Stack]<UL><LI>Max Depth = 40<LI>Call Chain = ALERT_ForSOS &rArr; Boomer &rArr; play_note
</UL>
<BR>[Calls]<UL><LI><a href="#[6a]">&gt;&gt;</a>&nbsp;&nbsp;&nbsp;Boomer
<LI><a href="#[64]">&gt;&gt;</a>&nbsp;&nbsp;&nbsp;delay
</UL>
<BR>[Called By]<UL><LI><a href="#[3d]">&gt;&gt;</a>&nbsp;&nbsp;&nbsp;main
</UL>

<P><STRONG><a name="[6a]"></a>Boomer</STRONG> (Thumb, 148 bytes, Stack size 8 bytes, alerts.o(i.Boomer))
<BR><BR>[Stack]<UL><LI>Max Depth = 32<LI>Call Chain = Boomer &rArr; play_note
</UL>
<BR>[Calls]<UL><LI><a href="#[65]">&gt;&gt;</a>&nbsp;&nbsp;&nbsp;play_note
<LI><a href="#[64]">&gt;&gt;</a>&nbsp;&nbsp;&nbsp;delay
</UL>
<BR>[Called By]<UL><LI><a href="#[69]">&gt;&gt;</a>&nbsp;&nbsp;&nbsp;ALERT_ForSOS
</UL>

<P><STRONG><a name="[b8]"></a>Buttons_Init</STRONG> (Thumb, 64 bytes, Stack size 0 bytes, tft-menu.o(i.Buttons_Init))
<BR><BR>[Called By]<UL><LI><a href="#[3d]">&gt;&gt;</a>&nbsp;&nbsp;&nbsp;main
</UL>

<P><STRONG><a name="[b9]"></a>CRC_Init</STRONG> (Thumb, 34 bytes, Stack size 0 bytes, crc.o(i.CRC_Init))
<BR><BR>[Called By]<UL><LI><a href="#[3d]">&gt;&gt;</a>&nbsp;&nbsp;&nbsp;main
</UL>

<P><STRONG><a name="[b0]"></a>CRC_Result</STRONG> (Thumb, 150 bytes, Stack size 8 bytes, crc.o(i.CRC_Result))
<BR><BR>[Stack]<UL><LI>Max Depth = 8<LI>Call Chain = CRC_Result
</UL>
<BR>[Called By]<UL><LI><a href="#[c1]">&gt;&gt;</a>&nbsp;&nbsp;&nbsp;send_PLA_CRC
<LI><a href="#[af]">&gt;&gt;</a>&nbsp;&nbsp;&nbsp;get_pla
</UL>

<P><STRONG><a name="[b2]"></a>Clock_Init</STRONG> (Thumb, 158 bytes, Stack size 0 bytes, rcc.o(i.Clock_Init))
<BR><BR>[Called By]<UL><LI><a href="#[3d]">&gt;&gt;</a>&nbsp;&nbsp;&nbsp;main
</UL>

<P><STRONG><a name="[1b]"></a>DMA1_Channel1_IRQHandler</STRONG> (Thumb, 2 bytes, Stack size 0 bytes, adc.o(i.DMA1_Channel1_IRQHandler))
<BR>[Address Reference Count : 1]<UL><LI> startup_stm32f030x8.o(RESET)
</UL>
<P><STRONG><a name="[6b]"></a>Day_Plus</STRONG> (Thumb, 258 bytes, Stack size 8 bytes, tft-menu.o(i.Day_Plus))
<BR><BR>[Stack]<UL><LI>Max Depth = 120<LI>Call Chain = Day_Plus &rArr; WeekDay_Calc &rArr; __aeabi_dmul
</UL>
<BR>[Calls]<UL><LI><a href="#[6d]">&gt;&gt;</a>&nbsp;&nbsp;&nbsp;WeekDay_Calc
<LI><a href="#[6c]">&gt;&gt;</a>&nbsp;&nbsp;&nbsp;__aeabi_idivmod
</UL>
<BR>[Called By]<UL><LI><a href="#[22]">&gt;&gt;</a>&nbsp;&nbsp;&nbsp;TIM6_IRQHandler
</UL>

<P><STRONG><a name="[1a]"></a>EXTI4_15_IRQHandler</STRONG> (Thumb, 16 bytes, Stack size 0 bytes, exti.o(i.EXTI4_15_IRQHandler))
<BR>[Address Reference Count : 1]<UL><LI> startup_stm32f030x8.o(RESET)
</UL>
<P><STRONG><a name="[6e]"></a>FLASH_PageErase</STRONG> (Thumb, 98 bytes, Stack size 8 bytes, flash.o(i.FLASH_PageErase))
<BR><BR>[Stack]<UL><LI>Max Depth = 8<LI>Call Chain = FLASH_PageErase
</UL>
<BR>[Calls]<UL><LI><a href="#[6f]">&gt;&gt;</a>&nbsp;&nbsp;&nbsp;FLASH_Unlock
<LI><a href="#[70]">&gt;&gt;</a>&nbsp;&nbsp;&nbsp;FLASH_Lock
</UL>
<BR>[Called By]<UL><LI><a href="#[75]">&gt;&gt;</a>&nbsp;&nbsp;&nbsp;FLASH_WriteStr_PLA
<LI><a href="#[74]">&gt;&gt;</a>&nbsp;&nbsp;&nbsp;FLASH_WriteStr
<LI><a href="#[7f]">&gt;&gt;</a>&nbsp;&nbsp;&nbsp;MessRecToArch
<LI><a href="#[71]">&gt;&gt;</a>&nbsp;&nbsp;&nbsp;FLASH_WriteByte
</UL>

<P><STRONG><a name="[63]"></a>FLASH_ReadByte</STRONG> (Thumb, 6 bytes, Stack size 0 bytes, flash.o(i.FLASH_ReadByte))
<BR><BR>[Called By]<UL><LI><a href="#[bd]">&gt;&gt;</a>&nbsp;&nbsp;&nbsp;prg_off
<LI><a href="#[68]">&gt;&gt;</a>&nbsp;&nbsp;&nbsp;ALERT_ForNotification
<LI><a href="#[66]">&gt;&gt;</a>&nbsp;&nbsp;&nbsp;ALERT_ForMessage
<LI><a href="#[62]">&gt;&gt;</a>&nbsp;&nbsp;&nbsp;ALERT_ForClick
<LI><a href="#[3d]">&gt;&gt;</a>&nbsp;&nbsp;&nbsp;main
<LI><a href="#[8d]">&gt;&gt;</a>&nbsp;&nbsp;&nbsp;ShowSignal
<LI><a href="#[87]">&gt;&gt;</a>&nbsp;&nbsp;&nbsp;Message_Menu_Navigation
<LI><a href="#[7f]">&gt;&gt;</a>&nbsp;&nbsp;&nbsp;MessRecToArch
</UL>

<P><STRONG><a name="[73]"></a>FLASH_ReadStr</STRONG> (Thumb, 22 bytes, Stack size 8 bytes, flash.o(i.FLASH_ReadStr))
<BR><BR>[Stack]<UL><LI>Max Depth = 8<LI>Call Chain = FLASH_ReadStr
</UL>
<BR>[Called By]<UL><LI><a href="#[74]">&gt;&gt;</a>&nbsp;&nbsp;&nbsp;FLASH_WriteStr
<LI><a href="#[c1]">&gt;&gt;</a>&nbsp;&nbsp;&nbsp;send_PLA_CRC
<LI><a href="#[bd]">&gt;&gt;</a>&nbsp;&nbsp;&nbsp;prg_off
<LI><a href="#[af]">&gt;&gt;</a>&nbsp;&nbsp;&nbsp;get_pla
<LI><a href="#[aa]">&gt;&gt;</a>&nbsp;&nbsp;&nbsp;data_read
<LI><a href="#[22]">&gt;&gt;</a>&nbsp;&nbsp;&nbsp;TIM6_IRQHandler
<LI><a href="#[8d]">&gt;&gt;</a>&nbsp;&nbsp;&nbsp;ShowSignal
<LI><a href="#[87]">&gt;&gt;</a>&nbsp;&nbsp;&nbsp;Message_Menu_Navigation
<LI><a href="#[88]">&gt;&gt;</a>&nbsp;&nbsp;&nbsp;Message_Read
<LI><a href="#[86]">&gt;&gt;</a>&nbsp;&nbsp;&nbsp;Message_Menu_Item_Unselect
<LI><a href="#[85]">&gt;&gt;</a>&nbsp;&nbsp;&nbsp;Message_Menu_Item_Select
<LI><a href="#[84]">&gt;&gt;</a>&nbsp;&nbsp;&nbsp;Mess_Menu_Draw
<LI><a href="#[7f]">&gt;&gt;</a>&nbsp;&nbsp;&nbsp;MessRecToArch
<LI><a href="#[71]">&gt;&gt;</a>&nbsp;&nbsp;&nbsp;FLASH_WriteByte
</UL>

<P><STRONG><a name="[71]"></a>FLASH_WriteByte</STRONG> (Thumb, 60 bytes, Stack size 272 bytes, flash.o(i.FLASH_WriteByte))
<BR><BR>[Stack]<UL><LI>Max Depth = 560<LI>Call Chain = FLASH_WriteByte &rArr; FLASH_WriteStr &rArr; FLASH_ReadStr
</UL>
<BR>[Calls]<UL><LI><a href="#[74]">&gt;&gt;</a>&nbsp;&nbsp;&nbsp;FLASH_WriteStr
<LI><a href="#[73]">&gt;&gt;</a>&nbsp;&nbsp;&nbsp;FLASH_ReadStr
<LI><a href="#[6e]">&gt;&gt;</a>&nbsp;&nbsp;&nbsp;FLASH_PageErase
<LI><a href="#[72]">&gt;&gt;</a>&nbsp;&nbsp;&nbsp;__aeabi_memclr4
</UL>
<BR>[Called By]<UL><LI><a href="#[22]">&gt;&gt;</a>&nbsp;&nbsp;&nbsp;TIM6_IRQHandler
<LI><a href="#[7f]">&gt;&gt;</a>&nbsp;&nbsp;&nbsp;MessRecToArch
</UL>

<P><STRONG><a name="[74]"></a>FLASH_WriteStr</STRONG> (Thumb, 164 bytes, Stack size 280 bytes, flash.o(i.FLASH_WriteStr))
<BR><BR>[Stack]<UL><LI>Max Depth = 288<LI>Call Chain = FLASH_WriteStr &rArr; FLASH_ReadStr
</UL>
<BR>[Calls]<UL><LI><a href="#[73]">&gt;&gt;</a>&nbsp;&nbsp;&nbsp;FLASH_ReadStr
<LI><a href="#[6e]">&gt;&gt;</a>&nbsp;&nbsp;&nbsp;FLASH_PageErase
<LI><a href="#[6f]">&gt;&gt;</a>&nbsp;&nbsp;&nbsp;FLASH_Unlock
<LI><a href="#[70]">&gt;&gt;</a>&nbsp;&nbsp;&nbsp;FLASH_Lock
<LI><a href="#[72]">&gt;&gt;</a>&nbsp;&nbsp;&nbsp;__aeabi_memclr4
</UL>
<BR>[Called By]<UL><LI><a href="#[b1]">&gt;&gt;</a>&nbsp;&nbsp;&nbsp;goto_boot
<LI><a href="#[af]">&gt;&gt;</a>&nbsp;&nbsp;&nbsp;get_pla
<LI><a href="#[ac]">&gt;&gt;</a>&nbsp;&nbsp;&nbsp;data_write
<LI><a href="#[71]">&gt;&gt;</a>&nbsp;&nbsp;&nbsp;FLASH_WriteByte
</UL>

<P><STRONG><a name="[75]"></a>FLASH_WriteStr_PLA</STRONG> (Thumb, 204 bytes, Stack size 24 bytes, flash.o(i.FLASH_WriteStr_PLA))
<BR><BR>[Stack]<UL><LI>Max Depth = 32<LI>Call Chain = FLASH_WriteStr_PLA &rArr; FLASH_PageErase
</UL>
<BR>[Calls]<UL><LI><a href="#[6e]">&gt;&gt;</a>&nbsp;&nbsp;&nbsp;FLASH_PageErase
<LI><a href="#[6f]">&gt;&gt;</a>&nbsp;&nbsp;&nbsp;FLASH_Unlock
<LI><a href="#[70]">&gt;&gt;</a>&nbsp;&nbsp;&nbsp;FLASH_Lock
</UL>
<BR>[Called By]<UL><LI><a href="#[af]">&gt;&gt;</a>&nbsp;&nbsp;&nbsp;get_pla
<LI><a href="#[7f]">&gt;&gt;</a>&nbsp;&nbsp;&nbsp;MessRecToArch
</UL>

<P><STRONG><a name="[b3]"></a>GPIO_Init</STRONG> (Thumb, 126 bytes, Stack size 0 bytes, gpio.o(i.GPIO_Init))
<BR><BR>[Called By]<UL><LI><a href="#[3d]">&gt;&gt;</a>&nbsp;&nbsp;&nbsp;main
</UL>

<P><STRONG><a name="[10]"></a>HardFault_Handler</STRONG> (Thumb, 10 bytes, Stack size 0 bytes, main.o(i.HardFault_Handler))
<BR>[Address Reference Count : 1]<UL><LI> startup_stm32f030x8.o(RESET)
</UL>
<P><STRONG><a name="[76]"></a>Hour_Plus</STRONG> (Thumb, 224 bytes, Stack size 8 bytes, tft-menu.o(i.Hour_Plus))
<BR><BR>[Stack]<UL><LI>Max Depth = 16<LI>Call Chain = Hour_Plus &rArr; __aeabi_idivmod
</UL>
<BR>[Calls]<UL><LI><a href="#[6c]">&gt;&gt;</a>&nbsp;&nbsp;&nbsp;__aeabi_idivmod
</UL>
<BR>[Called By]<UL><LI><a href="#[22]">&gt;&gt;</a>&nbsp;&nbsp;&nbsp;TIM6_IRQHandler
</UL>

<P><STRONG><a name="[b7]"></a>I2C1_Init</STRONG> (Thumb, 126 bytes, Stack size 0 bytes, i2c.o(i.I2C1_Init))
<BR><BR>[Called By]<UL><LI><a href="#[3d]">&gt;&gt;</a>&nbsp;&nbsp;&nbsp;main
</UL>

<P><STRONG><a name="[77]"></a>Menu_Down</STRONG> (Thumb, 522 bytes, Stack size 40 bytes, tft-menu.o(i.Menu_Down))
<BR><BR>[Stack]<UL><LI>Max Depth = 216<LI>Call Chain = Menu_Down &rArr; Menu_Item_Select &rArr; TFT_Send_Str &rArr; TFT_Send_Char &rArr; TFT_Set_Area &rArr; TFT_Send_Data
</UL>
<BR>[Calls]<UL><LI><a href="#[7c]">&gt;&gt;</a>&nbsp;&nbsp;&nbsp;TFT_Send_Str
<LI><a href="#[7d]">&gt;&gt;</a>&nbsp;&nbsp;&nbsp;TFT_Fill_Area
<LI><a href="#[79]">&gt;&gt;</a>&nbsp;&nbsp;&nbsp;Menu_Item_Select
<LI><a href="#[7a]">&gt;&gt;</a>&nbsp;&nbsp;&nbsp;Menu_Draw
<LI><a href="#[78]">&gt;&gt;</a>&nbsp;&nbsp;&nbsp;Menu_Item_Unselect
<LI><a href="#[6c]">&gt;&gt;</a>&nbsp;&nbsp;&nbsp;__aeabi_idivmod
<LI><a href="#[7b]">&gt;&gt;</a>&nbsp;&nbsp;&nbsp;strlen
</UL>
<BR>[Called By]<UL><LI><a href="#[22]">&gt;&gt;</a>&nbsp;&nbsp;&nbsp;TIM6_IRQHandler
</UL>

<P><STRONG><a name="[7a]"></a>Menu_Draw</STRONG> (Thumb, 110 bytes, Stack size 32 bytes, tft-menu.o(i.Menu_Draw))
<BR><BR>[Stack]<UL><LI>Max Depth = 176<LI>Call Chain = Menu_Draw &rArr; TFT_Send_Str &rArr; TFT_Send_Char &rArr; TFT_Set_Area &rArr; TFT_Send_Data
</UL>
<BR>[Calls]<UL><LI><a href="#[7c]">&gt;&gt;</a>&nbsp;&nbsp;&nbsp;TFT_Send_Str
<LI><a href="#[7d]">&gt;&gt;</a>&nbsp;&nbsp;&nbsp;TFT_Fill_Area
<LI><a href="#[6c]">&gt;&gt;</a>&nbsp;&nbsp;&nbsp;__aeabi_idivmod
<LI><a href="#[7b]">&gt;&gt;</a>&nbsp;&nbsp;&nbsp;strlen
</UL>
<BR>[Called By]<UL><LI><a href="#[3d]">&gt;&gt;</a>&nbsp;&nbsp;&nbsp;main
<LI><a href="#[22]">&gt;&gt;</a>&nbsp;&nbsp;&nbsp;TIM6_IRQHandler
<LI><a href="#[87]">&gt;&gt;</a>&nbsp;&nbsp;&nbsp;Message_Menu_Navigation
<LI><a href="#[77]">&gt;&gt;</a>&nbsp;&nbsp;&nbsp;Menu_Down
</UL>

<P><STRONG><a name="[79]"></a>Menu_Item_Select</STRONG> (Thumb, 74 bytes, Stack size 32 bytes, tft-menu.o(i.Menu_Item_Select))
<BR><BR>[Stack]<UL><LI>Max Depth = 176<LI>Call Chain = Menu_Item_Select &rArr; TFT_Send_Str &rArr; TFT_Send_Char &rArr; TFT_Set_Area &rArr; TFT_Send_Data
</UL>
<BR>[Calls]<UL><LI><a href="#[7c]">&gt;&gt;</a>&nbsp;&nbsp;&nbsp;TFT_Send_Str
<LI><a href="#[6c]">&gt;&gt;</a>&nbsp;&nbsp;&nbsp;__aeabi_idivmod
<LI><a href="#[7b]">&gt;&gt;</a>&nbsp;&nbsp;&nbsp;strlen
</UL>
<BR>[Called By]<UL><LI><a href="#[3d]">&gt;&gt;</a>&nbsp;&nbsp;&nbsp;main
<LI><a href="#[22]">&gt;&gt;</a>&nbsp;&nbsp;&nbsp;TIM6_IRQHandler
<LI><a href="#[87]">&gt;&gt;</a>&nbsp;&nbsp;&nbsp;Message_Menu_Navigation
<LI><a href="#[7e]">&gt;&gt;</a>&nbsp;&nbsp;&nbsp;Menu_Up
<LI><a href="#[77]">&gt;&gt;</a>&nbsp;&nbsp;&nbsp;Menu_Down
</UL>

<P><STRONG><a name="[78]"></a>Menu_Item_Unselect</STRONG> (Thumb, 56 bytes, Stack size 32 bytes, tft-menu.o(i.Menu_Item_Unselect))
<BR><BR>[Stack]<UL><LI>Max Depth = 176<LI>Call Chain = Menu_Item_Unselect &rArr; TFT_Send_Str &rArr; TFT_Send_Char &rArr; TFT_Set_Area &rArr; TFT_Send_Data
</UL>
<BR>[Calls]<UL><LI><a href="#[7c]">&gt;&gt;</a>&nbsp;&nbsp;&nbsp;TFT_Send_Str
<LI><a href="#[7b]">&gt;&gt;</a>&nbsp;&nbsp;&nbsp;strlen
</UL>
<BR>[Called By]<UL><LI><a href="#[7e]">&gt;&gt;</a>&nbsp;&nbsp;&nbsp;Menu_Up
<LI><a href="#[77]">&gt;&gt;</a>&nbsp;&nbsp;&nbsp;Menu_Down
</UL>

<P><STRONG><a name="[7e]"></a>Menu_Up</STRONG> (Thumb, 480 bytes, Stack size 40 bytes, tft-menu.o(i.Menu_Up))
<BR><BR>[Stack]<UL><LI>Max Depth = 216<LI>Call Chain = Menu_Up &rArr; Menu_Item_Select &rArr; TFT_Send_Str &rArr; TFT_Send_Char &rArr; TFT_Set_Area &rArr; TFT_Send_Data
</UL>
<BR>[Calls]<UL><LI><a href="#[7c]">&gt;&gt;</a>&nbsp;&nbsp;&nbsp;TFT_Send_Str
<LI><a href="#[7d]">&gt;&gt;</a>&nbsp;&nbsp;&nbsp;TFT_Fill_Area
<LI><a href="#[79]">&gt;&gt;</a>&nbsp;&nbsp;&nbsp;Menu_Item_Select
<LI><a href="#[78]">&gt;&gt;</a>&nbsp;&nbsp;&nbsp;Menu_Item_Unselect
<LI><a href="#[6c]">&gt;&gt;</a>&nbsp;&nbsp;&nbsp;__aeabi_idivmod
<LI><a href="#[7b]">&gt;&gt;</a>&nbsp;&nbsp;&nbsp;strlen
</UL>
<BR>[Called By]<UL><LI><a href="#[22]">&gt;&gt;</a>&nbsp;&nbsp;&nbsp;TIM6_IRQHandler
</UL>

<P><STRONG><a name="[7f]"></a>MessRecToArch</STRONG> (Thumb, 238 bytes, Stack size 144 bytes, tft-menu.o(i.MessRecToArch))
<BR><BR>[Stack]<UL><LI>Max Depth = 704 + Unknown Stack Size
<LI>Call Chain = MessRecToArch &rArr; FLASH_WriteByte &rArr; FLASH_WriteStr &rArr; FLASH_ReadStr
</UL>
<BR>[Calls]<UL><LI><a href="#[75]">&gt;&gt;</a>&nbsp;&nbsp;&nbsp;FLASH_WriteStr_PLA
<LI><a href="#[73]">&gt;&gt;</a>&nbsp;&nbsp;&nbsp;FLASH_ReadStr
<LI><a href="#[63]">&gt;&gt;</a>&nbsp;&nbsp;&nbsp;FLASH_ReadByte
<LI><a href="#[82]">&gt;&gt;</a>&nbsp;&nbsp;&nbsp;RTC_GetTime
<LI><a href="#[80]">&gt;&gt;</a>&nbsp;&nbsp;&nbsp;RTC_GetDate
<LI><a href="#[71]">&gt;&gt;</a>&nbsp;&nbsp;&nbsp;FLASH_WriteByte
<LI><a href="#[6e]">&gt;&gt;</a>&nbsp;&nbsp;&nbsp;FLASH_PageErase
<LI><a href="#[72]">&gt;&gt;</a>&nbsp;&nbsp;&nbsp;__aeabi_memclr4
<LI><a href="#[83]">&gt;&gt;</a>&nbsp;&nbsp;&nbsp;strcat
<LI><a href="#[7b]">&gt;&gt;</a>&nbsp;&nbsp;&nbsp;strlen
<LI><a href="#[81]">&gt;&gt;</a>&nbsp;&nbsp;&nbsp;strcpy
</UL>
<BR>[Called By]<UL><LI><a href="#[8d]">&gt;&gt;</a>&nbsp;&nbsp;&nbsp;ShowSignal
</UL>

<P><STRONG><a name="[84]"></a>Mess_Menu_Draw</STRONG> (Thumb, 116 bytes, Stack size 32 bytes, tft-menu.o(i.Mess_Menu_Draw))
<BR><BR>[Stack]<UL><LI>Max Depth = 208<LI>Call Chain = Mess_Menu_Draw &rArr; Message_Menu_Item_Select &rArr; TFT_Send_Str &rArr; TFT_Send_Char &rArr; TFT_Set_Area &rArr; TFT_Send_Data
</UL>
<BR>[Calls]<UL><LI><a href="#[7c]">&gt;&gt;</a>&nbsp;&nbsp;&nbsp;TFT_Send_Str
<LI><a href="#[7d]">&gt;&gt;</a>&nbsp;&nbsp;&nbsp;TFT_Fill_Area
<LI><a href="#[73]">&gt;&gt;</a>&nbsp;&nbsp;&nbsp;FLASH_ReadStr
<LI><a href="#[85]">&gt;&gt;</a>&nbsp;&nbsp;&nbsp;Message_Menu_Item_Select
<LI><a href="#[7b]">&gt;&gt;</a>&nbsp;&nbsp;&nbsp;strlen
</UL>
<BR>[Called By]<UL><LI><a href="#[22]">&gt;&gt;</a>&nbsp;&nbsp;&nbsp;TIM6_IRQHandler
<LI><a href="#[87]">&gt;&gt;</a>&nbsp;&nbsp;&nbsp;Message_Menu_Navigation
</UL>

<P><STRONG><a name="[85]"></a>Message_Menu_Item_Select</STRONG> (Thumb, 82 bytes, Stack size 32 bytes, tft-menu.o(i.Message_Menu_Item_Select))
<BR><BR>[Stack]<UL><LI>Max Depth = 176<LI>Call Chain = Message_Menu_Item_Select &rArr; TFT_Send_Str &rArr; TFT_Send_Char &rArr; TFT_Set_Area &rArr; TFT_Send_Data
</UL>
<BR>[Calls]<UL><LI><a href="#[7c]">&gt;&gt;</a>&nbsp;&nbsp;&nbsp;TFT_Send_Str
<LI><a href="#[73]">&gt;&gt;</a>&nbsp;&nbsp;&nbsp;FLASH_ReadStr
<LI><a href="#[7b]">&gt;&gt;</a>&nbsp;&nbsp;&nbsp;strlen
</UL>
<BR>[Called By]<UL><LI><a href="#[87]">&gt;&gt;</a>&nbsp;&nbsp;&nbsp;Message_Menu_Navigation
<LI><a href="#[84]">&gt;&gt;</a>&nbsp;&nbsp;&nbsp;Mess_Menu_Draw
</UL>

<P><STRONG><a name="[86]"></a>Message_Menu_Item_Unselect</STRONG> (Thumb, 78 bytes, Stack size 32 bytes, tft-menu.o(i.Message_Menu_Item_Unselect))
<BR><BR>[Stack]<UL><LI>Max Depth = 176<LI>Call Chain = Message_Menu_Item_Unselect &rArr; TFT_Send_Str &rArr; TFT_Send_Char &rArr; TFT_Set_Area &rArr; TFT_Send_Data
</UL>
<BR>[Calls]<UL><LI><a href="#[7c]">&gt;&gt;</a>&nbsp;&nbsp;&nbsp;TFT_Send_Str
<LI><a href="#[73]">&gt;&gt;</a>&nbsp;&nbsp;&nbsp;FLASH_ReadStr
<LI><a href="#[7b]">&gt;&gt;</a>&nbsp;&nbsp;&nbsp;strlen
</UL>
<BR>[Called By]<UL><LI><a href="#[87]">&gt;&gt;</a>&nbsp;&nbsp;&nbsp;Message_Menu_Navigation
</UL>

<P><STRONG><a name="[87]"></a>Message_Menu_Navigation</STRONG> (Thumb, 1528 bytes, Stack size 32 bytes, tft-menu.o(i.Message_Menu_Navigation))
<BR><BR>[Stack]<UL><LI>Max Depth = 240<LI>Call Chain = Message_Menu_Navigation &rArr; Mess_Menu_Draw &rArr; Message_Menu_Item_Select &rArr; TFT_Send_Str &rArr; TFT_Send_Char &rArr; TFT_Set_Area &rArr; TFT_Send_Data
</UL>
<BR>[Calls]<UL><LI><a href="#[7c]">&gt;&gt;</a>&nbsp;&nbsp;&nbsp;TFT_Send_Str
<LI><a href="#[7d]">&gt;&gt;</a>&nbsp;&nbsp;&nbsp;TFT_Fill_Area
<LI><a href="#[73]">&gt;&gt;</a>&nbsp;&nbsp;&nbsp;FLASH_ReadStr
<LI><a href="#[79]">&gt;&gt;</a>&nbsp;&nbsp;&nbsp;Menu_Item_Select
<LI><a href="#[7a]">&gt;&gt;</a>&nbsp;&nbsp;&nbsp;Menu_Draw
<LI><a href="#[63]">&gt;&gt;</a>&nbsp;&nbsp;&nbsp;FLASH_ReadByte
<LI><a href="#[88]">&gt;&gt;</a>&nbsp;&nbsp;&nbsp;Message_Read
<LI><a href="#[86]">&gt;&gt;</a>&nbsp;&nbsp;&nbsp;Message_Menu_Item_Unselect
<LI><a href="#[85]">&gt;&gt;</a>&nbsp;&nbsp;&nbsp;Message_Menu_Item_Select
<LI><a href="#[84]">&gt;&gt;</a>&nbsp;&nbsp;&nbsp;Mess_Menu_Draw
<LI><a href="#[6c]">&gt;&gt;</a>&nbsp;&nbsp;&nbsp;__aeabi_idivmod
<LI><a href="#[7b]">&gt;&gt;</a>&nbsp;&nbsp;&nbsp;strlen
</UL>
<BR>[Called By]<UL><LI><a href="#[22]">&gt;&gt;</a>&nbsp;&nbsp;&nbsp;TIM6_IRQHandler
</UL>

<P><STRONG><a name="[88]"></a>Message_Read</STRONG> (Thumb, 152 bytes, Stack size 32 bytes, tft-menu.o(i.Message_Read))
<BR><BR>[Stack]<UL><LI>Max Depth = 176<LI>Call Chain = Message_Read &rArr; TFT_Send_Str &rArr; TFT_Send_Char &rArr; TFT_Set_Area &rArr; TFT_Send_Data
</UL>
<BR>[Calls]<UL><LI><a href="#[7c]">&gt;&gt;</a>&nbsp;&nbsp;&nbsp;TFT_Send_Str
<LI><a href="#[7d]">&gt;&gt;</a>&nbsp;&nbsp;&nbsp;TFT_Fill_Area
<LI><a href="#[73]">&gt;&gt;</a>&nbsp;&nbsp;&nbsp;FLASH_ReadStr
<LI><a href="#[89]">&gt;&gt;</a>&nbsp;&nbsp;&nbsp;__aeabi_uidivmod
<LI><a href="#[7b]">&gt;&gt;</a>&nbsp;&nbsp;&nbsp;strlen
</UL>
<BR>[Called By]<UL><LI><a href="#[22]">&gt;&gt;</a>&nbsp;&nbsp;&nbsp;TIM6_IRQHandler
<LI><a href="#[8d]">&gt;&gt;</a>&nbsp;&nbsp;&nbsp;ShowSignal
<LI><a href="#[87]">&gt;&gt;</a>&nbsp;&nbsp;&nbsp;Message_Menu_Navigation
</UL>

<P><STRONG><a name="[8a]"></a>Min_Plus</STRONG> (Thumb, 224 bytes, Stack size 8 bytes, tft-menu.o(i.Min_Plus))
<BR><BR>[Stack]<UL><LI>Max Depth = 16<LI>Call Chain = Min_Plus &rArr; __aeabi_idivmod
</UL>
<BR>[Calls]<UL><LI><a href="#[6c]">&gt;&gt;</a>&nbsp;&nbsp;&nbsp;__aeabi_idivmod
</UL>
<BR>[Called By]<UL><LI><a href="#[22]">&gt;&gt;</a>&nbsp;&nbsp;&nbsp;TIM6_IRQHandler
</UL>

<P><STRONG><a name="[8b]"></a>Month_Plus</STRONG> (Thumb, 264 bytes, Stack size 8 bytes, tft-menu.o(i.Month_Plus))
<BR><BR>[Stack]<UL><LI>Max Depth = 120<LI>Call Chain = Month_Plus &rArr; WeekDay_Calc &rArr; __aeabi_dmul
</UL>
<BR>[Calls]<UL><LI><a href="#[6d]">&gt;&gt;</a>&nbsp;&nbsp;&nbsp;WeekDay_Calc
<LI><a href="#[6c]">&gt;&gt;</a>&nbsp;&nbsp;&nbsp;__aeabi_idivmod
</UL>
<BR>[Called By]<UL><LI><a href="#[22]">&gt;&gt;</a>&nbsp;&nbsp;&nbsp;TIM6_IRQHandler
</UL>

<P><STRONG><a name="[67]"></a>Ot_ulybki</STRONG> (Thumb, 96 bytes, Stack size 8 bytes, alerts.o(i.Ot_ulybki))
<BR><BR>[Stack]<UL><LI>Max Depth = 32<LI>Call Chain = Ot_ulybki &rArr; play_note
</UL>
<BR>[Calls]<UL><LI><a href="#[65]">&gt;&gt;</a>&nbsp;&nbsp;&nbsp;play_note
</UL>
<BR>[Called By]<UL><LI><a href="#[66]">&gt;&gt;</a>&nbsp;&nbsp;&nbsp;ALERT_ForMessage
</UL>

<P><STRONG><a name="[80]"></a>RTC_GetDate</STRONG> (Thumb, 300 bytes, Stack size 128 bytes, rtc.o(i.RTC_GetDate))
<BR><BR>[Stack]<UL><LI>Max Depth = 256 + Unknown Stack Size
<LI>Call Chain = RTC_GetDate &rArr; __2sprintf &rArr; _printf_char_common &rArr; __printf
</UL>
<BR>[Calls]<UL><LI><a href="#[8c]">&gt;&gt;</a>&nbsp;&nbsp;&nbsp;__ARM_common_switch8
<LI><a href="#[6c]">&gt;&gt;</a>&nbsp;&nbsp;&nbsp;__aeabi_idivmod
<LI><a href="#[83]">&gt;&gt;</a>&nbsp;&nbsp;&nbsp;strcat
<LI><a href="#[81]">&gt;&gt;</a>&nbsp;&nbsp;&nbsp;strcpy
<LI><a href="#[43]">&gt;&gt;</a>&nbsp;&nbsp;&nbsp;__2sprintf
</UL>
<BR>[Called By]<UL><LI><a href="#[23]">&gt;&gt;</a>&nbsp;&nbsp;&nbsp;TIM14_IRQHandler
<LI><a href="#[7f]">&gt;&gt;</a>&nbsp;&nbsp;&nbsp;MessRecToArch
</UL>

<P><STRONG><a name="[82]"></a>RTC_GetTime</STRONG> (Thumb, 198 bytes, Stack size 128 bytes, rtc.o(i.RTC_GetTime))
<BR><BR>[Stack]<UL><LI>Max Depth = 256 + Unknown Stack Size
<LI>Call Chain = RTC_GetTime &rArr; __2sprintf &rArr; _printf_char_common &rArr; __printf
</UL>
<BR>[Calls]<UL><LI><a href="#[6c]">&gt;&gt;</a>&nbsp;&nbsp;&nbsp;__aeabi_idivmod
<LI><a href="#[83]">&gt;&gt;</a>&nbsp;&nbsp;&nbsp;strcat
<LI><a href="#[43]">&gt;&gt;</a>&nbsp;&nbsp;&nbsp;__2sprintf
</UL>
<BR>[Called By]<UL><LI><a href="#[23]">&gt;&gt;</a>&nbsp;&nbsp;&nbsp;TIM14_IRQHandler
<LI><a href="#[7f]">&gt;&gt;</a>&nbsp;&nbsp;&nbsp;MessRecToArch
</UL>

<P><STRONG><a name="[b5]"></a>SPI1_Init</STRONG> (Thumb, 136 bytes, Stack size 0 bytes, spi.o(i.SPI1_Init))
<BR><BR>[Called By]<UL><LI><a href="#[3d]">&gt;&gt;</a>&nbsp;&nbsp;&nbsp;main
</UL>

<P><STRONG><a name="[b6]"></a>SPI2_Init</STRONG> (Thumb, 126 bytes, Stack size 0 bytes, spi.o(i.SPI2_Init))
<BR><BR>[Called By]<UL><LI><a href="#[3d]">&gt;&gt;</a>&nbsp;&nbsp;&nbsp;main
</UL>

<P><STRONG><a name="[95]"></a>SPI2_Send_Byte</STRONG> (Thumb, 36 bytes, Stack size 0 bytes, spi.o(i.SPI2_Send_Byte))
<BR><BR>[Called By]<UL><LI><a href="#[90]">&gt;&gt;</a>&nbsp;&nbsp;&nbsp;TFT_Send_Data
<LI><a href="#[93]">&gt;&gt;</a>&nbsp;&nbsp;&nbsp;TFT_Send_Command
</UL>

<P><STRONG><a name="[8d]"></a>ShowSignal</STRONG> (Thumb, 1550 bytes, Stack size 160 bytes, tft-menu.o(i.ShowSignal))
<BR><BR>[Stack]<UL><LI>Max Depth = 864 + Unknown Stack Size
<LI>Call Chain = ShowSignal &rArr; MessRecToArch &rArr; FLASH_WriteByte &rArr; FLASH_WriteStr &rArr; FLASH_ReadStr
</UL>
<BR>[Calls]<UL><LI><a href="#[7c]">&gt;&gt;</a>&nbsp;&nbsp;&nbsp;TFT_Send_Str
<LI><a href="#[7d]">&gt;&gt;</a>&nbsp;&nbsp;&nbsp;TFT_Fill_Area
<LI><a href="#[73]">&gt;&gt;</a>&nbsp;&nbsp;&nbsp;FLASH_ReadStr
<LI><a href="#[66]">&gt;&gt;</a>&nbsp;&nbsp;&nbsp;ALERT_ForMessage
<LI><a href="#[63]">&gt;&gt;</a>&nbsp;&nbsp;&nbsp;FLASH_ReadByte
<LI><a href="#[88]">&gt;&gt;</a>&nbsp;&nbsp;&nbsp;Message_Read
<LI><a href="#[7f]">&gt;&gt;</a>&nbsp;&nbsp;&nbsp;MessRecToArch
<LI><a href="#[72]">&gt;&gt;</a>&nbsp;&nbsp;&nbsp;__aeabi_memclr4
</UL>
<BR>[Called By]<UL><LI><a href="#[23]">&gt;&gt;</a>&nbsp;&nbsp;&nbsp;TIM14_IRQHandler
</UL>

<P><STRONG><a name="[2d]"></a>SystemInit</STRONG> (Thumb, 2 bytes, Stack size 0 bytes, system_stm32f0xx.o(i.SystemInit))
<BR>[Address Reference Count : 1]<UL><LI> startup_stm32f030x8.o(.text)
</UL>
<P><STRONG><a name="[8e]"></a>TFT_Draw_Image_Mono</STRONG> (Thumb, 170 bytes, Stack size 48 bytes, disp.o(i.TFT_Draw_Image_Mono))
<BR><BR>[Stack]<UL><LI>Max Depth = 80<LI>Call Chain = TFT_Draw_Image_Mono &rArr; TFT_Set_Area &rArr; TFT_Send_Data
</UL>
<BR>[Calls]<UL><LI><a href="#[8f]">&gt;&gt;</a>&nbsp;&nbsp;&nbsp;TFT_Set_Area
<LI><a href="#[90]">&gt;&gt;</a>&nbsp;&nbsp;&nbsp;TFT_Send_Data
</UL>
<BR>[Called By]<UL><LI><a href="#[3d]">&gt;&gt;</a>&nbsp;&nbsp;&nbsp;main
<LI><a href="#[23]">&gt;&gt;</a>&nbsp;&nbsp;&nbsp;TIM14_IRQHandler
</UL>

<P><STRONG><a name="[7d]"></a>TFT_Fill_Area</STRONG> (Thumb, 100 bytes, Stack size 48 bytes, disp.o(i.TFT_Fill_Area))
<BR><BR>[Stack]<UL><LI>Max Depth = 80<LI>Call Chain = TFT_Fill_Area &rArr; TFT_Set_Area &rArr; TFT_Send_Data
</UL>
<BR>[Calls]<UL><LI><a href="#[8f]">&gt;&gt;</a>&nbsp;&nbsp;&nbsp;TFT_Set_Area
<LI><a href="#[90]">&gt;&gt;</a>&nbsp;&nbsp;&nbsp;TFT_Send_Data
</UL>
<BR>[Called By]<UL><LI><a href="#[c1]">&gt;&gt;</a>&nbsp;&nbsp;&nbsp;send_PLA_CRC
<LI><a href="#[bf]">&gt;&gt;</a>&nbsp;&nbsp;&nbsp;prg_on
<LI><a href="#[bd]">&gt;&gt;</a>&nbsp;&nbsp;&nbsp;prg_off
<LI><a href="#[af]">&gt;&gt;</a>&nbsp;&nbsp;&nbsp;get_pla
<LI><a href="#[ac]">&gt;&gt;</a>&nbsp;&nbsp;&nbsp;data_write
<LI><a href="#[aa]">&gt;&gt;</a>&nbsp;&nbsp;&nbsp;data_read
<LI><a href="#[7a]">&gt;&gt;</a>&nbsp;&nbsp;&nbsp;Menu_Draw
<LI><a href="#[22]">&gt;&gt;</a>&nbsp;&nbsp;&nbsp;TIM6_IRQHandler
<LI><a href="#[23]">&gt;&gt;</a>&nbsp;&nbsp;&nbsp;TIM14_IRQHandler
<LI><a href="#[8d]">&gt;&gt;</a>&nbsp;&nbsp;&nbsp;ShowSignal
<LI><a href="#[87]">&gt;&gt;</a>&nbsp;&nbsp;&nbsp;Message_Menu_Navigation
<LI><a href="#[7e]">&gt;&gt;</a>&nbsp;&nbsp;&nbsp;Menu_Up
<LI><a href="#[77]">&gt;&gt;</a>&nbsp;&nbsp;&nbsp;Menu_Down
<LI><a href="#[88]">&gt;&gt;</a>&nbsp;&nbsp;&nbsp;Message_Read
<LI><a href="#[84]">&gt;&gt;</a>&nbsp;&nbsp;&nbsp;Mess_Menu_Draw
</UL>

<P><STRONG><a name="[91]"></a>TFT_Fill_Color</STRONG> (Thumb, 76 bytes, Stack size 24 bytes, disp.o(i.TFT_Fill_Color))
<BR><BR>[Stack]<UL><LI>Max Depth = 56<LI>Call Chain = TFT_Fill_Color &rArr; TFT_Set_Area &rArr; TFT_Send_Data
</UL>
<BR>[Calls]<UL><LI><a href="#[8f]">&gt;&gt;</a>&nbsp;&nbsp;&nbsp;TFT_Set_Area
<LI><a href="#[90]">&gt;&gt;</a>&nbsp;&nbsp;&nbsp;TFT_Send_Data
</UL>
<BR>[Called By]<UL><LI><a href="#[3d]">&gt;&gt;</a>&nbsp;&nbsp;&nbsp;main
<LI><a href="#[22]">&gt;&gt;</a>&nbsp;&nbsp;&nbsp;TIM6_IRQHandler
</UL>

<P><STRONG><a name="[92]"></a>TFT_Init</STRONG> (Thumb, 306 bytes, Stack size 8 bytes, disp.o(i.TFT_Init))
<BR><BR>[Stack]<UL><LI>Max Depth = 16<LI>Call Chain = TFT_Init &rArr; TFT_Send_Data
</UL>
<BR>[Calls]<UL><LI><a href="#[90]">&gt;&gt;</a>&nbsp;&nbsp;&nbsp;TFT_Send_Data
<LI><a href="#[93]">&gt;&gt;</a>&nbsp;&nbsp;&nbsp;TFT_Send_Command
<LI><a href="#[64]">&gt;&gt;</a>&nbsp;&nbsp;&nbsp;delay
</UL>
<BR>[Called By]<UL><LI><a href="#[3d]">&gt;&gt;</a>&nbsp;&nbsp;&nbsp;main
</UL>

<P><STRONG><a name="[94]"></a>TFT_Send_Char</STRONG> (Thumb, 256 bytes, Stack size 56 bytes, disp.o(i.TFT_Send_Char))
<BR><BR>[Stack]<UL><LI>Max Depth = 88<LI>Call Chain = TFT_Send_Char &rArr; TFT_Set_Area &rArr; TFT_Send_Data
</UL>
<BR>[Calls]<UL><LI><a href="#[8f]">&gt;&gt;</a>&nbsp;&nbsp;&nbsp;TFT_Set_Area
<LI><a href="#[90]">&gt;&gt;</a>&nbsp;&nbsp;&nbsp;TFT_Send_Data
</UL>
<BR>[Called By]<UL><LI><a href="#[7c]">&gt;&gt;</a>&nbsp;&nbsp;&nbsp;TFT_Send_Str
</UL>

<P><STRONG><a name="[93]"></a>TFT_Send_Command</STRONG> (Thumb, 14 bytes, Stack size 8 bytes, disp.o(i.TFT_Send_Command))
<BR><BR>[Stack]<UL><LI>Max Depth = 8<LI>Call Chain = TFT_Send_Command
</UL>
<BR>[Calls]<UL><LI><a href="#[95]">&gt;&gt;</a>&nbsp;&nbsp;&nbsp;SPI2_Send_Byte
</UL>
<BR>[Called By]<UL><LI><a href="#[8f]">&gt;&gt;</a>&nbsp;&nbsp;&nbsp;TFT_Set_Area
<LI><a href="#[92]">&gt;&gt;</a>&nbsp;&nbsp;&nbsp;TFT_Init
<LI><a href="#[22]">&gt;&gt;</a>&nbsp;&nbsp;&nbsp;TIM6_IRQHandler
</UL>

<P><STRONG><a name="[90]"></a>TFT_Send_Data</STRONG> (Thumb, 14 bytes, Stack size 8 bytes, disp.o(i.TFT_Send_Data))
<BR><BR>[Stack]<UL><LI>Max Depth = 8<LI>Call Chain = TFT_Send_Data
</UL>
<BR>[Calls]<UL><LI><a href="#[95]">&gt;&gt;</a>&nbsp;&nbsp;&nbsp;SPI2_Send_Byte
</UL>
<BR>[Called By]<UL><LI><a href="#[8f]">&gt;&gt;</a>&nbsp;&nbsp;&nbsp;TFT_Set_Area
<LI><a href="#[94]">&gt;&gt;</a>&nbsp;&nbsp;&nbsp;TFT_Send_Char
<LI><a href="#[7d]">&gt;&gt;</a>&nbsp;&nbsp;&nbsp;TFT_Fill_Area
<LI><a href="#[92]">&gt;&gt;</a>&nbsp;&nbsp;&nbsp;TFT_Init
<LI><a href="#[91]">&gt;&gt;</a>&nbsp;&nbsp;&nbsp;TFT_Fill_Color
<LI><a href="#[8e]">&gt;&gt;</a>&nbsp;&nbsp;&nbsp;TFT_Draw_Image_Mono
</UL>

<P><STRONG><a name="[7c]"></a>TFT_Send_Str</STRONG> (Thumb, 90 bytes, Stack size 56 bytes, disp.o(i.TFT_Send_Str))
<BR><BR>[Stack]<UL><LI>Max Depth = 144<LI>Call Chain = TFT_Send_Str &rArr; TFT_Send_Char &rArr; TFT_Set_Area &rArr; TFT_Send_Data
</UL>
<BR>[Calls]<UL><LI><a href="#[94]">&gt;&gt;</a>&nbsp;&nbsp;&nbsp;TFT_Send_Char
</UL>
<BR>[Called By]<UL><LI><a href="#[c1]">&gt;&gt;</a>&nbsp;&nbsp;&nbsp;send_PLA_CRC
<LI><a href="#[bf]">&gt;&gt;</a>&nbsp;&nbsp;&nbsp;prg_on
<LI><a href="#[bd]">&gt;&gt;</a>&nbsp;&nbsp;&nbsp;prg_off
<LI><a href="#[af]">&gt;&gt;</a>&nbsp;&nbsp;&nbsp;get_pla
<LI><a href="#[ac]">&gt;&gt;</a>&nbsp;&nbsp;&nbsp;data_write
<LI><a href="#[aa]">&gt;&gt;</a>&nbsp;&nbsp;&nbsp;data_read
<LI><a href="#[79]">&gt;&gt;</a>&nbsp;&nbsp;&nbsp;Menu_Item_Select
<LI><a href="#[7a]">&gt;&gt;</a>&nbsp;&nbsp;&nbsp;Menu_Draw
<LI><a href="#[22]">&gt;&gt;</a>&nbsp;&nbsp;&nbsp;TIM6_IRQHandler
<LI><a href="#[26]">&gt;&gt;</a>&nbsp;&nbsp;&nbsp;TIM17_IRQHandler
<LI><a href="#[23]">&gt;&gt;</a>&nbsp;&nbsp;&nbsp;TIM14_IRQHandler
<LI><a href="#[8d]">&gt;&gt;</a>&nbsp;&nbsp;&nbsp;ShowSignal
<LI><a href="#[87]">&gt;&gt;</a>&nbsp;&nbsp;&nbsp;Message_Menu_Navigation
<LI><a href="#[7e]">&gt;&gt;</a>&nbsp;&nbsp;&nbsp;Menu_Up
<LI><a href="#[77]">&gt;&gt;</a>&nbsp;&nbsp;&nbsp;Menu_Down
<LI><a href="#[88]">&gt;&gt;</a>&nbsp;&nbsp;&nbsp;Message_Read
<LI><a href="#[86]">&gt;&gt;</a>&nbsp;&nbsp;&nbsp;Message_Menu_Item_Unselect
<LI><a href="#[85]">&gt;&gt;</a>&nbsp;&nbsp;&nbsp;Message_Menu_Item_Select
<LI><a href="#[84]">&gt;&gt;</a>&nbsp;&nbsp;&nbsp;Mess_Menu_Draw
<LI><a href="#[78]">&gt;&gt;</a>&nbsp;&nbsp;&nbsp;Menu_Item_Unselect
</UL>

<P><STRONG><a name="[8f]"></a>TFT_Set_Area</STRONG> (Thumb, 114 bytes, Stack size 24 bytes, disp.o(i.TFT_Set_Area))
<BR><BR>[Stack]<UL><LI>Max Depth = 32<LI>Call Chain = TFT_Set_Area &rArr; TFT_Send_Data
</UL>
<BR>[Calls]<UL><LI><a href="#[90]">&gt;&gt;</a>&nbsp;&nbsp;&nbsp;TFT_Send_Data
<LI><a href="#[93]">&gt;&gt;</a>&nbsp;&nbsp;&nbsp;TFT_Send_Command
</UL>
<BR>[Called By]<UL><LI><a href="#[94]">&gt;&gt;</a>&nbsp;&nbsp;&nbsp;TFT_Send_Char
<LI><a href="#[7d]">&gt;&gt;</a>&nbsp;&nbsp;&nbsp;TFT_Fill_Area
<LI><a href="#[91]">&gt;&gt;</a>&nbsp;&nbsp;&nbsp;TFT_Fill_Color
<LI><a href="#[8e]">&gt;&gt;</a>&nbsp;&nbsp;&nbsp;TFT_Draw_Image_Mono
</UL>

<P><STRONG><a name="[23]"></a>TIM14_IRQHandler</STRONG> (Thumb, 646 bytes, Stack size 24 bytes, tim.o(i.TIM14_IRQHandler))
<BR><BR>[Stack]<UL><LI>Max Depth = 888 + Unknown Stack Size
<LI>Call Chain = TIM14_IRQHandler &rArr; ShowSignal &rArr; MessRecToArch &rArr; FLASH_WriteByte &rArr; FLASH_WriteStr &rArr; FLASH_ReadStr
</UL>
<BR>[Calls]<UL><LI><a href="#[7c]">&gt;&gt;</a>&nbsp;&nbsp;&nbsp;TFT_Send_Str
<LI><a href="#[7d]">&gt;&gt;</a>&nbsp;&nbsp;&nbsp;TFT_Fill_Area
<LI><a href="#[68]">&gt;&gt;</a>&nbsp;&nbsp;&nbsp;ALERT_ForNotification
<LI><a href="#[8e]">&gt;&gt;</a>&nbsp;&nbsp;&nbsp;TFT_Draw_Image_Mono
<LI><a href="#[8d]">&gt;&gt;</a>&nbsp;&nbsp;&nbsp;ShowSignal
<LI><a href="#[82]">&gt;&gt;</a>&nbsp;&nbsp;&nbsp;RTC_GetTime
<LI><a href="#[80]">&gt;&gt;</a>&nbsp;&nbsp;&nbsp;RTC_GetDate
<LI><a href="#[7b]">&gt;&gt;</a>&nbsp;&nbsp;&nbsp;strlen
<LI><a href="#[81]">&gt;&gt;</a>&nbsp;&nbsp;&nbsp;strcpy
<LI><a href="#[43]">&gt;&gt;</a>&nbsp;&nbsp;&nbsp;__2sprintf
</UL>
<BR>[Address Reference Count : 1]<UL><LI> startup_stm32f030x8.o(RESET)
</UL>
<P><STRONG><a name="[96]"></a>TIM14_Init</STRONG> (Thumb, 96 bytes, Stack size 8 bytes, tim.o(i.TIM14_Init))
<BR><BR>[Stack]<UL><LI>Max Depth = 16<LI>Call Chain = TIM14_Init &rArr; __NVIC_SetPriority
</UL>
<BR>[Calls]<UL><LI><a href="#[98]">&gt;&gt;</a>&nbsp;&nbsp;&nbsp;__NVIC_SetPriority
<LI><a href="#[97]">&gt;&gt;</a>&nbsp;&nbsp;&nbsp;__NVIC_EnableIRQ
<LI><a href="#[89]">&gt;&gt;</a>&nbsp;&nbsp;&nbsp;__aeabi_uidivmod
</UL>
<BR>[Called By]<UL><LI><a href="#[3d]">&gt;&gt;</a>&nbsp;&nbsp;&nbsp;main
</UL>

<P><STRONG><a name="[24]"></a>TIM15_IRQHandler</STRONG> (Thumb, 48 bytes, Stack size 0 bytes, tim.o(i.TIM15_IRQHandler))
<BR>[Address Reference Count : 1]<UL><LI> startup_stm32f030x8.o(RESET)
</UL>
<P><STRONG><a name="[99]"></a>TIM15_Init</STRONG> (Thumb, 96 bytes, Stack size 8 bytes, tim.o(i.TIM15_Init))
<BR><BR>[Stack]<UL><LI>Max Depth = 16<LI>Call Chain = TIM15_Init &rArr; __NVIC_SetPriority
</UL>
<BR>[Calls]<UL><LI><a href="#[98]">&gt;&gt;</a>&nbsp;&nbsp;&nbsp;__NVIC_SetPriority
<LI><a href="#[97]">&gt;&gt;</a>&nbsp;&nbsp;&nbsp;__NVIC_EnableIRQ
<LI><a href="#[89]">&gt;&gt;</a>&nbsp;&nbsp;&nbsp;__aeabi_uidivmod
</UL>
<BR>[Called By]<UL><LI><a href="#[3d]">&gt;&gt;</a>&nbsp;&nbsp;&nbsp;main
</UL>

<P><STRONG><a name="[25]"></a>TIM16_IRQHandler</STRONG> (Thumb, 48 bytes, Stack size 0 bytes, tim.o(i.TIM16_IRQHandler))
<BR>[Address Reference Count : 1]<UL><LI> startup_stm32f030x8.o(RESET)
</UL>
<P><STRONG><a name="[9a]"></a>TIM16_Init</STRONG> (Thumb, 96 bytes, Stack size 8 bytes, tim.o(i.TIM16_Init))
<BR><BR>[Stack]<UL><LI>Max Depth = 16<LI>Call Chain = TIM16_Init &rArr; __NVIC_SetPriority
</UL>
<BR>[Calls]<UL><LI><a href="#[98]">&gt;&gt;</a>&nbsp;&nbsp;&nbsp;__NVIC_SetPriority
<LI><a href="#[97]">&gt;&gt;</a>&nbsp;&nbsp;&nbsp;__NVIC_EnableIRQ
<LI><a href="#[89]">&gt;&gt;</a>&nbsp;&nbsp;&nbsp;__aeabi_uidivmod
</UL>
<BR>[Called By]<UL><LI><a href="#[3d]">&gt;&gt;</a>&nbsp;&nbsp;&nbsp;main
</UL>

<P><STRONG><a name="[26]"></a>TIM17_IRQHandler</STRONG> (Thumb, 802 bytes, Stack size 24 bytes, tim.o(i.TIM17_IRQHandler))
<BR><BR>[Stack]<UL><LI>Max Depth = 168<LI>Call Chain = TIM17_IRQHandler &rArr; TFT_Send_Str &rArr; TFT_Send_Char &rArr; TFT_Set_Area &rArr; TFT_Send_Data
</UL>
<BR>[Calls]<UL><LI><a href="#[7c]">&gt;&gt;</a>&nbsp;&nbsp;&nbsp;TFT_Send_Str
</UL>
<BR>[Address Reference Count : 1]<UL><LI> startup_stm32f030x8.o(RESET)
</UL>
<P><STRONG><a name="[9b]"></a>TIM17_Init</STRONG> (Thumb, 98 bytes, Stack size 8 bytes, tim.o(i.TIM17_Init))
<BR><BR>[Stack]<UL><LI>Max Depth = 16<LI>Call Chain = TIM17_Init &rArr; __NVIC_SetPriority
</UL>
<BR>[Calls]<UL><LI><a href="#[98]">&gt;&gt;</a>&nbsp;&nbsp;&nbsp;__NVIC_SetPriority
<LI><a href="#[97]">&gt;&gt;</a>&nbsp;&nbsp;&nbsp;__NVIC_EnableIRQ
<LI><a href="#[89]">&gt;&gt;</a>&nbsp;&nbsp;&nbsp;__aeabi_uidivmod
</UL>
<BR>[Called By]<UL><LI><a href="#[3d]">&gt;&gt;</a>&nbsp;&nbsp;&nbsp;main
</UL>

<P><STRONG><a name="[b4]"></a>TIM1_PWM_Init</STRONG> (Thumb, 136 bytes, Stack size 0 bytes, tim.o(i.TIM1_PWM_Init))
<BR><BR>[Called By]<UL><LI><a href="#[3d]">&gt;&gt;</a>&nbsp;&nbsp;&nbsp;main
</UL>

<P><STRONG><a name="[21]"></a>TIM3_IRQHandler</STRONG> (Thumb, 220 bytes, Stack size 0 bytes, tim.o(i.TIM3_IRQHandler))
<BR>[Address Reference Count : 1]<UL><LI> startup_stm32f030x8.o(RESET)
</UL>
<P><STRONG><a name="[9c]"></a>TIM3_Init</STRONG> (Thumb, 114 bytes, Stack size 8 bytes, tim.o(i.TIM3_Init))
<BR><BR>[Stack]<UL><LI>Max Depth = 16<LI>Call Chain = TIM3_Init &rArr; __NVIC_SetPriority
</UL>
<BR>[Calls]<UL><LI><a href="#[98]">&gt;&gt;</a>&nbsp;&nbsp;&nbsp;__NVIC_SetPriority
<LI><a href="#[97]">&gt;&gt;</a>&nbsp;&nbsp;&nbsp;__NVIC_EnableIRQ
<LI><a href="#[89]">&gt;&gt;</a>&nbsp;&nbsp;&nbsp;__aeabi_uidivmod
</UL>
<BR>[Called By]<UL><LI><a href="#[3d]">&gt;&gt;</a>&nbsp;&nbsp;&nbsp;main
</UL>

<P><STRONG><a name="[22]"></a>TIM6_IRQHandler</STRONG> (Thumb, 1846 bytes, Stack size 32 bytes, tim.o(i.TIM6_IRQHandler))
<BR><BR>[Stack]<UL><LI>Max Depth = 592 + Unknown Stack Size
<LI>Call Chain = TIM6_IRQHandler &rArr; FLASH_WriteByte &rArr; FLASH_WriteStr &rArr; FLASH_ReadStr
</UL>
<BR>[Calls]<UL><LI><a href="#[93]">&gt;&gt;</a>&nbsp;&nbsp;&nbsp;TFT_Send_Command
<LI><a href="#[7c]">&gt;&gt;</a>&nbsp;&nbsp;&nbsp;TFT_Send_Str
<LI><a href="#[7d]">&gt;&gt;</a>&nbsp;&nbsp;&nbsp;TFT_Fill_Area
<LI><a href="#[73]">&gt;&gt;</a>&nbsp;&nbsp;&nbsp;FLASH_ReadStr
<LI><a href="#[8c]">&gt;&gt;</a>&nbsp;&nbsp;&nbsp;__ARM_common_switch8
<LI><a href="#[62]">&gt;&gt;</a>&nbsp;&nbsp;&nbsp;ALERT_ForClick
<LI><a href="#[91]">&gt;&gt;</a>&nbsp;&nbsp;&nbsp;TFT_Fill_Color
<LI><a href="#[79]">&gt;&gt;</a>&nbsp;&nbsp;&nbsp;Menu_Item_Select
<LI><a href="#[7a]">&gt;&gt;</a>&nbsp;&nbsp;&nbsp;Menu_Draw
<LI><a href="#[9d]">&gt;&gt;</a>&nbsp;&nbsp;&nbsp;Year_Plus
<LI><a href="#[8b]">&gt;&gt;</a>&nbsp;&nbsp;&nbsp;Month_Plus
<LI><a href="#[8a]">&gt;&gt;</a>&nbsp;&nbsp;&nbsp;Min_Plus
<LI><a href="#[87]">&gt;&gt;</a>&nbsp;&nbsp;&nbsp;Message_Menu_Navigation
<LI><a href="#[7e]">&gt;&gt;</a>&nbsp;&nbsp;&nbsp;Menu_Up
<LI><a href="#[77]">&gt;&gt;</a>&nbsp;&nbsp;&nbsp;Menu_Down
<LI><a href="#[76]">&gt;&gt;</a>&nbsp;&nbsp;&nbsp;Hour_Plus
<LI><a href="#[6b]">&gt;&gt;</a>&nbsp;&nbsp;&nbsp;Day_Plus
<LI><a href="#[88]">&gt;&gt;</a>&nbsp;&nbsp;&nbsp;Message_Read
<LI><a href="#[84]">&gt;&gt;</a>&nbsp;&nbsp;&nbsp;Mess_Menu_Draw
<LI><a href="#[71]">&gt;&gt;</a>&nbsp;&nbsp;&nbsp;FLASH_WriteByte
<LI><a href="#[6c]">&gt;&gt;</a>&nbsp;&nbsp;&nbsp;__aeabi_idivmod
<LI><a href="#[7b]">&gt;&gt;</a>&nbsp;&nbsp;&nbsp;strlen
<LI><a href="#[43]">&gt;&gt;</a>&nbsp;&nbsp;&nbsp;__2sprintf
</UL>
<BR>[Address Reference Count : 1]<UL><LI> startup_stm32f030x8.o(RESET)
</UL>
<P><STRONG><a name="[9e]"></a>TIM6_Init</STRONG> (Thumb, 94 bytes, Stack size 8 bytes, tim.o(i.TIM6_Init))
<BR><BR>[Stack]<UL><LI>Max Depth = 16<LI>Call Chain = TIM6_Init &rArr; __NVIC_SetPriority
</UL>
<BR>[Calls]<UL><LI><a href="#[98]">&gt;&gt;</a>&nbsp;&nbsp;&nbsp;__NVIC_SetPriority
<LI><a href="#[97]">&gt;&gt;</a>&nbsp;&nbsp;&nbsp;__NVIC_EnableIRQ
<LI><a href="#[89]">&gt;&gt;</a>&nbsp;&nbsp;&nbsp;__aeabi_uidivmod
</UL>
<BR>[Called By]<UL><LI><a href="#[3d]">&gt;&gt;</a>&nbsp;&nbsp;&nbsp;main
</UL>

<P><STRONG><a name="[6d]"></a>WeekDay_Calc</STRONG> (Thumb, 262 bytes, Stack size 56 bytes, tft-menu.o(i.WeekDay_Calc))
<BR><BR>[Stack]<UL><LI>Max Depth = 112<LI>Call Chain = WeekDay_Calc &rArr; __aeabi_dmul
</UL>
<BR>[Calls]<UL><LI><a href="#[9f]">&gt;&gt;</a>&nbsp;&nbsp;&nbsp;__aeabi_dmul
<LI><a href="#[59]">&gt;&gt;</a>&nbsp;&nbsp;&nbsp;__aeabi_ui2d
<LI><a href="#[a1]">&gt;&gt;</a>&nbsp;&nbsp;&nbsp;__aeabi_d2uiz
<LI><a href="#[a0]">&gt;&gt;</a>&nbsp;&nbsp;&nbsp;__aeabi_dsub
<LI><a href="#[6c]">&gt;&gt;</a>&nbsp;&nbsp;&nbsp;__aeabi_idivmod
</UL>
<BR>[Called By]<UL><LI><a href="#[9d]">&gt;&gt;</a>&nbsp;&nbsp;&nbsp;Year_Plus
<LI><a href="#[8b]">&gt;&gt;</a>&nbsp;&nbsp;&nbsp;Month_Plus
<LI><a href="#[6b]">&gt;&gt;</a>&nbsp;&nbsp;&nbsp;Day_Plus
</UL>

<P><STRONG><a name="[9d]"></a>Year_Plus</STRONG> (Thumb, 254 bytes, Stack size 8 bytes, tft-menu.o(i.Year_Plus))
<BR><BR>[Stack]<UL><LI>Max Depth = 120<LI>Call Chain = Year_Plus &rArr; WeekDay_Calc &rArr; __aeabi_dmul
</UL>
<BR>[Calls]<UL><LI><a href="#[6d]">&gt;&gt;</a>&nbsp;&nbsp;&nbsp;WeekDay_Calc
<LI><a href="#[6c]">&gt;&gt;</a>&nbsp;&nbsp;&nbsp;__aeabi_idivmod
</UL>
<BR>[Called By]<UL><LI><a href="#[22]">&gt;&gt;</a>&nbsp;&nbsp;&nbsp;TIM6_IRQHandler
</UL>

<P><STRONG><a name="[8c]"></a>__ARM_common_switch8</STRONG> (Thumb, 28 bytes, Stack size 8 bytes, chipcon.o(i.__ARM_common_switch8))
<BR><BR>[Stack]<UL><LI>Max Depth = 8<LI>Call Chain = __ARM_common_switch8
</UL>
<BR>[Called By]<UL><LI><a href="#[a7]">&gt;&gt;</a>&nbsp;&nbsp;&nbsp;chk_header
<LI><a href="#[bc]">&gt;&gt;</a>&nbsp;&nbsp;&nbsp;program
<LI><a href="#[22]">&gt;&gt;</a>&nbsp;&nbsp;&nbsp;TIM6_IRQHandler
<LI><a href="#[80]">&gt;&gt;</a>&nbsp;&nbsp;&nbsp;RTC_GetDate
</UL>

<P><STRONG><a name="[4a]"></a>_is_digit</STRONG> (Thumb, 14 bytes, Stack size 0 bytes, __printf_wp.o(i._is_digit))
<BR><BR>[Called By]<UL><LI><a href="#[49]">&gt;&gt;</a>&nbsp;&nbsp;&nbsp;__printf
</UL>

<P><STRONG><a name="[a2]"></a>cc2520osc_off</STRONG> (Thumb, 44 bytes, Stack size 4 bytes, chipcon.o(i.cc2520osc_off))
<BR><BR>[Stack]<UL><LI>Max Depth = 28<LI>Call Chain = cc2520osc_off &rArr; writeINS &rArr; spi1_write
</UL>
<BR>[Calls]<UL><LI><a href="#[a3]">&gt;&gt;</a>&nbsp;&nbsp;&nbsp;writeINS
</UL>
<BR>[Called By]<UL><LI><a href="#[a5]">&gt;&gt;</a>&nbsp;&nbsp;&nbsp;cc_init
</UL>

<P><STRONG><a name="[a4]"></a>cc2520osc_on</STRONG> (Thumb, 44 bytes, Stack size 4 bytes, chipcon.o(i.cc2520osc_on))
<BR><BR>[Stack]<UL><LI>Max Depth = 28<LI>Call Chain = cc2520osc_on &rArr; writeINS &rArr; spi1_write
</UL>
<BR>[Calls]<UL><LI><a href="#[a3]">&gt;&gt;</a>&nbsp;&nbsp;&nbsp;writeINS
</UL>
<BR>[Called By]<UL><LI><a href="#[a5]">&gt;&gt;</a>&nbsp;&nbsp;&nbsp;cc_init
</UL>

<P><STRONG><a name="[a5]"></a>cc_init</STRONG> (Thumb, 200 bytes, Stack size 24 bytes, chipcon.o(i.cc_init))
<BR><BR>[Stack]<UL><LI>Max Depth = 52<LI>Call Chain = cc_init &rArr; writeMEM &rArr; spi1_write
</UL>
<BR>[Calls]<UL><LI><a href="#[a6]">&gt;&gt;</a>&nbsp;&nbsp;&nbsp;writeMEM
<LI><a href="#[a3]">&gt;&gt;</a>&nbsp;&nbsp;&nbsp;writeINS
<LI><a href="#[a4]">&gt;&gt;</a>&nbsp;&nbsp;&nbsp;cc2520osc_on
<LI><a href="#[a2]">&gt;&gt;</a>&nbsp;&nbsp;&nbsp;cc2520osc_off
<LI><a href="#[64]">&gt;&gt;</a>&nbsp;&nbsp;&nbsp;delay
</UL>
<BR>[Called By]<UL><LI><a href="#[3d]">&gt;&gt;</a>&nbsp;&nbsp;&nbsp;main
</UL>

<P><STRONG><a name="[a7]"></a>chk_header</STRONG> (Thumb, 224 bytes, Stack size 4 bytes, chipcon.o(i.chk_header))
<BR><BR>[Stack]<UL><LI>Max Depth = 12<LI>Call Chain = chk_header &rArr; __ARM_common_switch8
</UL>
<BR>[Calls]<UL><LI><a href="#[8c]">&gt;&gt;</a>&nbsp;&nbsp;&nbsp;__ARM_common_switch8
</UL>
<BR>[Called By]<UL><LI><a href="#[bc]">&gt;&gt;</a>&nbsp;&nbsp;&nbsp;program
</UL>

<P><STRONG><a name="[a8]"></a>chl_load</STRONG> (Thumb, 58 bytes, Stack size 8 bytes, chipcon.o(i.chl_load))
<BR><BR>[Stack]<UL><LI>Max Depth = 36<LI>Call Chain = chl_load &rArr; writeMEM &rArr; spi1_write
</UL>
<BR>[Calls]<UL><LI><a href="#[a6]">&gt;&gt;</a>&nbsp;&nbsp;&nbsp;writeMEM
<LI><a href="#[a9]">&gt;&gt;</a>&nbsp;&nbsp;&nbsp;readMEM
</UL>
<BR>[Called By]<UL><LI><a href="#[bb]">&gt;&gt;</a>&nbsp;&nbsp;&nbsp;send_SOS_label
<LI><a href="#[3d]">&gt;&gt;</a>&nbsp;&nbsp;&nbsp;main
</UL>

<P><STRONG><a name="[aa]"></a>data_read</STRONG> (Thumb, 88 bytes, Stack size 24 bytes, chipcon.o(i.data_read))
<BR><BR>[Stack]<UL><LI>Max Depth = 168<LI>Call Chain = data_read &rArr; TFT_Send_Str &rArr; TFT_Send_Char &rArr; TFT_Set_Area &rArr; TFT_Send_Data
</UL>
<BR>[Calls]<UL><LI><a href="#[7c]">&gt;&gt;</a>&nbsp;&nbsp;&nbsp;TFT_Send_Str
<LI><a href="#[7d]">&gt;&gt;</a>&nbsp;&nbsp;&nbsp;TFT_Fill_Area
<LI><a href="#[73]">&gt;&gt;</a>&nbsp;&nbsp;&nbsp;FLASH_ReadStr
<LI><a href="#[ab]">&gt;&gt;</a>&nbsp;&nbsp;&nbsp;echo
</UL>
<BR>[Called By]<UL><LI><a href="#[bc]">&gt;&gt;</a>&nbsp;&nbsp;&nbsp;program
</UL>

<P><STRONG><a name="[ac]"></a>data_write</STRONG> (Thumb, 120 bytes, Stack size 24 bytes, chipcon.o(i.data_write))
<BR><BR>[Stack]<UL><LI>Max Depth = 312<LI>Call Chain = data_write &rArr; FLASH_WriteStr &rArr; FLASH_ReadStr
</UL>
<BR>[Calls]<UL><LI><a href="#[7c]">&gt;&gt;</a>&nbsp;&nbsp;&nbsp;TFT_Send_Str
<LI><a href="#[7d]">&gt;&gt;</a>&nbsp;&nbsp;&nbsp;TFT_Fill_Area
<LI><a href="#[74]">&gt;&gt;</a>&nbsp;&nbsp;&nbsp;FLASH_WriteStr
<LI><a href="#[ab]">&gt;&gt;</a>&nbsp;&nbsp;&nbsp;echo
<LI><a href="#[68]">&gt;&gt;</a>&nbsp;&nbsp;&nbsp;ALERT_ForNotification
<LI><a href="#[4c]">&gt;&gt;</a>&nbsp;&nbsp;&nbsp;__aeabi_memcpy
</UL>
<BR>[Called By]<UL><LI><a href="#[bc]">&gt;&gt;</a>&nbsp;&nbsp;&nbsp;program
</UL>

<P><STRONG><a name="[64]"></a>delay</STRONG> (Thumb, 26 bytes, Stack size 8 bytes, main.o(i.delay))
<BR><BR>[Stack]<UL><LI>Max Depth = 8<LI>Call Chain = delay
</UL>
<BR>[Called By]<UL><LI><a href="#[68]">&gt;&gt;</a>&nbsp;&nbsp;&nbsp;ALERT_ForNotification
<LI><a href="#[66]">&gt;&gt;</a>&nbsp;&nbsp;&nbsp;ALERT_ForMessage
<LI><a href="#[62]">&gt;&gt;</a>&nbsp;&nbsp;&nbsp;ALERT_ForClick
<LI><a href="#[6a]">&gt;&gt;</a>&nbsp;&nbsp;&nbsp;Boomer
<LI><a href="#[a5]">&gt;&gt;</a>&nbsp;&nbsp;&nbsp;cc_init
<LI><a href="#[92]">&gt;&gt;</a>&nbsp;&nbsp;&nbsp;TFT_Init
<LI><a href="#[69]">&gt;&gt;</a>&nbsp;&nbsp;&nbsp;ALERT_ForSOS
</UL>

<P><STRONG><a name="[ab]"></a>echo</STRONG> (Thumb, 12 bytes, Stack size 4 bytes, chipcon.o(i.echo))
<BR><BR>[Stack]<UL><LI>Max Depth = 44<LI>Call Chain = echo &rArr; tbuf_load &rArr; writeMEM &rArr; spi1_write
</UL>
<BR>[Calls]<UL><LI><a href="#[ae]">&gt;&gt;</a>&nbsp;&nbsp;&nbsp;tbuf_send
<LI><a href="#[ad]">&gt;&gt;</a>&nbsp;&nbsp;&nbsp;tbuf_load
</UL>
<BR>[Called By]<UL><LI><a href="#[c2]">&gt;&gt;</a>&nbsp;&nbsp;&nbsp;send_nack
<LI><a href="#[be]">&gt;&gt;</a>&nbsp;&nbsp;&nbsp;send_ack
<LI><a href="#[c1]">&gt;&gt;</a>&nbsp;&nbsp;&nbsp;send_PLA_CRC
<LI><a href="#[b1]">&gt;&gt;</a>&nbsp;&nbsp;&nbsp;goto_boot
<LI><a href="#[af]">&gt;&gt;</a>&nbsp;&nbsp;&nbsp;get_pla
<LI><a href="#[ac]">&gt;&gt;</a>&nbsp;&nbsp;&nbsp;data_write
<LI><a href="#[aa]">&gt;&gt;</a>&nbsp;&nbsp;&nbsp;data_read
</UL>

<P><STRONG><a name="[af]"></a>get_pla</STRONG> (Thumb, 378 bytes, Stack size 40 bytes, chipcon.o(i.get_pla))
<BR><BR>[Stack]<UL><LI>Max Depth = 328<LI>Call Chain = get_pla &rArr; FLASH_WriteStr &rArr; FLASH_ReadStr
</UL>
<BR>[Calls]<UL><LI><a href="#[7c]">&gt;&gt;</a>&nbsp;&nbsp;&nbsp;TFT_Send_Str
<LI><a href="#[7d]">&gt;&gt;</a>&nbsp;&nbsp;&nbsp;TFT_Fill_Area
<LI><a href="#[75]">&gt;&gt;</a>&nbsp;&nbsp;&nbsp;FLASH_WriteStr_PLA
<LI><a href="#[74]">&gt;&gt;</a>&nbsp;&nbsp;&nbsp;FLASH_WriteStr
<LI><a href="#[73]">&gt;&gt;</a>&nbsp;&nbsp;&nbsp;FLASH_ReadStr
<LI><a href="#[b0]">&gt;&gt;</a>&nbsp;&nbsp;&nbsp;CRC_Result
<LI><a href="#[ab]">&gt;&gt;</a>&nbsp;&nbsp;&nbsp;echo
<LI><a href="#[4c]">&gt;&gt;</a>&nbsp;&nbsp;&nbsp;__aeabi_memcpy
<LI><a href="#[7b]">&gt;&gt;</a>&nbsp;&nbsp;&nbsp;strlen
</UL>
<BR>[Called By]<UL><LI><a href="#[bc]">&gt;&gt;</a>&nbsp;&nbsp;&nbsp;program
</UL>

<P><STRONG><a name="[b1]"></a>goto_boot</STRONG> (Thumb, 300 bytes, Stack size 16 bytes, chipcon.o(i.goto_boot))
<BR><BR>[Stack]<UL><LI>Max Depth = 304<LI>Call Chain = goto_boot &rArr; FLASH_WriteStr &rArr; FLASH_ReadStr
</UL>
<BR>[Calls]<UL><LI><a href="#[74]">&gt;&gt;</a>&nbsp;&nbsp;&nbsp;FLASH_WriteStr
<LI><a href="#[ab]">&gt;&gt;</a>&nbsp;&nbsp;&nbsp;echo
<LI><a href="#[4d]">&gt;&gt;</a>&nbsp;&nbsp;&nbsp;__aeabi_memcpy4
</UL>
<BR>[Called By]<UL><LI><a href="#[bc]">&gt;&gt;</a>&nbsp;&nbsp;&nbsp;program
</UL>

<P><STRONG><a name="[3d]"></a>main</STRONG> (Thumb, 488 bytes, Stack size 16 bytes, main.o(i.main))
<BR><BR>[Stack]<UL><LI>Max Depth = 352<LI>Call Chain = main &rArr; program &rArr; get_pla &rArr; FLASH_WriteStr &rArr; FLASH_ReadStr
</UL>
<BR>[Calls]<UL><LI><a href="#[ba]">&gt;&gt;</a>&nbsp;&nbsp;&nbsp;send_label
<LI><a href="#[bb]">&gt;&gt;</a>&nbsp;&nbsp;&nbsp;send_SOS_label
<LI><a href="#[bc]">&gt;&gt;</a>&nbsp;&nbsp;&nbsp;program
<LI><a href="#[a8]">&gt;&gt;</a>&nbsp;&nbsp;&nbsp;chl_load
<LI><a href="#[a5]">&gt;&gt;</a>&nbsp;&nbsp;&nbsp;cc_init
<LI><a href="#[9e]">&gt;&gt;</a>&nbsp;&nbsp;&nbsp;TIM6_Init
<LI><a href="#[9c]">&gt;&gt;</a>&nbsp;&nbsp;&nbsp;TIM3_Init
<LI><a href="#[b4]">&gt;&gt;</a>&nbsp;&nbsp;&nbsp;TIM1_PWM_Init
<LI><a href="#[9b]">&gt;&gt;</a>&nbsp;&nbsp;&nbsp;TIM17_Init
<LI><a href="#[9a]">&gt;&gt;</a>&nbsp;&nbsp;&nbsp;TIM16_Init
<LI><a href="#[99]">&gt;&gt;</a>&nbsp;&nbsp;&nbsp;TIM15_Init
<LI><a href="#[96]">&gt;&gt;</a>&nbsp;&nbsp;&nbsp;TIM14_Init
<LI><a href="#[92]">&gt;&gt;</a>&nbsp;&nbsp;&nbsp;TFT_Init
<LI><a href="#[91]">&gt;&gt;</a>&nbsp;&nbsp;&nbsp;TFT_Fill_Color
<LI><a href="#[8e]">&gt;&gt;</a>&nbsp;&nbsp;&nbsp;TFT_Draw_Image_Mono
<LI><a href="#[b6]">&gt;&gt;</a>&nbsp;&nbsp;&nbsp;SPI2_Init
<LI><a href="#[b5]">&gt;&gt;</a>&nbsp;&nbsp;&nbsp;SPI1_Init
<LI><a href="#[79]">&gt;&gt;</a>&nbsp;&nbsp;&nbsp;Menu_Item_Select
<LI><a href="#[7a]">&gt;&gt;</a>&nbsp;&nbsp;&nbsp;Menu_Draw
<LI><a href="#[b7]">&gt;&gt;</a>&nbsp;&nbsp;&nbsp;I2C1_Init
<LI><a href="#[b3]">&gt;&gt;</a>&nbsp;&nbsp;&nbsp;GPIO_Init
<LI><a href="#[63]">&gt;&gt;</a>&nbsp;&nbsp;&nbsp;FLASH_ReadByte
<LI><a href="#[b2]">&gt;&gt;</a>&nbsp;&nbsp;&nbsp;Clock_Init
<LI><a href="#[b9]">&gt;&gt;</a>&nbsp;&nbsp;&nbsp;CRC_Init
<LI><a href="#[b8]">&gt;&gt;</a>&nbsp;&nbsp;&nbsp;Buttons_Init
<LI><a href="#[69]">&gt;&gt;</a>&nbsp;&nbsp;&nbsp;ALERT_ForSOS
<LI><a href="#[60]">&gt;&gt;</a>&nbsp;&nbsp;&nbsp;ADC_Init
</UL>
<BR>[Called By]<UL><LI><a href="#[3c]">&gt;&gt;</a>&nbsp;&nbsp;&nbsp;__rt_entry_main
</UL>

<P><STRONG><a name="[65]"></a>play_note</STRONG> (Thumb, 106 bytes, Stack size 24 bytes, alerts.o(i.play_note))
<BR><BR>[Stack]<UL><LI>Max Depth = 24<LI>Call Chain = play_note
</UL>
<BR>[Calls]<UL><LI><a href="#[89]">&gt;&gt;</a>&nbsp;&nbsp;&nbsp;__aeabi_uidivmod
</UL>
<BR>[Called By]<UL><LI><a href="#[68]">&gt;&gt;</a>&nbsp;&nbsp;&nbsp;ALERT_ForNotification
<LI><a href="#[62]">&gt;&gt;</a>&nbsp;&nbsp;&nbsp;ALERT_ForClick
<LI><a href="#[67]">&gt;&gt;</a>&nbsp;&nbsp;&nbsp;Ot_ulybki
<LI><a href="#[6a]">&gt;&gt;</a>&nbsp;&nbsp;&nbsp;Boomer
</UL>

<P><STRONG><a name="[bd]"></a>prg_off</STRONG> (Thumb, 126 bytes, Stack size 24 bytes, chipcon.o(i.prg_off))
<BR><BR>[Stack]<UL><LI>Max Depth = 168<LI>Call Chain = prg_off &rArr; TFT_Send_Str &rArr; TFT_Send_Char &rArr; TFT_Set_Area &rArr; TFT_Send_Data
</UL>
<BR>[Calls]<UL><LI><a href="#[7c]">&gt;&gt;</a>&nbsp;&nbsp;&nbsp;TFT_Send_Str
<LI><a href="#[7d]">&gt;&gt;</a>&nbsp;&nbsp;&nbsp;TFT_Fill_Area
<LI><a href="#[73]">&gt;&gt;</a>&nbsp;&nbsp;&nbsp;FLASH_ReadStr
<LI><a href="#[be]">&gt;&gt;</a>&nbsp;&nbsp;&nbsp;send_ack
<LI><a href="#[63]">&gt;&gt;</a>&nbsp;&nbsp;&nbsp;FLASH_ReadByte
</UL>
<BR>[Called By]<UL><LI><a href="#[bc]">&gt;&gt;</a>&nbsp;&nbsp;&nbsp;program
</UL>

<P><STRONG><a name="[bf]"></a>prg_on</STRONG> (Thumb, 72 bytes, Stack size 24 bytes, chipcon.o(i.prg_on))
<BR><BR>[Stack]<UL><LI>Max Depth = 168<LI>Call Chain = prg_on &rArr; TFT_Send_Str &rArr; TFT_Send_Char &rArr; TFT_Set_Area &rArr; TFT_Send_Data
</UL>
<BR>[Calls]<UL><LI><a href="#[7c]">&gt;&gt;</a>&nbsp;&nbsp;&nbsp;TFT_Send_Str
<LI><a href="#[7d]">&gt;&gt;</a>&nbsp;&nbsp;&nbsp;TFT_Fill_Area
<LI><a href="#[be]">&gt;&gt;</a>&nbsp;&nbsp;&nbsp;send_ack
</UL>
<BR>[Called By]<UL><LI><a href="#[bc]">&gt;&gt;</a>&nbsp;&nbsp;&nbsp;program
</UL>

<P><STRONG><a name="[bc]"></a>program</STRONG> (Thumb, 166 bytes, Stack size 8 bytes, chipcon.o(i.program))
<BR><BR>[Stack]<UL><LI>Max Depth = 336<LI>Call Chain = program &rArr; get_pla &rArr; FLASH_WriteStr &rArr; FLASH_ReadStr
</UL>
<BR>[Calls]<UL><LI><a href="#[c2]">&gt;&gt;</a>&nbsp;&nbsp;&nbsp;send_nack
<LI><a href="#[be]">&gt;&gt;</a>&nbsp;&nbsp;&nbsp;send_ack
<LI><a href="#[c1]">&gt;&gt;</a>&nbsp;&nbsp;&nbsp;send_PLA_CRC
<LI><a href="#[c0]">&gt;&gt;</a>&nbsp;&nbsp;&nbsp;rbuf_get
<LI><a href="#[bf]">&gt;&gt;</a>&nbsp;&nbsp;&nbsp;prg_on
<LI><a href="#[bd]">&gt;&gt;</a>&nbsp;&nbsp;&nbsp;prg_off
<LI><a href="#[b1]">&gt;&gt;</a>&nbsp;&nbsp;&nbsp;goto_boot
<LI><a href="#[af]">&gt;&gt;</a>&nbsp;&nbsp;&nbsp;get_pla
<LI><a href="#[ac]">&gt;&gt;</a>&nbsp;&nbsp;&nbsp;data_write
<LI><a href="#[aa]">&gt;&gt;</a>&nbsp;&nbsp;&nbsp;data_read
<LI><a href="#[a7]">&gt;&gt;</a>&nbsp;&nbsp;&nbsp;chk_header
<LI><a href="#[8c]">&gt;&gt;</a>&nbsp;&nbsp;&nbsp;__ARM_common_switch8
</UL>
<BR>[Called By]<UL><LI><a href="#[3d]">&gt;&gt;</a>&nbsp;&nbsp;&nbsp;main
</UL>

<P><STRONG><a name="[c0]"></a>rbuf_get</STRONG> (Thumb, 156 bytes, Stack size 16 bytes, chipcon.o(i.rbuf_get))
<BR><BR>[Stack]<UL><LI>Max Depth = 40<LI>Call Chain = rbuf_get &rArr; writeINS &rArr; spi1_write
</UL>
<BR>[Calls]<UL><LI><a href="#[a3]">&gt;&gt;</a>&nbsp;&nbsp;&nbsp;writeINS
<LI><a href="#[c3]">&gt;&gt;</a>&nbsp;&nbsp;&nbsp;spi1_write
</UL>
<BR>[Called By]<UL><LI><a href="#[bc]">&gt;&gt;</a>&nbsp;&nbsp;&nbsp;program
</UL>

<P><STRONG><a name="[a9]"></a>readMEM</STRONG> (Thumb, 60 bytes, Stack size 12 bytes, chipcon.o(i.readMEM))
<BR><BR>[Stack]<UL><LI>Max Depth = 24<LI>Call Chain = readMEM &rArr; spi1_write
</UL>
<BR>[Calls]<UL><LI><a href="#[c3]">&gt;&gt;</a>&nbsp;&nbsp;&nbsp;spi1_write
</UL>
<BR>[Called By]<UL><LI><a href="#[ba]">&gt;&gt;</a>&nbsp;&nbsp;&nbsp;send_label
<LI><a href="#[bb]">&gt;&gt;</a>&nbsp;&nbsp;&nbsp;send_SOS_label
<LI><a href="#[a8]">&gt;&gt;</a>&nbsp;&nbsp;&nbsp;chl_load
</UL>

<P><STRONG><a name="[c1]"></a>send_PLA_CRC</STRONG> (Thumb, 188 bytes, Stack size 32 bytes, chipcon.o(i.send_PLA_CRC))
<BR><BR>[Stack]<UL><LI>Max Depth = 176<LI>Call Chain = send_PLA_CRC &rArr; TFT_Send_Str &rArr; TFT_Send_Char &rArr; TFT_Set_Area &rArr; TFT_Send_Data
</UL>
<BR>[Calls]<UL><LI><a href="#[7c]">&gt;&gt;</a>&nbsp;&nbsp;&nbsp;TFT_Send_Str
<LI><a href="#[7d]">&gt;&gt;</a>&nbsp;&nbsp;&nbsp;TFT_Fill_Area
<LI><a href="#[73]">&gt;&gt;</a>&nbsp;&nbsp;&nbsp;FLASH_ReadStr
<LI><a href="#[b0]">&gt;&gt;</a>&nbsp;&nbsp;&nbsp;CRC_Result
<LI><a href="#[ab]">&gt;&gt;</a>&nbsp;&nbsp;&nbsp;echo
<LI><a href="#[7b]">&gt;&gt;</a>&nbsp;&nbsp;&nbsp;strlen
</UL>
<BR>[Called By]<UL><LI><a href="#[bc]">&gt;&gt;</a>&nbsp;&nbsp;&nbsp;program
</UL>

<P><STRONG><a name="[bb]"></a>send_SOS_label</STRONG> (Thumb, 76 bytes, Stack size 4 bytes, chipcon.o(i.send_SOS_label))
<BR><BR>[Stack]<UL><LI>Max Depth = 44<LI>Call Chain = send_SOS_label &rArr; tbuf_load &rArr; writeMEM &rArr; spi1_write
</UL>
<BR>[Calls]<UL><LI><a href="#[a3]">&gt;&gt;</a>&nbsp;&nbsp;&nbsp;writeINS
<LI><a href="#[ae]">&gt;&gt;</a>&nbsp;&nbsp;&nbsp;tbuf_send
<LI><a href="#[ad]">&gt;&gt;</a>&nbsp;&nbsp;&nbsp;tbuf_load
<LI><a href="#[a9]">&gt;&gt;</a>&nbsp;&nbsp;&nbsp;readMEM
<LI><a href="#[a8]">&gt;&gt;</a>&nbsp;&nbsp;&nbsp;chl_load
</UL>
<BR>[Called By]<UL><LI><a href="#[3d]">&gt;&gt;</a>&nbsp;&nbsp;&nbsp;main
</UL>

<P><STRONG><a name="[be]"></a>send_ack</STRONG> (Thumb, 126 bytes, Stack size 4 bytes, chipcon.o(i.send_ack))
<BR><BR>[Stack]<UL><LI>Max Depth = 48<LI>Call Chain = send_ack &rArr; echo &rArr; tbuf_load &rArr; writeMEM &rArr; spi1_write
</UL>
<BR>[Calls]<UL><LI><a href="#[ab]">&gt;&gt;</a>&nbsp;&nbsp;&nbsp;echo
</UL>
<BR>[Called By]<UL><LI><a href="#[bf]">&gt;&gt;</a>&nbsp;&nbsp;&nbsp;prg_on
<LI><a href="#[bd]">&gt;&gt;</a>&nbsp;&nbsp;&nbsp;prg_off
<LI><a href="#[bc]">&gt;&gt;</a>&nbsp;&nbsp;&nbsp;program
</UL>

<P><STRONG><a name="[ba]"></a>send_label</STRONG> (Thumb, 70 bytes, Stack size 4 bytes, chipcon.o(i.send_label))
<BR><BR>[Stack]<UL><LI>Max Depth = 44<LI>Call Chain = send_label &rArr; tbuf_load &rArr; writeMEM &rArr; spi1_write
</UL>
<BR>[Calls]<UL><LI><a href="#[a3]">&gt;&gt;</a>&nbsp;&nbsp;&nbsp;writeINS
<LI><a href="#[ae]">&gt;&gt;</a>&nbsp;&nbsp;&nbsp;tbuf_send
<LI><a href="#[ad]">&gt;&gt;</a>&nbsp;&nbsp;&nbsp;tbuf_load
<LI><a href="#[a9]">&gt;&gt;</a>&nbsp;&nbsp;&nbsp;readMEM
</UL>
<BR>[Called By]<UL><LI><a href="#[3d]">&gt;&gt;</a>&nbsp;&nbsp;&nbsp;main
</UL>

<P><STRONG><a name="[c2]"></a>send_nack</STRONG> (Thumb, 38 bytes, Stack size 4 bytes, chipcon.o(i.send_nack))
<BR><BR>[Stack]<UL><LI>Max Depth = 48<LI>Call Chain = send_nack &rArr; echo &rArr; tbuf_load &rArr; writeMEM &rArr; spi1_write
</UL>
<BR>[Calls]<UL><LI><a href="#[ab]">&gt;&gt;</a>&nbsp;&nbsp;&nbsp;echo
</UL>
<BR>[Called By]<UL><LI><a href="#[bc]">&gt;&gt;</a>&nbsp;&nbsp;&nbsp;program
</UL>

<P><STRONG><a name="[c3]"></a>spi1_write</STRONG> (Thumb, 112 bytes, Stack size 12 bytes, chipcon.o(i.spi1_write))
<BR><BR>[Stack]<UL><LI>Max Depth = 12<LI>Call Chain = spi1_write
</UL>
<BR>[Called By]<UL><LI><a href="#[a6]">&gt;&gt;</a>&nbsp;&nbsp;&nbsp;writeMEM
<LI><a href="#[a3]">&gt;&gt;</a>&nbsp;&nbsp;&nbsp;writeINS
<LI><a href="#[ad]">&gt;&gt;</a>&nbsp;&nbsp;&nbsp;tbuf_load
<LI><a href="#[a9]">&gt;&gt;</a>&nbsp;&nbsp;&nbsp;readMEM
<LI><a href="#[c0]">&gt;&gt;</a>&nbsp;&nbsp;&nbsp;rbuf_get
</UL>

<P><STRONG><a name="[ad]"></a>tbuf_load</STRONG> (Thumb, 98 bytes, Stack size 12 bytes, chipcon.o(i.tbuf_load))
<BR><BR>[Stack]<UL><LI>Max Depth = 40<LI>Call Chain = tbuf_load &rArr; writeMEM &rArr; spi1_write
</UL>
<BR>[Calls]<UL><LI><a href="#[a6]">&gt;&gt;</a>&nbsp;&nbsp;&nbsp;writeMEM
<LI><a href="#[a3]">&gt;&gt;</a>&nbsp;&nbsp;&nbsp;writeINS
<LI><a href="#[c3]">&gt;&gt;</a>&nbsp;&nbsp;&nbsp;spi1_write
</UL>
<BR>[Called By]<UL><LI><a href="#[ab]">&gt;&gt;</a>&nbsp;&nbsp;&nbsp;echo
<LI><a href="#[ba]">&gt;&gt;</a>&nbsp;&nbsp;&nbsp;send_label
<LI><a href="#[bb]">&gt;&gt;</a>&nbsp;&nbsp;&nbsp;send_SOS_label
</UL>

<P><STRONG><a name="[ae]"></a>tbuf_send</STRONG> (Thumb, 116 bytes, Stack size 12 bytes, chipcon.o(i.tbuf_send))
<BR><BR>[Stack]<UL><LI>Max Depth = 36<LI>Call Chain = tbuf_send &rArr; writeINS &rArr; spi1_write
</UL>
<BR>[Calls]<UL><LI><a href="#[a3]">&gt;&gt;</a>&nbsp;&nbsp;&nbsp;writeINS
</UL>
<BR>[Called By]<UL><LI><a href="#[ab]">&gt;&gt;</a>&nbsp;&nbsp;&nbsp;echo
<LI><a href="#[ba]">&gt;&gt;</a>&nbsp;&nbsp;&nbsp;send_label
<LI><a href="#[bb]">&gt;&gt;</a>&nbsp;&nbsp;&nbsp;send_SOS_label
</UL>

<P><STRONG><a name="[a3]"></a>writeINS</STRONG> (Thumb, 48 bytes, Stack size 12 bytes, chipcon.o(i.writeINS))
<BR><BR>[Stack]<UL><LI>Max Depth = 24<LI>Call Chain = writeINS &rArr; spi1_write
</UL>
<BR>[Calls]<UL><LI><a href="#[c3]">&gt;&gt;</a>&nbsp;&nbsp;&nbsp;spi1_write
</UL>
<BR>[Called By]<UL><LI><a href="#[ae]">&gt;&gt;</a>&nbsp;&nbsp;&nbsp;tbuf_send
<LI><a href="#[ad]">&gt;&gt;</a>&nbsp;&nbsp;&nbsp;tbuf_load
<LI><a href="#[c0]">&gt;&gt;</a>&nbsp;&nbsp;&nbsp;rbuf_get
<LI><a href="#[a4]">&gt;&gt;</a>&nbsp;&nbsp;&nbsp;cc2520osc_on
<LI><a href="#[a2]">&gt;&gt;</a>&nbsp;&nbsp;&nbsp;cc2520osc_off
<LI><a href="#[ba]">&gt;&gt;</a>&nbsp;&nbsp;&nbsp;send_label
<LI><a href="#[bb]">&gt;&gt;</a>&nbsp;&nbsp;&nbsp;send_SOS_label
<LI><a href="#[a5]">&gt;&gt;</a>&nbsp;&nbsp;&nbsp;cc_init
</UL>

<P><STRONG><a name="[a6]"></a>writeMEM</STRONG> (Thumb, 62 bytes, Stack size 16 bytes, chipcon.o(i.writeMEM))
<BR><BR>[Stack]<UL><LI>Max Depth = 28<LI>Call Chain = writeMEM &rArr; spi1_write
</UL>
<BR>[Calls]<UL><LI><a href="#[c3]">&gt;&gt;</a>&nbsp;&nbsp;&nbsp;spi1_write
</UL>
<BR>[Called By]<UL><LI><a href="#[ad]">&gt;&gt;</a>&nbsp;&nbsp;&nbsp;tbuf_load
<LI><a href="#[a8]">&gt;&gt;</a>&nbsp;&nbsp;&nbsp;chl_load
<LI><a href="#[a5]">&gt;&gt;</a>&nbsp;&nbsp;&nbsp;cc_init
</UL>
<P>
<H3>
Local Symbols
</H3>
<P><STRONG><a name="[61]"></a>__NVIC_SetPriority</STRONG> (Thumb, 110 bytes, Stack size 8 bytes, adc.o(i.__NVIC_SetPriority))
<BR><BR>[Stack]<UL><LI>Max Depth = 8<LI>Call Chain = __NVIC_SetPriority
</UL>
<BR>[Called By]<UL><LI><a href="#[60]">&gt;&gt;</a>&nbsp;&nbsp;&nbsp;ADC_Init
</UL>

<P><STRONG><a name="[70]"></a>FLASH_Lock</STRONG> (Thumb, 14 bytes, Stack size 0 bytes, flash.o(i.FLASH_Lock))
<BR><BR>[Called By]<UL><LI><a href="#[75]">&gt;&gt;</a>&nbsp;&nbsp;&nbsp;FLASH_WriteStr_PLA
<LI><a href="#[74]">&gt;&gt;</a>&nbsp;&nbsp;&nbsp;FLASH_WriteStr
<LI><a href="#[6e]">&gt;&gt;</a>&nbsp;&nbsp;&nbsp;FLASH_PageErase
</UL>

<P><STRONG><a name="[6f]"></a>FLASH_Unlock</STRONG> (Thumb, 38 bytes, Stack size 0 bytes, flash.o(i.FLASH_Unlock))
<BR><BR>[Called By]<UL><LI><a href="#[75]">&gt;&gt;</a>&nbsp;&nbsp;&nbsp;FLASH_WriteStr_PLA
<LI><a href="#[74]">&gt;&gt;</a>&nbsp;&nbsp;&nbsp;FLASH_WriteStr
<LI><a href="#[6e]">&gt;&gt;</a>&nbsp;&nbsp;&nbsp;FLASH_PageErase
</UL>

<P><STRONG><a name="[97]"></a>__NVIC_EnableIRQ</STRONG> (Thumb, 18 bytes, Stack size 0 bytes, tim.o(i.__NVIC_EnableIRQ))
<BR><BR>[Called By]<UL><LI><a href="#[9e]">&gt;&gt;</a>&nbsp;&nbsp;&nbsp;TIM6_Init
<LI><a href="#[9c]">&gt;&gt;</a>&nbsp;&nbsp;&nbsp;TIM3_Init
<LI><a href="#[9b]">&gt;&gt;</a>&nbsp;&nbsp;&nbsp;TIM17_Init
<LI><a href="#[9a]">&gt;&gt;</a>&nbsp;&nbsp;&nbsp;TIM16_Init
<LI><a href="#[99]">&gt;&gt;</a>&nbsp;&nbsp;&nbsp;TIM15_Init
<LI><a href="#[96]">&gt;&gt;</a>&nbsp;&nbsp;&nbsp;TIM14_Init
</UL>

<P><STRONG><a name="[98]"></a>__NVIC_SetPriority</STRONG> (Thumb, 110 bytes, Stack size 8 bytes, tim.o(i.__NVIC_SetPriority))
<BR><BR>[Stack]<UL><LI>Max Depth = 8<LI>Call Chain = __NVIC_SetPriority
</UL>
<BR>[Called By]<UL><LI><a href="#[9e]">&gt;&gt;</a>&nbsp;&nbsp;&nbsp;TIM6_Init
<LI><a href="#[9c]">&gt;&gt;</a>&nbsp;&nbsp;&nbsp;TIM3_Init
<LI><a href="#[9b]">&gt;&gt;</a>&nbsp;&nbsp;&nbsp;TIM17_Init
<LI><a href="#[9a]">&gt;&gt;</a>&nbsp;&nbsp;&nbsp;TIM16_Init
<LI><a href="#[99]">&gt;&gt;</a>&nbsp;&nbsp;&nbsp;TIM15_Init
<LI><a href="#[96]">&gt;&gt;</a>&nbsp;&nbsp;&nbsp;TIM14_Init
</UL>

<P><STRONG><a name="[54]"></a>_dadd1</STRONG> (Thumb, 290 bytes, Stack size 20 bytes, daddsub.o(.text), UNUSED)
<BR><BR>[Called By]<UL><LI><a href="#[56]">&gt;&gt;</a>&nbsp;&nbsp;&nbsp;_drsb
<LI><a href="#[55]">&gt;&gt;</a>&nbsp;&nbsp;&nbsp;_dsub
<LI><a href="#[52]">&gt;&gt;</a>&nbsp;&nbsp;&nbsp;_dadd
</UL>

<P><STRONG><a name="[53]"></a>_dsub1</STRONG> (Thumb, 470 bytes, Stack size 40 bytes, daddsub.o(.text), UNUSED)
<BR><BR>[Called By]<UL><LI><a href="#[56]">&gt;&gt;</a>&nbsp;&nbsp;&nbsp;_drsb
<LI><a href="#[55]">&gt;&gt;</a>&nbsp;&nbsp;&nbsp;_dsub
<LI><a href="#[52]">&gt;&gt;</a>&nbsp;&nbsp;&nbsp;_dadd
</UL>

<P><STRONG><a name="[30]"></a>_printf_input_char</STRONG> (Thumb, 10 bytes, Stack size 0 bytes, _printf_char_common.o(.text))
<BR>[Address Reference Count : 1]<UL><LI> _printf_char_common.o(.text)
</UL><P>
<H3>
Undefined Global Symbols
</H3>
<P><STRONG><a name="[5e]"></a>_call_atexit_fns</STRONG> (ARM, 0 bytes, Stack size 0 bytes, UNDEFINED)
<BR><BR>[Called By]<UL><LI><a href="#[3e]">&gt;&gt;</a>&nbsp;&nbsp;&nbsp;exit
</UL>

<P><STRONG><a name="[45]"></a>_printf_truncate_signed</STRONG> (ARM, 0 bytes, Stack size 0 bytes, UNDEFINED)
<BR><BR>[Called By]<UL><LI><a href="#[37]">&gt;&gt;</a>&nbsp;&nbsp;&nbsp;_printf_int_dec
</UL>

<P><STRONG><a name="[46]"></a>_printf_truncate_unsigned</STRONG> (ARM, 0 bytes, Stack size 0 bytes, UNDEFINED)
<BR><BR>[Called By]<UL><LI><a href="#[37]">&gt;&gt;</a>&nbsp;&nbsp;&nbsp;_printf_int_dec
</UL>
<HR></body></html>
