Component: ARM Compiler 5.06 update 7 (build 960) Tool: armlink [4d3601]

==============================================================================

Section Cross References

    main.o(i.main) refers to rcc.o(i.Clock_Init) for Clock_Init
    main.o(i.main) refers to systick.o(i.SYSTICK_Init) for SYSTICK_Init
    main.o(i.main) refers to gpio.o(i.GPIO_Init) for GPIO_Init
    main.o(i.main) refers to adc.o(i.ADC_Init) for ADC_Init
    main.o(i.main) refers to tim.o(i.TIM1_PWM_Init) for TIM1_PWM_Init
    main.o(i.main) refers to spi.o(i.SPI1_Init) for SPI1_Init
    main.o(i.main) refers to spi.o(i.SPI2_Init) for SPI2_Init
    main.o(i.main) refers to disp.o(i.TFT_Init) for TFT_Init
    main.o(i.main) refers to i2c.o(i.I2C1_Init) for I2C1_Init
    main.o(i.main) refers to tim.o(i.TIM3_Init) for TIM3_Init
    main.o(i.main) refers to tim.o(i.TIM15_Init) for TIM15_Init
    main.o(i.main) refers to tim.o(i.TIM16_Init) for TIM16_Init
    main.o(i.main) refers to tim.o(i.TIM17_Init) for TIM17_Init
    main.o(i.main) refers to tft-menu.o(i.Buttons_Init) for Buttons_Init
    main.o(i.main) refers to tim.o(i.TIM6_Init) for TIM6_Init
    main.o(i.main) refers to chipcon.o(i.cc_init) for cc_init
    main.o(i.main) refers to crc.o(i.CRC_Init) for CRC_Init
    main.o(i.main) refers to flash.o(i.FLASH_ReadByte) for FLASH_ReadByte
    main.o(i.main) refers to flash.o(i.FLASH_WriteByte) for FLASH_WriteByte
    main.o(i.main) refers to disp.o(i.TFT_Fill_Color) for TFT_Fill_Color
    main.o(i.main) refers to disp.o(i.TFT_Draw_Image_Mono) for TFT_Draw_Image_Mono
    main.o(i.main) refers to tft-menu.o(i.Menu_Draw) for Menu_Draw
    main.o(i.main) refers to tft-menu.o(i.Menu_Item_Select) for Menu_Item_Select
    main.o(i.main) refers to chipcon.o(i.chl_load) for chl_load
    main.o(i.main) refers to chipcon.o(i.send_label) for send_label
    main.o(i.main) refers to chipcon.o(i.send_SOS_label) for send_SOS_label
    main.o(i.main) refers to alerts.o(i.ALERT_ForSOS) for ALERT_ForSOS
    main.o(i.main) refers to chipcon.o(i.program) for program
    main.o(i.main) refers to chipcon.o(.data) for label
    main.o(i.main) refers to main.o(.constdata) for logo_mono_arr
    main.o(i.main) refers to tft-menu.o(.constdata) for menu_main
    main.o(i.main) refers to data.o(.data) for cc_flag
    main.o(i.main) refers to tim.o(.data) for adc_in_flag
    main.o(i.main) refers to main.o(.data) for wait_to_sleep
    adc.o(i.ADC1_IRQHandler) refers to tim.o(.data) for adc_in_flag
    adc.o(i.ADC1_IRQHandler) refers to adc.o(.data) for adc
    adc.o(i.ADC1_Result_DMA) refers to adc.o(.data) for adc
    adc.o(i.ADC_Init) refers to adc.o(i.__NVIC_SetPriority) for __NVIC_SetPriority
    alerts.o(i.Boomer) refers to alerts.o(i.play_note) for play_note
    alerts.o(i.Boomer) refers to main.o(i.delay) for delay
    alerts.o(i.Imperial_March) refers to alerts.o(i.play_note) for play_note
    alerts.o(i.Imperial_March) refers to main.o(i.delay) for delay
    alerts.o(i.Ot_ulybki) refers to alerts.o(i.play_note) for play_note
    alerts.o(i.play_note) refers to aeabi_sdiv.o(.text) for __aeabi_uidivmod
    chipcon.o(i.cc2520osc_off) refers to chipcon.o(i.writeINS) for writeINS
    chipcon.o(i.cc2520osc_off) refers to data.o(.data) for timer1ms
    chipcon.o(i.cc2520osc_on) refers to chipcon.o(i.writeINS) for writeINS
    chipcon.o(i.cc2520osc_on) refers to data.o(.data) for timer1ms
    chipcon.o(i.cc_init) refers to main.o(i.delay) for delay
    chipcon.o(i.cc_init) refers to chipcon.o(i.cc2520osc_off) for cc2520osc_off
    chipcon.o(i.cc_init) refers to chipcon.o(i.cc2520osc_on) for cc2520osc_on
    chipcon.o(i.cc_init) refers to chipcon.o(i.writeMEM) for writeMEM
    chipcon.o(i.cc_init) refers to chipcon.o(i.writeINS) for writeINS
    chipcon.o(i.cc_init) refers to chipcon.o(.data) for cc2520_initval
    chipcon.o(i.cc_init) refers to data.o(.data) for cc_flag
    chipcon.o(i.chk_header) refers to chipcon.o(i.__ARM_common_switch8) for __ARM_common_switch8
    chipcon.o(i.chk_header) refers to data.o(.bss) for ccbuf
    chipcon.o(i.chk_header) refers to chipcon.o(.data) for label
    chipcon.o(i.chl_load) refers to chipcon.o(i.writeMEM) for writeMEM
    chipcon.o(i.chl_load) refers to chipcon.o(i.readMEM) for readMEM
    chipcon.o(i.chl_load) refers to data.o(.data) for cctimer
    chipcon.o(i.data_read) refers to flash.o(i.FLASH_ReadStr) for FLASH_ReadStr
    chipcon.o(i.data_read) refers to chipcon.o(i.echo) for echo
    chipcon.o(i.data_read) refers to disp.o(i.TFT_Fill_Area) for TFT_Fill_Area
    chipcon.o(i.data_read) refers to disp.o(i.TFT_Send_Str) for TFT_Send_Str
    chipcon.o(i.data_read) refers to data.o(.bss) for ccbuf
    chipcon.o(i.data_read) refers to fonts.o(.data) for Font_11x18
    chipcon.o(i.data_write) refers to rt_memcpy.o(.text) for __aeabi_memcpy
    chipcon.o(i.data_write) refers to chipcon.o(i.echo) for echo
    chipcon.o(i.data_write) refers to flash.o(i.FLASH_WriteStr) for FLASH_WriteStr
[...]
    .ARM.Collect$$libshutdown$$0000000C      0x0800412a   Section        0  libshutdown2.o(.ARM.Collect$$libshutdown$$0000000C)
    .ARM.Collect$$libshutdown$$0000000E      0x0800412a   Section        0  libshutdown2.o(.ARM.Collect$$libshutdown$$0000000E)
    .ARM.Collect$$libshutdown$$00000011      0x0800412a   Section        0  libshutdown2.o(.ARM.Collect$$libshutdown$$00000011)
    .ARM.Collect$$libshutdown$$00000012      0x0800412a   Section        2  libshutdown2.o(.ARM.Collect$$libshutdown$$00000012)
    .ARM.Collect$$rtentry$$00000000          0x0800412c   Section        0  __rtentry.o(.ARM.Collect$$rtentry$$00000000)
    .ARM.Collect$$rtentry$$00000002          0x0800412c   Section        0  __rtentry2.o(.ARM.Collect$$rtentry$$00000002)
    .ARM.Collect$$rtentry$$00000004          0x0800412c   Section        6  __rtentry4.o(.ARM.Collect$$rtentry$$00000004)
    .ARM.Collect$$rtentry$$00000009          0x08004132   Section        0  __rtentry2.o(.ARM.Collect$$rtentry$$00000009)
    .ARM.Collect$$rtentry$$0000000A          0x08004132   Section        4  __rtentry2.o(.ARM.Collect$$rtentry$$0000000A)
    .ARM.Collect$$rtentry$$0000000C          0x08004136   Section        0  __rtentry2.o(.ARM.Collect$$rtentry$$0000000C)
    .ARM.Collect$$rtentry$$0000000D          0x08004136   Section        8  __rtentry2.o(.ARM.Collect$$rtentry$$0000000D)
    .ARM.Collect$$rtexit$$00000000           0x0800413e   Section        2  rtexit.o(.ARM.Collect$$rtexit$$00000000)
    .ARM.Collect$$rtexit$$00000002           0x08004140   Section        0  rtexit2.o(.ARM.Collect$$rtexit$$00000002)
    .ARM.Collect$$rtexit$$00000003           0x08004140   Section        4  rtexit2.o(.ARM.Collect$$rtexit$$00000003)
    .ARM.Collect$$rtexit$$00000004           0x08004144   Section        6  rtexit2.o(.ARM.Collect$$rtexit$$00000004)
    .emb_text                                0x0800414c   Section       56  rt_memcpy.o(.emb_text)
    .text                                    0x08004184   Section       56  startup_stm32f030x8.o(.text)
    .text                                    0x080041bc   Section        0  noretval__2sprintf.o(.text)
    .text                                    0x080041e4   Section        0  _printf_pad.o(.text)
    .text                                    0x08004234   Section        0  _printf_dec.o(.text)
    .text                                    0x080042a0   Section        0  __printf_wp.o(.text)
    .text                                    0x080043b0   Section        0  strcpy.o(.text)
    .text                                    0x080043fc   Section        0  strlen.o(.text)
    .text                                    0x08004440   Section        0  strcat.o(.text)
    .text                                    0x08004458   Section        0  rt_memcpy.o(.text)
    .text                                    0x080044da   Section        0  rt_memclr.o(.text)
    .text                                    0x0800451a   Section      346  aeabi_sdiv.o(.text)
    .text                                    0x08004674   Section        0  heapauxi.o(.text)
    .text                                    0x0800467c   Section        0  daddsub.o(.text)
    _dadd1                                   0x0800467d   Thumb Code   290  daddsub.o(.text)
    _dsub1                                   0x0800479f   Thumb Code   470  daddsub.o(.text)
    .text                                    0x080049d4   Section        0  dfixui.o(.text)
    .text                                    0x08004a1c   Section        0  dflti.o(.text)
    .text                                    0x08004a74   Section        0  dmul.o(.text)
    .text                                    0x08004cbc   Section        0  _printf_intcommon.o(.text)
    .text                                    0x08004d6c   Section        0  _printf_char_common.o(.text)
    _printf_input_char                       0x08004d6d   Thumb Code    10  _printf_char_common.o(.text)
    .text                                    0x08004d9c   Section        0  _sputc.o(.text)
    .text                                    0x08004da6   Section        0  rtudiv10.o(.text)
    .text                                    0x08004dd0   Section        8  libspace.o(.text)
    .text                                    0x08004dd8   Section        2  use_no_semi.o(.text)
    .text                                    0x08004dda   Section       62  sys_stackheap_outer.o(.text)
    .text                                    0x08004dda   Section        0  indicate_semi.o(.text)
    .text                                    0x08004e18   Section        0  exit.o(.text)
    .text                                    0x08004e28   Section        0  sys_exit.o(.text)
    .text                                    0x08004e34   Section        0  __dczerorl2.o(.text)
    i.ADC1_IRQHandler                        0x08004e8c   Section        0  adc.o(i.ADC1_IRQHandler)
    i.ADC_Init                               0x080050bc   Section        0  adc.o(i.ADC_Init)
    i.ALERT_ForClick                         0x08005184   Section        0  alerts.o(i.ALERT_ForClick)
    i.ALERT_ForMessage                       0x080051d8   Section        0  alerts.o(i.ALERT_ForMessage)
    i.ALERT_ForNotification                  0x0800526c   Section        0  alerts.o(i.ALERT_ForNotification)
    i.ALERT_ForSOS                           0x08005304   Section        0  alerts.o(i.ALERT_ForSOS)
    i.Boomer                                 0x080053f8   Section        0  alerts.o(i.Boomer)
    i.Buttons_Init                           0x08005498   Section        0  tft-menu.o(i.Buttons_Init)
    i.CRC_Init                               0x080054dc   Section        0  crc.o(i.CRC_Init)
    i.CRC_Result                             0x08005508   Section        0  crc.o(i.CRC_Result)
    i.Clock_Init                             0x080055a4   Section        0  rcc.o(i.Clock_Init)
    i.DMA1_Channel1_IRQHandler               0x0800564c   Section        0  adc.o(i.DMA1_Channel1_IRQHandler)
    i.Day_Plus                               0x08005650   Section        0  tft-menu.o(i.Day_Plus)
    i.EXTI4_15_IRQHandler                    0x08005760   Section        0  exti.o(i.EXTI4_15_IRQHandler)
    i.FLASH_Lock                             0x08005774   Section        0  flash.o(i.FLASH_Lock)
    FLASH_Lock                               0x08005775   Thumb Code    14  flash.o(i.FLASH_Lock)
    i.FLASH_PageErase                        0x08005788   Section        0  flash.o(i.FLASH_PageErase)
    i.FLASH_ReadByte                         0x080057f0   Section        0  flash.o(i.FLASH_ReadByte)
    i.FLASH_ReadStr                          0x080057f6   Section        0  flash.o(i.FLASH_ReadStr)
    i.FLASH_Unlock                           0x0800580c   Section        0  flash.o(i.FLASH_Unlock)
    FLASH_Unlock                             0x0800580d   Thumb Code    38  flash.o(i.FLASH_Unlock)
    i.FLASH_WriteByte                        0x08005840   Section        0  flash.o(i.FLASH_WriteByte)
    i.FLASH_WriteStr                         0x0800587c   Section        0  flash.o(i.FLASH_WriteStr)
    i.FLASH_WriteStr_Mess                    0x08005924   Section        0  flash.o(i.FLASH_WriteStr_Mess)
    i.GPIO_Init                              0x080059f4   Section        0  gpio.o(i.GPIO_Init)
    i.HardFault_Handler                      0x08005a80   Section        0  main.o(i.HardFault_Handler)
    i.Hour_Plus                              0x08005a8c   Section        0  tft-menu.o(i.Hour_Plus)
    i.I2C1_Init                              0x08005b78   Section        0  i2c.o(i.I2C1_Init)
    i.Menu_Down                              0x08005c0c   Section        0  tft-menu.o(i.Menu_Down)
    i.Menu_Draw                              0x08005e30   Section        0  tft-menu.o(i.Menu_Draw)
    i.Menu_Item_Select                       0x08005eac   Section        0  tft-menu.o(i.Menu_Item_Select)
    i.Menu_Item_Unselect                     0x08005f04   Section        0  tft-menu.o(i.Menu_Item_Unselect)
    i.Menu_Up                                0x08005f44   Section        0  tft-menu.o(i.Menu_Up)
    i.MessRecToArch                          0x0800613c   Section        0  tft-menu.o(i.MessRecToArch)
    i.Mess_Menu_Draw                         0x080062a0   Section        0  tft-menu.o(i.Mess_Menu_Draw)
    i.Message_Menu_Item_Select               0x08006374   Section        0  tft-menu.o(i.Message_Menu_Item_Select)
    i.Message_Menu_Item_Unselect             0x080063d8   Section        0  tft-menu.o(i.Message_Menu_Item_Unselect)
    i.Message_Menu_Navigation                0x08006434   Section        0  tft-menu.o(i.Message_Menu_Navigation)
    i.Message_Read                           0x08006aa0   Section        0  tft-menu.o(i.Message_Read)
    i.Min_Plus                               0x08006b54   Section        0  tft-menu.o(i.Min_Plus)
    i.Month_Plus                             0x08006c40   Section        0  tft-menu.o(i.Month_Plus)
    i.Ot_ulybki                              0x08006d54   Section        0  alerts.o(i.Ot_ulybki)
    i.RTC_GetDate                            0x08006db8   Section        0  rtc.o(i.RTC_GetDate)
    i.RTC_GetTime                            0x08006f1c   Section        0  rtc.o(i.RTC_GetTime)
    i.RecToArch                              0x08006fb8   Section        0  tft-menu.o(i.RecToArch)
    i.SPI1_Init                              0x08006ffc   Section        0  spi.o(i.SPI1_Init)
    i.SPI2_Init                              0x08007090   Section        0  spi.o(i.SPI2_Init)
    i.SPI2_Send_Byte                         0x08007124   Section        0  spi.o(i.SPI2_Send_Byte)
    i.SYSTICK_Init                           0x0800714c   Section        0  systick.o(i.SYSTICK_Init)
    i.ShowSignal                             0x08007178   Section        0  tft-menu.o(i.ShowSignal)
    i.SysTick_Handler                        0x08007804   Section        0  systick.o(i.SysTick_Handler)
    i.SystemInit                             0x08007814   Section        0  system_stm32f0xx.o(i.SystemInit)
    i.TFT_Draw_Image_Mono                    0x08007818   Section        0  disp.o(i.TFT_Draw_Image_Mono)
    i.TFT_Fill_Area                          0x080078c8   Section        0  disp.o(i.TFT_Fill_Area)
    i.TFT_Fill_Color                         0x08007930   Section        0  disp.o(i.TFT_Fill_Color)
    i.TFT_Init                               0x08007980   Section        0  disp.o(i.TFT_Init)
    i.TFT_Send_Char                          0x08007ab8   Section        0  disp.o(i.TFT_Send_Char)
    i.TFT_Send_Command                       0x08007bbc   Section        0  disp.o(i.TFT_Send_Command)
    i.TFT_Send_Data                          0x08007bca   Section        0  disp.o(i.TFT_Send_Data)
    i.TFT_Send_Str                           0x08007bd8   Section        0  disp.o(i.TFT_Send_Str)
    i.TFT_Set_Area                           0x08007c34   Section        0  disp.o(i.TFT_Set_Area)
    i.TIM14_IRQHandler                       0x08007cac   Section        0  tim.o(i.TIM14_IRQHandler)
    i.TIM15_IRQHandler                       0x08007f90   Section        0  tim.o(i.TIM15_IRQHandler)
    i.TIM15_Init                             0x08007fd0   Section        0  tim.o(i.TIM15_Init)
    i.TIM16_IRQHandler                       0x08008040   Section        0  tim.o(i.TIM16_IRQHandler)
    i.TIM16_Init                             0x08008080   Section        0  tim.o(i.TIM16_Init)
    i.TIM17_IRQHandler                       0x080080f0   Section        0  tim.o(i.TIM17_IRQHandler)
    i.TIM17_Init                             0x080084a8   Section        0  tim.o(i.TIM17_Init)
    i.TIM1_PWM_Init                          0x08008518   Section        0  tim.o(i.TIM1_PWM_Init)
    i.TIM3_IRQHandler                        0x080085ac   Section        0  tim.o(i.TIM3_IRQHandler)
    i.TIM3_Init                              0x08008914   Section        0  tim.o(i.TIM3_Init)
    i.TIM6_IRQHandler                        0x0800899c   Section        0  tim.o(i.TIM6_IRQHandler)
    i.TIM6_Init                              0x08009144   Section        0  tim.o(i.TIM6_Init)
    i.WeekDay_Calc                           0x080091b0   Section        0  tft-menu.o(i.WeekDay_Calc)
    i.Year_Plus                              0x080092cc   Section        0  tft-menu.o(i.Year_Plus)
    i.__ARM_common_switch8                   0x080093d8   Section        0  chipcon.o(i.__ARM_common_switch8)
    i.__NVIC_EnableIRQ                       0x080093f4   Section        0  tim.o(i.__NVIC_EnableIRQ)
    __NVIC_EnableIRQ                         0x080093f5   Thumb Code    18  tim.o(i.__NVIC_EnableIRQ)
    i.__NVIC_SetPriority                     0x0800940c   Section        0  adc.o(i.__NVIC_SetPriority)
    __NVIC_SetPriority                       0x0800940d   Thumb Code   110  adc.o(i.__NVIC_SetPriority)
    i.__NVIC_SetPriority                     0x08009484   Section        0  tim.o(i.__NVIC_SetPriority)
    __NVIC_SetPriority                       0x08009485   Thumb Code   110  tim.o(i.__NVIC_SetPriority)
    i._is_digit                              0x080094fc   Section        0  __printf_wp.o(i._is_digit)
    i.cc2520osc_off                          0x0800950c   Section        0  chipcon.o(i.cc2520osc_off)
    i.cc2520osc_on                           0x0800953c   Section        0  chipcon.o(i.cc2520osc_on)
    i.cc_init                                0x0800956c   Section        0  chipcon.o(i.cc_init)
    i.chk_header                             0x08009640   Section        0  chipcon.o(i.chk_header)
    i.chl_load                               0x08009728   Section        0  chipcon.o(i.chl_load)
    i.data_read                              0x08009768   Section        0  chipcon.o(i.data_read)
    i.data_write                             0x080097e8   Section        0  chipcon.o(i.data_write)
    i.delay                                  0x0800988c   Section        0  main.o(i.delay)
    i.echo                                   0x080098ac   Section        0  chipcon.o(i.echo)
    i.get_pla                                0x080098b8   Section        0  chipcon.o(i.get_pla)
    i.goto_boot                              0x08009a84   Section        0  chipcon.o(i.goto_boot)
    i.main                                   0x08009bdc   Section        0  main.o(i.main)
    i.play_note                              0x08009ea0   Section        0  alerts.o(i.play_note)
    i.prg_off                                0x08009f10   Section        0  chipcon.o(i.prg_off)
    i.prg_on                                 0x08009fc0   Section        0  chipcon.o(i.prg_on)
    i.program                                0x0800a020   Section        0  chipcon.o(i.program)
    i.rbuf_get                               0x0800a0e0   Section        0  chipcon.o(i.rbuf_get)
    i.readMEM                                0x0800a180   Section        0  chipcon.o(i.readMEM)
    i.send_PLA_CRC                           0x0800a1bc   Section        0  chipcon.o(i.send_PLA_CRC)
    i.send_SOS_label                         0x0800a2b8   Section        0  chipcon.o(i.send_SOS_label)
    i.send_ack                               0x0800a310   Section        0  chipcon.o(i.send_ack)
    i.send_label                             0x0800a3ac   Section        0  chipcon.o(i.send_label)
    i.send_nack                              0x0800a400   Section        0  chipcon.o(i.send_nack)
    i.spi1_write                             0x0800a430   Section        0  chipcon.o(i.spi1_write)
    i.tbuf_load                              0x0800a4a8   Section        0  chipcon.o(i.tbuf_load)
    i.tbuf_send                              0x0800a510   Section        0  chipcon.o(i.tbuf_send)
    i.writeINS                               0x0800a58c   Section        0  chipcon.o(i.writeINS)
    i.writeMEM                               0x0800a5bc   Section        0  chipcon.o(i.writeMEM)
    x$fpl$usenofp                            0x0800a5fa   Section        0  usenofp.o(x$fpl$usenofp)
    .constdata                               0x0800a600   Section     1776  main.o(.constdata)
    logo_mono_arr                            0x0800a600   Data         525  main.o(.constdata)
    battery_mono_arr                         0x0800a80d   Data          60  main.o(.constdata)
    lightning_mono_arr                       0x0800a849   Data          16  main.o(.constdata)
    fft_butterfly_arr                        0x0800a85a   Data        1024  main.o(.constdata)
    Re_arr                                   0x0800ac60   Data          72  main.o(.constdata)
    Im_arr                                   0x0800aca8   Data          72  main.o(.constdata)
    .constdata                               0x0800acf0   Section    20497  fonts.o(.constdata)
    .constdata                               0x0800fd04   Section      400  tft-menu.o(.constdata)
    .constdata                               0x0800fe94   Section      604  tim.o(.constdata)
    logo_mono_arr                            0x0800fe94   Data         525  tim.o(.constdata)
    battery_mono_arr                         0x080100a1   Data          60  tim.o(.constdata)
    lightning_mono_arr                       0x080100dd   Data          16  tim.o(.constdata)
    .conststring                             0x080100f0   Section      346  tft-menu.o(.conststring)
    .VERS                                    0x200000c0   Section        6  chipcon.o(.VERS)
    version                                  0x200000c0   Data           6  chipcon.o(.VERS)
    .data                                    0x200000c6   Section        1  main.o(.data)
    .data                                    0x200000c8   Section        6  adc.o(.data)
    .data                                    0x200000d0   Section       63  chipcon.o(.data)
    cc2520_initval                           0x200000f1   Data          30  chipcon.o(.data)
    .data                                    0x20000110   Section       70  data.o(.data)
    .data                                    0x20000158   Section       40  fonts.o(.data)
    .data                                    0x20000180   Section       56  tft-menu.o(.data)
    .data                                    0x200001b8   Section      210  tim.o(.data)
    offdelay                                 0x200001da   Data           1  tim.o(.data)
    SOS_delay                                0x200001db   Data           1  tim.o(.data)
    lock_delay                               0x200001dc   Data           1  tim.o(.data)
    switch_flag                              0x200001dd   Data           1  tim.o(.data)
    two_keys_flag                            0x200001de   Data           1  tim.o(.data)
    div1ms                                   0x2000027c   Data           1  tim.o(.data)
    plevel0                                  0x2000027d   Data           1  tim.o(.data)
    plevel1                                  0x2000027e   Data           1  tim.o(.data)
    bit0                                     0x2000027f   Data           1  tim.o(.data)
    bit1                                     0x20000280   Data           1  tim.o(.data)
    pbit                                     0x20000281   Data           1  tim.o(.data)
    bit_tmp                                  0x20000282   Data           1  tim.o(.data)
    bit_vote                                 0x20000283   Data           1  tim.o(.data)
    bitrate                                  0x20000284   Data           4  tim.o(.data)
    lvl0ctr                                  0x20000288   Data           1  tim.o(.data)
    lvl1ctr                                  0x20000289   Data           1  tim.o(.data)
    .data                                    0x2000028c   Section        4  system_stm32f0xx.o(.data)
    .bss                                     0x20000290   Section      256  chipcon.o(.bss)
    .bss                                     0x20000390   Section      192  data.o(.bss)
    .bss                                     0x20000450   Section      128  tft-menu.o(.bss)
    .bss                                     0x200004d0   Section       38  tim.o(.bss)
    .bss                                     0x200004f8   Section       96  libspace.o(.bss)
    HEAP                                     0x20000558   Section      512  startup_stm32f030x8.o(HEAP)
    Heap_Mem                                 0x20000558   Data         512  startup_stm32f030x8.o(HEAP)
    STACK                                    0x20000758   Section     1024  startup_stm32f030x8.o(STACK)
    Stack_Mem                                0x20000758   Data        1024  startup_stm32f030x8.o(STACK)
    __initial_sp                             0x20000b58   Data           0  startup_stm32f030x8.o(STACK)

    Global Symbols

    Symbol Name                              Value     Ov Type        Size  Object(Section)

    BuildAttributes$$THM_ISAv3M$S$PE$A:L22$X:L11$S22$IEEE1$IW$USESV6$~STKCKD$USESV7$~SHL$OTIME$ROPI$IEEEX$EBA8$UX$STANDARDLIB$REQ8$PRES8$EABIv2 0x00000000   Number         0  anon$$obj.o ABSOLUTE
    __ARM_use_no_argv                        0x00000000   Number         0  main.o ABSOLUTE
    _printf_flags                            0x00000000   Number         0  printf_stubs.o ABSOLUTE
    _printf_return_value                     0x00000000   Number         0  printf_stubs.o ABSOLUTE
    _printf_sizespec                         0x00000000   Number         0  printf_stubs.o ABSOLUTE
    _printf_widthprec                        0x00000000   Number         0  printf_stubs.o ABSOLUTE
    __ARM_exceptions_init                     - Undefined Weak Reference
    __alloca_initialize                       - Undefined Weak Reference
    __arm_fini_                               - Undefined Weak Reference
    __arm_preinit_                            - Undefined Weak Reference
    __cpp_initialize__aeabi_                  - Undefined Weak Reference
    __cxa_finalize                            - Undefined Weak Reference
    __rt_locale                               - Undefined Weak Reference
    __sigvec_lookup                           - Undefined Weak Reference
    __user_heap_extent                        - Undefined Weak Reference
    _atexit_init                              - Undefined Weak Reference
    _call_atexit_fns                          - Undefined Weak Reference
    _clock_init                               - Undefined Weak Reference
    _fp_trap_init                             - Undefined Weak Reference
    _fp_trap_shutdown                         - Undefined Weak Reference
    _get_lc_collate                           - Undefined Weak Reference
    _get_lc_ctype                             - Undefined Weak Reference
    _get_lc_monetary                          - Undefined Weak Reference
    _get_lc_numeric                           - Undefined Weak Reference
    _get_lc_time                              - Undefined Weak Reference
    _getenv_init                              - Undefined Weak Reference
    _handle_redirection                       - Undefined Weak Reference
    _initio                                   - Undefined Weak Reference
    _mutex_acquire                            - Undefined Weak Reference
    _mutex_free                               - Undefined Weak Reference
    _mutex_release                            - Undefined Weak Reference
    _printf_truncate_signed                   - Undefined Weak Reference
    _printf_truncate_unsigned                 - Undefined Weak Reference
    _rand_init                                - Undefined Weak Reference
    _signal_finish                            - Undefined Weak Reference
    _signal_init                              - Undefined Weak Reference
    _terminateio                              - Undefined Weak Reference
    __Vectors_Size                           0x000000b4   Number         0  startup_stm32f030x8.o ABSOLUTE
    __Vectors                                0x08004000   Data           4  startup_stm32f030x8.o(RESET)
    __Vectors_End                            0x080040b4   Data           0  startup_stm32f030x8.o(RESET)
    __main                                   0x080040b5   Thumb Code     8  __main.o(!!!main)
    __scatterload                            0x080040bd   Thumb Code     0  __scatter.o(!!!scatter)
    __scatterload_rt2                        0x080040bd   Thumb Code    52  __scatter.o(!!!scatter)
    __scatterload_rt2_thumb_only             0x080040bd   Thumb Code     0  __scatter.o(!!!scatter)
    __scatterload_null                       0x080040cd   Thumb Code     0  __scatter.o(!!!scatter)
    __scatterload_zeroinit                   0x080040f9   Thumb Code    28  __scatter_zi.o(!!handler_zi)
    _printf_percent                          0x08004115   Thumb Code     0  _printf_percent.o(.ARM.Collect$$_printf_percent$$00000000)
    _printf_d                                0x08004117   Thumb Code     0  _printf_d.o(.ARM.Collect$$_printf_percent$$00000009)
    _printf_percent_end                      0x08004121   Thumb Code     0  _printf_percent_end.o(.ARM.Collect$$_printf_percent$$00000017)
    __rt_lib_init                            0x08004125   Thumb Code     0  libinit.o(.ARM.Collect$$libinit$$00000000)
    __rt_lib_init_alloca_1                   0x08004127   Thumb Code     0  libinit2.o(.ARM.Collect$$libinit$$0000002E)
    __rt_lib_init_argv_1                     0x08004127   Thumb Code     0  libinit2.o(.ARM.Collect$$libinit$$0000002C)
    __rt_lib_init_atexit_1                   0x08004127   Thumb Code     0  libinit2.o(.ARM.Collect$$libinit$$0000001B)
    __rt_lib_init_clock_1                    0x08004127   Thumb Code     0  libinit2.o(.ARM.Collect$$libinit$$00000021)
    __rt_lib_init_cpp_1                      0x08004127   Thumb Code     0  libinit2.o(.ARM.Collect$$libinit$$00000032)
    __rt_lib_init_exceptions_1               0x08004127   Thumb Code     0  libinit2.o(.ARM.Collect$$libinit$$00000030)
    __rt_lib_init_fp_1                       0x08004127   Thumb Code     0  libinit2.o(.ARM.Collect$$libinit$$00000002)
    __rt_lib_init_fp_trap_1                  0x08004127   Thumb Code     0  libinit2.o(.ARM.Collect$$libinit$$0000001F)
    __rt_lib_init_getenv_1                   0x08004127   Thumb Code     0  libinit2.o(.ARM.Collect$$libinit$$00000023)
    __rt_lib_init_heap_1                     0x08004127   Thumb Code     0  libinit2.o(.ARM.Collect$$libinit$$0000000A)
    __rt_lib_init_lc_collate_1               0x08004127   Thumb Code     0  libinit2.o(.ARM.Collect$$libinit$$00000011)
    __rt_lib_init_lc_ctype_1                 0x08004127   Thumb Code     0  libinit2.o(.ARM.Collect$$libinit$$00000013)
    __rt_lib_init_lc_monetary_1              0x08004127   Thumb Code     0  libinit2.o(.ARM.Collect$$libinit$$00000015)
    __rt_lib_init_lc_numeric_1               0x08004127   Thumb Code     0  libinit2.o(.ARM.Collect$$libinit$$00000017)
    __rt_lib_init_lc_time_1                  0x08004127   Thumb Code     0  libinit2.o(.ARM.Collect$$libinit$$00000019)
    __rt_lib_init_preinit_1                  0x08004127   Thumb Code     0  libinit2.o(.ARM.Collect$$libinit$$00000004)
    __rt_lib_init_rand_1                     0x08004127   Thumb Code     0  libinit2.o(.ARM.Collect$$libinit$$0000000E)
    __rt_lib_init_return                     0x08004127   Thumb Code     0  libinit2.o(.ARM.Collect$$libinit$$00000033)
    __rt_lib_init_signal_1                   0x08004127   Thumb Code     0  libinit2.o(.ARM.Collect$$libinit$$0000001D)
    __rt_lib_init_stdio_1                    0x08004127   Thumb Code     0  libinit2.o(.ARM.Collect$$libinit$$00000025)
    __rt_lib_init_user_alloc_1               0x08004127   Thumb Code     0  libinit2.o(.ARM.Collect$$libinit$$0000000C)
    __rt_lib_shutdown                        0x08004129   Thumb Code     0  libshutdown.o(.ARM.Collect$$libshutdown$$00000000)
    __rt_lib_shutdown_cpp_1                  0x0800412b   Thumb Code     0  libshutdown2.o(.ARM.Collect$$libshutdown$$00000004)
    __rt_lib_shutdown_fini_1                 0x0800412b   Thumb Code     0  libshutdown2.o(.ARM.Collect$$libshutdown$$00000002)
    __rt_lib_shutdown_fp_trap_1              0x0800412b   Thumb Code     0  libshutdown2.o(.ARM.Collect$$libshutdown$$00000009)
    __rt_lib_shutdown_heap_1                 0x0800412b   Thumb Code     0  libshutdown2.o(.ARM.Collect$$libshutdown$$00000011)
    __rt_lib_shutdown_return                 0x0800412b   Thumb Code     0  libshutdown2.o(.ARM.Collect$$libshutdown$$00000012)
    __rt_lib_shutdown_signal_1               0x0800412b   Thumb Code     0  libshutdown2.o(.ARM.Collect$$libshutdown$$0000000C)
    __rt_lib_shutdown_stdio_1                0x0800412b   Thumb Code     0  libshutdown2.o(.ARM.Collect$$libshutdown$$00000006)
    __rt_lib_shutdown_user_alloc_1           0x0800412b   Thumb Code     0  libshutdown2.o(.ARM.Collect$$libshutdown$$0000000E)
    __rt_entry                               0x0800412d   Thumb Code     0  __rtentry.o(.ARM.Collect$$rtentry$$00000000)
    __rt_entry_presh_1                       0x0800412d   Thumb Code     0  __rtentry2.o(.ARM.Collect$$rtentry$$00000002)
    __rt_entry_sh                            0x0800412d   Thumb Code     0  __rtentry4.o(.ARM.Collect$$rtentry$$00000004)
    __rt_entry_li                            0x08004133   Thumb Code     0  __rtentry2.o(.ARM.Collect$$rtentry$$0000000A)
    __rt_entry_postsh_1                      0x08004133   Thumb Code     0  __rtentry2.o(.ARM.Collect$$rtentry$$00000009)
    __rt_entry_main                          0x08004137   Thumb Code     0  __rtentry2.o(.ARM.Collect$$rtentry$$0000000D)
    __rt_entry_postli_1                      0x08004137   Thumb Code     0  __rtentry2.o(.ARM.Collect$$rtentry$$0000000C)
    __rt_exit                                0x0800413f   Thumb Code     0  rtexit.o(.ARM.Collect$$rtexit$$00000000)
    __rt_exit_ls                             0x08004141   Thumb Code     0  rtexit2.o(.ARM.Collect$$rtexit$$00000003)
    __rt_exit_prels_1                        0x08004141   Thumb Code     0  rtexit2.o(.ARM.Collect$$rtexit$$00000002)
    __rt_exit_exit                           0x08004145   Thumb Code     0  rtexit2.o(.ARM.Collect$$rtexit$$00000004)
    __aeabi_memcpy4                          0x0800414d   Thumb Code    56  rt_memcpy.o(.emb_text)
    __aeabi_memcpy8                          0x0800414d   Thumb Code     0  rt_memcpy.o(.emb_text)
    Reset_Handler                            0x08004185   Thumb Code     8  startup_stm32f030x8.o(.text)
    NMI_Handler                              0x0800418d   Thumb Code     2  startup_stm32f030x8.o(.text)
    SVC_Handler                              0x08004191   Thumb Code     2  startup_stm32f030x8.o(.text)
    PendSV_Handler                           0x08004193   Thumb Code     2  startup_stm32f030x8.o(.text)
    DMA1_Channel2_3_IRQHandler               0x08004197   Thumb Code     0  startup_stm32f030x8.o(.text)
    DMA1_Channel4_5_IRQHandler               0x08004197   Thumb Code     0  startup_stm32f030x8.o(.text)
    EXTI0_1_IRQHandler                       0x08004197   Thumb Code     0  startup_stm32f030x8.o(.text)
    EXTI2_3_IRQHandler                       0x08004197   Thumb Code     0  startup_stm32f030x8.o(.text)
    FLASH_IRQHandler                         0x08004197   Thumb Code     0  startup_stm32f030x8.o(.text)
    I2C1_IRQHandler                          0x08004197   Thumb Code     0  startup_stm32f030x8.o(.text)
    I2C2_IRQHandler                          0x08004197   Thumb Code     0  startup_stm32f030x8.o(.text)
    RCC_IRQHandler                           0x08004197   Thumb Code     0  startup_stm32f030x8.o(.text)
    RTC_IRQHandler                           0x08004197   Thumb Code     0  startup_stm32f030x8.o(.text)
    SPI1_IRQHandler                          0x08004197   Thumb Code     0  startup_stm32f030x8.o(.text)
    SPI2_IRQHandler                          0x08004197   Thumb Code     0  startup_stm32f030x8.o(.text)
    TIM1_BRK_UP_TRG_COM_IRQHandler           0x08004197   Thumb Code     0  startup_stm32f030x8.o(.text)
    TIM1_CC_IRQHandler                       0x08004197   Thumb Code     0  startup_stm32f030x8.o(.text)
    USART1_IRQHandler                        0x08004197   Thumb Code     0  startup_stm32f030x8.o(.text)
    USART2_IRQHandler                        0x08004197   Thumb Code     0  startup_stm32f030x8.o(.text)
    WWDG_IRQHandler                          0x08004197   Thumb Code     0  startup_stm32f030x8.o(.text)
    __user_initial_stackheap                 0x08004199   Thumb Code     0  startup_stm32f030x8.o(.text)
    __2sprintf                               0x080041bd   Thumb Code    36  noretval__2sprintf.o(.text)
    _printf_pre_padding                      0x080041e5   Thumb Code    44  _printf_pad.o(.text)
    _printf_post_padding                     0x08004211   Thumb Code    34  _printf_pad.o(.text)
    _printf_int_dec                          0x08004235   Thumb Code    90  _printf_dec.o(.text)
    __printf                                 0x080042a1   Thumb Code   270  __printf_wp.o(.text)
    strcpy                                   0x080043b1   Thumb Code    70  strcpy.o(.text)
    strlen                                   0x080043fd   Thumb Code    62  strlen.o(.text)
    strcat                                   0x08004441   Thumb Code    24  strcat.o(.text)
    __aeabi_memcpy                           0x08004459   Thumb Code   130  rt_memcpy.o(.text)
    __rt_memcpy                              0x08004459   Thumb Code     0  rt_memcpy.o(.text)
    _memset_w                                0x080044db   Thumb Code    26  rt_memclr.o(.text)
    _memset                                  0x080044f5   Thumb Code    30  rt_memclr.o(.text)
    __aeabi_memclr                           0x08004513   Thumb Code     4  rt_memclr.o(.text)
    __rt_memclr                              0x08004513   Thumb Code     0  rt_memclr.o(.text)
    __aeabi_memclr4                          0x08004517   Thumb Code     0  rt_memclr.o(.text)
    __aeabi_memclr8                          0x08004517   Thumb Code     0  rt_memclr.o(.text)
    __rt_memclr_w                            0x08004517   Thumb Code     4  rt_memclr.o(.text)
    __aeabi_uidiv                            0x0800451b   Thumb Code     0  aeabi_sdiv.o(.text)
    __aeabi_uidivmod                         0x0800451b   Thumb Code    20  aeabi_sdiv.o(.text)
    __aeabi_idiv                             0x0800452f   Thumb Code     0  aeabi_sdiv.o(.text)
    __aeabi_idivmod                          0x0800452f   Thumb Code   326  aeabi_sdiv.o(.text)
    __use_two_region_memory                  0x08004675   Thumb Code     2  heapauxi.o(.text)
    __rt_heap_escrow                         0x08004677   Thumb Code     2  heapauxi.o(.text)
    __rt_heap_expand                         0x08004679   Thumb Code     2  heapauxi.o(.text)
    __aeabi_dadd                             0x08004975   Thumb Code     0  daddsub.o(.text)
    _dadd                                    0x08004975   Thumb Code    26  daddsub.o(.text)
    __aeabi_dsub                             0x0800498f   Thumb Code     0  daddsub.o(.text)
    _dsub                                    0x0800498f   Thumb Code    22  daddsub.o(.text)
    __aeabi_drsub                            0x080049a5   Thumb Code     0  daddsub.o(.text)
    _drsb                                    0x080049a5   Thumb Code    28  daddsub.o(.text)
    __aeabi_d2uiz                            0x080049d5   Thumb Code     0  dfixui.o(.text)
    _dfixu                                   0x080049d5   Thumb Code    68  dfixui.o(.text)
    __aeabi_i2d_normalise                    0x08004a1d   Thumb Code    66  dflti.o(.text)
    __aeabi_i2d                              0x08004a5f   Thumb Code    16  dflti.o(.text)
    _dflt                                    0x08004a5f   Thumb Code     0  dflti.o(.text)
    __aeabi_ui2d                             0x08004a6f   Thumb Code     6  dflti.o(.text)
    _dfltu                                   0x08004a6f   Thumb Code     0  dflti.o(.text)
    __aeabi_dmul                             0x08004a75   Thumb Code     0  dmul.o(.text)
    _dmul                                    0x08004a75   Thumb Code   558  dmul.o(.text)
    _printf_int_common                       0x08004cbd   Thumb Code   176  _printf_intcommon.o(.text)
    _printf_char_common                      0x08004d77   Thumb Code    32  _printf_char_common.o(.text)
    _sputc                                   0x08004d9d   Thumb Code    10  _sputc.o(.text)
    __rt_udiv10                              0x08004da7   Thumb Code    40  rtudiv10.o(.text)
    __user_libspace                          0x08004dd1   Thumb Code     8  libspace.o(.text)
    __user_perproc_libspace                  0x08004dd1   Thumb Code     0  libspace.o(.text)
    __user_perthread_libspace                0x08004dd1   Thumb Code     0  libspace.o(.text)
    __I$use$semihosting                      0x08004dd9   Thumb Code     0  use_no_semi.o(.text)
    __use_no_semihosting_swi                 0x08004dd9   Thumb Code     2  use_no_semi.o(.text)
    __semihosting_library_function           0x08004ddb   Thumb Code     0  indicate_semi.o(.text)
    __user_setup_stackheap                   0x08004ddb   Thumb Code    62  sys_stackheap_outer.o(.text)
    exit                                     0x08004e19   Thumb Code    16  exit.o(.text)
    _sys_exit                                0x08004e29   Thumb Code     8  sys_exit.o(.text)
    __decompress                             0x08004e35   Thumb Code     0  __dczerorl2.o(.text)
    __decompress1                            0x08004e35   Thumb Code    86  __dczerorl2.o(.text)
    ADC1_IRQHandler                          0x08004e8d   Thumb Code   464  adc.o(i.ADC1_IRQHandler)
    ADC_Init                                 0x080050bd   Thumb Code   184  adc.o(i.ADC_Init)
    ALERT_ForClick                           0x08005185   Thumb Code    80  alerts.o(i.ALERT_ForClick)
    ALERT_ForMessage                         0x080051d9   Thumb Code   122  alerts.o(i.ALERT_ForMessage)
    ALERT_ForNotification                    0x0800526d   Thumb Code   128  alerts.o(i.ALERT_ForNotification)
    ALERT_ForSOS                             0x08005305   Thumb Code   242  alerts.o(i.ALERT_ForSOS)
    Boomer                                   0x080053f9   Thumb Code   148  alerts.o(i.Boomer)
    Buttons_Init                             0x08005499   Thumb Code    64  tft-menu.o(i.Buttons_Init)
    CRC_Init                                 0x080054dd   Thumb Code    34  crc.o(i.CRC_Init)
    CRC_Result                               0x08005509   Thumb Code   150  crc.o(i.CRC_Result)
    Clock_Init                               0x080055a5   Thumb Code   158  rcc.o(i.Clock_Init)
    DMA1_Channel1_IRQHandler                 0x0800564d   Thumb Code     2  adc.o(i.DMA1_Channel1_IRQHandler)
    Day_Plus                                 0x08005651   Thumb Code   258  tft-menu.o(i.Day_Plus)
    EXTI4_15_IRQHandler                      0x08005761   Thumb Code    16  exti.o(i.EXTI4_15_IRQHandler)
    FLASH_PageErase                          0x08005789   Thumb Code    98  flash.o(i.FLASH_PageErase)
    FLASH_ReadByte                           0x080057f1   Thumb Code     6  flash.o(i.FLASH_ReadByte)
    FLASH_ReadStr                            0x080057f7   Thumb Code    22  flash.o(i.FLASH_ReadStr)
    FLASH_WriteByte                          0x08005841   Thumb Code    58  flash.o(i.FLASH_WriteByte)
    FLASH_WriteStr                           0x0800587d   Thumb Code   162  flash.o(i.FLASH_WriteStr)
    FLASH_WriteStr_Mess                      0x08005925   Thumb Code   204  flash.o(i.FLASH_WriteStr_Mess)
    GPIO_Init                                0x080059f5   Thumb Code   126  gpio.o(i.GPIO_Init)
    HardFault_Handler                        0x08005a81   Thumb Code    10  main.o(i.HardFault_Handler)
    Hour_Plus                                0x08005a8d   Thumb Code   224  tft-menu.o(i.Hour_Plus)
    I2C1_Init                                0x08005b79   Thumb Code   126  i2c.o(i.I2C1_Init)
    Menu_Down                                0x08005c0d   Thumb Code   522  tft-menu.o(i.Menu_Down)
    Menu_Draw                                0x08005e31   Thumb Code   110  tft-menu.o(i.Menu_Draw)
    Menu_Item_Select                         0x08005ead   Thumb Code    74  tft-menu.o(i.Menu_Item_Select)
    Menu_Item_Unselect                       0x08005f05   Thumb Code    56  tft-menu.o(i.Menu_Item_Unselect)
    Menu_Up                                  0x08005f45   Thumb Code   480  tft-menu.o(i.Menu_Up)
    MessRecToArch                            0x0800613d   Thumb Code   336  tft-menu.o(i.MessRecToArch)
    Mess_Menu_Draw                           0x080062a1   Thumb Code   188  tft-menu.o(i.Mess_Menu_Draw)
    Message_Menu_Item_Select                 0x08006375   Thumb Code    82  tft-menu.o(i.Message_Menu_Item_Select)
    Message_Menu_Item_Unselect               0x080063d9   Thumb Code    78  tft-menu.o(i.Message_Menu_Item_Unselect)
    Message_Menu_Navigation                  0x08006435   Thumb Code  1576  tft-menu.o(i.Message_Menu_Navigation)
    Message_Read                             0x08006aa1   Thumb Code   152  tft-menu.o(i.Message_Read)
    Min_Plus                                 0x08006b55   Thumb Code   224  tft-menu.o(i.Min_Plus)
    Month_Plus                               0x08006c41   Thumb Code   264  tft-menu.o(i.Month_Plus)
    Ot_ulybki                                0x08006d55   Thumb Code    96  alerts.o(i.Ot_ulybki)
    RTC_GetDate                              0x08006db9   Thumb Code   300  rtc.o(i.RTC_GetDate)
    RTC_GetTime                              0x08006f1d   Thumb Code   132  rtc.o(i.RTC_GetTime)
    RecToArch                                0x08006fb9   Thumb Code    46  tft-menu.o(i.RecToArch)
    SPI1_Init                                0x08006ffd   Thumb Code   136  spi.o(i.SPI1_Init)
    SPI2_Init                                0x08007091   Thumb Code   126  spi.o(i.SPI2_Init)
    SPI2_Send_Byte                           0x08007125   Thumb Code    36  spi.o(i.SPI2_Send_Byte)
    SYSTICK_Init                             0x0800714d   Thumb Code    32  systick.o(i.SYSTICK_Init)
    ShowSignal                               0x08007179   Thumb Code  1582  tft-menu.o(i.ShowSignal)
    SysTick_Handler                          0x08007805   Thumb Code    12  systick.o(i.SysTick_Handler)
    SystemInit                               0x08007815   Thumb Code     2  system_stm32f0xx.o(i.SystemInit)
    TFT_Draw_Image_Mono                      0x08007819   Thumb Code   170  disp.o(i.TFT_Draw_Image_Mono)
    TFT_Fill_Area                            0x080078c9   Thumb Code   100  disp.o(i.TFT_Fill_Area)
    TFT_Fill_Color                           0x08007931   Thumb Code    76  disp.o(i.TFT_Fill_Color)
    TFT_Init                                 0x08007981   Thumb Code   306  disp.o(i.TFT_Init)
    TFT_Send_Char                            0x08007ab9   Thumb Code   256  disp.o(i.TFT_Send_Char)
    TFT_Send_Command                         0x08007bbd   Thumb Code    14  disp.o(i.TFT_Send_Command)
    TFT_Send_Data                            0x08007bcb   Thumb Code    14  disp.o(i.TFT_Send_Data)
    TFT_Send_Str                             0x08007bd9   Thumb Code    90  disp.o(i.TFT_Send_Str)
    TFT_Set_Area                             0x08007c35   Thumb Code   114  disp.o(i.TFT_Set_Area)
    TIM14_IRQHandler                         0x08007cad   Thumb Code   646  tim.o(i.TIM14_IRQHandler)
    TIM15_IRQHandler                         0x08007f91   Thumb Code    48  tim.o(i.TIM15_IRQHandler)
    TIM15_Init                               0x08007fd1   Thumb Code    96  tim.o(i.TIM15_Init)
    TIM16_IRQHandler                         0x08008041   Thumb Code    48  tim.o(i.TIM16_IRQHandler)
    TIM16_Init                               0x08008081   Thumb Code    96  tim.o(i.TIM16_Init)
    TIM17_IRQHandler                         0x080080f1   Thumb Code   802  tim.o(i.TIM17_IRQHandler)
    TIM17_Init                               0x080084a9   Thumb Code    98  tim.o(i.TIM17_Init)
    TIM1_PWM_Init                            0x08008519   Thumb Code   136  tim.o(i.TIM1_PWM_Init)
    TIM3_IRQHandler                          0x080085ad   Thumb Code   752  tim.o(i.TIM3_IRQHandler)
    TIM3_Init                                0x08008915   Thumb Code   114  tim.o(i.TIM3_Init)
    TIM6_IRQHandler                          0x0800899d   Thumb Code  1846  tim.o(i.TIM6_IRQHandler)
    TIM6_Init                                0x08009145   Thumb Code    94  tim.o(i.TIM6_Init)
    WeekDay_Calc                             0x080091b1   Thumb Code   262  tft-menu.o(i.WeekDay_Calc)
    Year_Plus                                0x080092cd   Thumb Code   254  tft-menu.o(i.Year_Plus)
    __ARM_common_switch8                     0x080093d9   Thumb Code    28  chipcon.o(i.__ARM_common_switch8)
    _is_digit                                0x080094fd   Thumb Code    14  __printf_wp.o(i._is_digit)
    cc2520osc_off                            0x0800950d   Thumb Code    44  chipcon.o(i.cc2520osc_off)
    cc2520osc_on                             0x0800953d   Thumb Code    44  chipcon.o(i.cc2520osc_on)
    cc_init                                  0x0800956d   Thumb Code   200  chipcon.o(i.cc_init)
    chk_header                               0x08009641   Thumb Code   224  chipcon.o(i.chk_header)
    chl_load                                 0x08009729   Thumb Code    58  chipcon.o(i.chl_load)
    data_read                                0x08009769   Thumb Code    88  chipcon.o(i.data_read)
    data_write                               0x080097e9   Thumb Code   120  chipcon.o(i.data_write)
    delay                                    0x0800988d   Thumb Code    26  main.o(i.delay)
    echo                                     0x080098ad   Thumb Code    12  chipcon.o(i.echo)
    get_pla                                  0x080098b9   Thumb Code   378  chipcon.o(i.get_pla)
    goto_boot                                0x08009a85   Thumb Code   300  chipcon.o(i.goto_boot)
    main                                     0x08009bdd   Thumb Code   592  main.o(i.main)
    play_note                                0x08009ea1   Thumb Code   106  alerts.o(i.play_note)
    prg_off                                  0x08009f11   Thumb Code   126  chipcon.o(i.prg_off)
    prg_on                                   0x08009fc1   Thumb Code    72  chipcon.o(i.prg_on)
    program                                  0x0800a021   Thumb Code   166  chipcon.o(i.program)
    rbuf_get                                 0x0800a0e1   Thumb Code   156  chipcon.o(i.rbuf_get)
    readMEM                                  0x0800a181   Thumb Code    60  chipcon.o(i.readMEM)
    send_PLA_CRC                             0x0800a1bd   Thumb Code   188  chipcon.o(i.send_PLA_CRC)
    send_SOS_label                           0x0800a2b9   Thumb Code    76  chipcon.o(i.send_SOS_label)
    send_ack                                 0x0800a311   Thumb Code   126  chipcon.o(i.send_ack)
    send_label                               0x0800a3ad   Thumb Code    70  chipcon.o(i.send_label)
    send_nack                                0x0800a401   Thumb Code    38  chipcon.o(i.send_nack)
    spi1_write                               0x0800a431   Thumb Code   112  chipcon.o(i.spi1_write)
    tbuf_load                                0x0800a4a9   Thumb Code    98  chipcon.o(i.tbuf_load)
    tbuf_send                                0x0800a511   Thumb Code   116  chipcon.o(i.tbuf_send)
    writeINS                                 0x0800a58d   Thumb Code    48  chipcon.o(i.writeINS)
    writeMEM                                 0x0800a5bd   Thumb Code    62  chipcon.o(i.writeMEM)
    __I$use$fp                               0x0800a5fa   Number         0  usenofp.o(x$fpl$usenofp)
    Font6x8                                  0x0800acf0   Data        2688  fonts.o(.constdata)
    Font7x9                                  0x0800b770   Data        3024  fonts.o(.constdata)
    Font11x18                                0x0800c340   Data        6048  fonts.o(.constdata)
    Font16x26                                0x0800dae0   Data        8736  fonts.o(.constdata)
    Font16x28                                0x0800fd00   Data           0  fonts.o(.constdata)
    menu_time                                0x0800fd04   Data          80  tft-menu.o(.constdata)
    menu_mess                                0x0800fd54   Data          32  tft-menu.o(.constdata)
    menu_autolock                            0x0800fd74   Data          32  tft-menu.o(.constdata)
    menu_autosleep_time                      0x0800fd94   Data          16  tft-menu.o(.constdata)
    menu_inversion                           0x0800fda4   Data          32  tft-menu.o(.constdata)
    menu_brightness                          0x0800fdc4   Data          32  tft-menu.o(.constdata)
    menu_settings                            0x0800fde4   Data          80  tft-menu.o(.constdata)
    menu_main                                0x0800fe34   Data          96  tft-menu.o(.constdata)
    dv                                       0x080100ee   Data           2  tim.o(.constdata)
    Region$$Table$$Base                      0x0801024c   Number         0  anon$$obj.o(Region$$Table)
    Region$$Table$$Limit                     0x0801026c   Number         0  anon$$obj.o(Region$$Table)
    wait_to_sleep                            0x200000c6   Data           1  main.o(.data)
    adc                                      0x200000c8   Data           6  adc.o(.data)
    current_eeprom_pos                       0x200000d0   Data           2  chipcon.o(.data)
    mess_num                                 0x200000d2   Data           2  chipcon.o(.data)
    mess_num_byte                            0x200000d4   Data           2  chipcon.o(.data)
    label                                    0x200000d6   Data           2  chipcon.o(.data)
    rssi                                     0x200000d8   Data           1  chipcon.o(.data)
    lrctr                                    0x200000d9   Data           1  chipcon.o(.data)
    cc_tmt                                   0x200000da   Data           2  chipcon.o(.data)
    prg                                      0x200000dc   Data           2  chipcon.o(.data)
    ccrst                                    0x200000de   Data           1  chipcon.o(.data)
    rbuf                                     0x200000e0   Data           2  chipcon.o(.data)
    prg_en                                   0x200000e2   Data           1  chipcon.o(.data)
    ADDR                                     0x200000e4   Data           2  chipcon.o(.data)
    Pla_CRC                                  0x200000e8   Data           4  chipcon.o(.data)
    current_flash_addr_pla                   0x200000ec   Data           4  chipcon.o(.data)
    EEPROM_MAXIMAL_SEND                      0x200000f0   Data           1  chipcon.o(.data)
    timer1ms                                 0x20000110   Data           4  data.o(.data)
    cctimer                                  0x20000114   Data           4  data.o(.data)
    t_label                                  0x20000118   Data           2  data.o(.data)
    t_music                                  0x2000011c   Data           4  data.o(.data)
    switch_flag_SOS                          0x20000120   Data           1  data.o(.data)
    MINUTES_TO_SLEEP                         0x20000121   Data           1  data.o(.data)
    SystemTime                               0x20000124   Data           4  data.o(.data)
    flash_buf_data                           0x20000128   Data           1  data.o(.data)
    flash_buf_addr                           0x2000012c   Data           4  data.o(.data)
    prg_size                                 0x20000130   Data           2  data.o(.data)
    prg_CRC                                  0x20000132   Data           2  data.o(.data)
    first_addr                               0x20000134   Data           4  data.o(.data)
    prg_addr                                 0x20000138   Data           4  data.o(.data)
    prg_top                                  0x2000013c   Data           4  data.o(.data)
    flash_ptr                                0x20000140   Data           4  data.o(.data)
    cc_flag                                  0x20000144   Data           1  data.o(.data)
    locked                                   0x20000145   Data           1  data.o(.data)
    offtimeout                               0x20000148   Data           4  data.o(.data)
    lcd_type                                 0x2000014c   Data           1  data.o(.data)
    show_battery_flag                        0x2000014d   Data           1  data.o(.data)
    batt_refr_time                           0x2000014e   Data           2  data.o(.data)
    timeshow_refr_time                       0x20000150   Data           2  data.o(.data)
    receive_message_show_refr_time           0x20000152   Data           2  data.o(.data)
    keypressed_refr_time                     0x20000154   Data           2  data.o(.data)
    Font_6x8                                 0x20000158   Data           8  fonts.o(.data)
    Font_7x9                                 0x20000160   Data           8  fonts.o(.data)
    Font_11x18                               0x20000168   Data           8  fonts.o(.data)
    Font_16x26                               0x20000170   Data           8  fonts.o(.data)
    Font_16x28                               0x20000178   Data           8  fonts.o(.data)
    MESS_NUM                                 0x20000180   Data           2  tft-menu.o(.data)
    Button_Selected                          0x20000182   Data           1  tft-menu.o(.data)
    Message_Selected                         0x20000184   Data           2  tft-menu.o(.data)
    In_Mess                                  0x20000186   Data           1  tft-menu.o(.data)
    Sel_Butt_Pos                             0x20000187   Data           1  tft-menu.o(.data)
    mess_menu_sel_pos                        0x20000188   Data           1  tft-menu.o(.data)
    Message_Current_Str                      0x20000189   Data           1  tft-menu.o(.data)
    mess_rows_num                            0x2000018a   Data           1  tft-menu.o(.data)
    Mess_Current_Position                    0x2000018c   Data           4  tft-menu.o(.data)
    mess_menu_temp                           0x20000190   Data           2  tft-menu.o(.data)
    main_menu                                0x20000194   Data           8  tft-menu.o(.data)
    time                                     0x2000019c   Data           1  tft-menu.o(.data)
    dig1                                     0x2000019d   Data           1  tft-menu.o(.data)
    dig2                                     0x2000019e   Data           1  tft-menu.o(.data)
    byte                                     0x200001a0   Data           2  tft-menu.o(.data)
    PLA_num                                  0x200001a2   Data           2  tft-menu.o(.data)
    byte1_14d                                0x200001a4   Data           2  tft-menu.o(.data)
    byte2_14d                                0x200001a6   Data           2  tft-menu.o(.data)
    byte3_14d                                0x200001a8   Data           2  tft-menu.o(.data)
    byte_14d                                 0x200001aa   Data           2  tft-menu.o(.data)
    alarm_type_last                          0x200001ac   Data           1  tft-menu.o(.data)
    alarm_type_now                           0x200001ad   Data           1  tft-menu.o(.data)
    time_last                                0x200001b0   Data           4  tft-menu.o(.data)
    time_now                                 0x200001b4   Data           4  tft-menu.o(.data)
    Current_Menu                             0x200001b8   Data           4  tim.o(.data)
    signal                                   0x200001bc   Data           1  tim.o(.data)
    is_prog_mode                             0x200001bd   Data           1  tim.o(.data)
    is_signal_power_mode                     0x200001be   Data           1  tim.o(.data)
    adc_in_flag                              0x200001bf   Data           1  tim.o(.data)
    adc_in_battery_flag                      0x200001c0   Data           1  tim.o(.data)
    accident_show_time                       0x200001c4   Data           4  tim.o(.data)
    sign_max                                 0x200001c8   Data           2  tim.o(.data)
    sign_min                                 0x200001ca   Data           2  tim.o(.data)
    refresh_time                             0x200001cc   Data           1  tim.o(.data)
    Time_To_Sleep                            0x200001d0   Data           4  tim.o(.data)
    Items_Num                                0x200001d4   Data           1  tim.o(.data)
    receive_bit_show_flag                    0x200001d5   Data           1  tim.o(.data)
    message_received                         0x200001d6   Data           1  tim.o(.data)
    receive_start_flag                       0x200001d7   Data           1  tim.o(.data)
    message_menu_flag                        0x200001d8   Data           1  tim.o(.data)
    is_menu                                  0x200001d9   Data           1  tim.o(.data)
    keys_lock_flag                           0x200001df   Data           1  tim.o(.data)
    autolock_flag                            0x200001e0   Data           1  tim.o(.data)
    messages_addr                            0x200001e4   Data           4  tim.o(.data)
    batt_procent                             0x200001e8   Data           1  tim.o(.data)
    lightning_on                             0x200001e9   Data           1  tim.o(.data)
    lightning_off                            0x200001ea   Data           1  tim.o(.data)
    ms_count                                 0x200001ec   Data           2  tim.o(.data)
    lev_count0                               0x200001ee   Data           2  tim.o(.data)
    lev_summ0                                0x200001f0   Data           2  tim.o(.data)
    lev_count1                               0x200001f2   Data           2  tim.o(.data)
    lev_summ1                                0x200001f4   Data           2  tim.o(.data)
    rec_buf_count                            0x200001f6   Data           1  tim.o(.data)
    sign0_acc                                0x200001f7   Data           1  tim.o(.data)
    sign1_acc                                0x200001f8   Data           1  tim.o(.data)
    dacc01                                   0x200001fc   Data           4  tim.o(.data)
    dacc02                                   0x20000200   Data           4  tim.o(.data)
    dacc03                                   0x20000204   Data           4  tim.o(.data)
    dacc04                                   0x20000208   Data           4  tim.o(.data)
    dout01                                   0x2000020c   Data           4  tim.o(.data)
    dout02                                   0x20000210   Data           4  tim.o(.data)
    dout03                                   0x20000214   Data           4  tim.o(.data)
    dout04                                   0x20000218   Data           4  tim.o(.data)
    dacc11                                   0x2000021c   Data           4  tim.o(.data)
    dacc12                                   0x20000220   Data           4  tim.o(.data)
    dacc13                                   0x20000224   Data           4  tim.o(.data)
    dacc14                                   0x20000228   Data           4  tim.o(.data)
    dout11                                   0x2000022c   Data           4  tim.o(.data)
    dout12                                   0x20000230   Data           4  tim.o(.data)
    dout13                                   0x20000234   Data           4  tim.o(.data)
    dout14                                   0x20000238   Data           4  tim.o(.data)
    flen0                                    0x2000023c   Data           1  tim.o(.data)
    flen01                                   0x2000023d   Data           1  tim.o(.data)
    flen1                                    0x2000023e   Data           1  tim.o(.data)
    flen11                                   0x2000023f   Data           1  tim.o(.data)
    level0_tmp                               0x20000240   Data           1  tim.o(.data)
    level1_tmp                               0x20000241   Data           1  tim.o(.data)
    phase0                                   0x20000242   Data           1  tim.o(.data)
    phase1                                   0x20000243   Data           1  tim.o(.data)
    bit                                      0x20000244   Data           1  tim.o(.data)
    last_bit                                 0x20000245   Data           1  tim.o(.data)
    level0                                   0x20000246   Data           1  tim.o(.data)
    level1                                   0x20000247   Data           1  tim.o(.data)
    div10ms                                  0x20000248   Data           1  tim.o(.data)
    div512ms                                 0x2000024a   Data           2  tim.o(.data)
    rctr                                     0x2000024c   Data           1  tim.o(.data)
    bctr                                     0x2000024d   Data           1  tim.o(.data)
    adc_timer_flag                           0x2000024e   Data           1  tim.o(.data)
    signal_timer_flag                        0x2000024f   Data           1  tim.o(.data)
    err0                                     0x20000250   Data           2  tim.o(.data)
    err1                                     0x20000252   Data           2  tim.o(.data)
    count0                                   0x20000254   Data           2  tim.o(.data)
    count1                                   0x20000256   Data           2  tim.o(.data)
    adc_buf0                                 0x20000258   Data           6  tim.o(.data)
    adc_buf1                                 0x2000025e   Data           6  tim.o(.data)
    pred0                                    0x20000264   Data           2  tim.o(.data)
    pred1                                    0x20000266   Data           2  tim.o(.data)
    receive_word                             0x20000268   Data           4  tim.o(.data)
    byte1                                    0x2000026c   Data           2  tim.o(.data)
    byte2                                    0x2000026e   Data           2  tim.o(.data)
    byte3                                    0x20000270   Data           2  tim.o(.data)
    opcode                                   0x20000272   Data           1  tim.o(.data)
    receive_count                            0x20000273   Data           1  tim.o(.data)
    recw1                                    0x20000274   Data           4  tim.o(.data)
    recw2                                    0x20000278   Data           4  tim.o(.data)
    SystemCoreClock                          0x2000028c   Data           4  system_stm32f0xx.o(.data)
    lrbuf                                    0x20000290   Data         128  chipcon.o(.bss)
    tmp_buf                                  0x20000310   Data         128  chipcon.o(.bss)
    flash_buf                                0x20000390   Data          64  data.o(.bss)
    ccbuf                                    0x200003d0   Data         128  data.o(.bss)
    mess                                     0x20000450   Data         128  tft-menu.o(.bss)
    str_temp                                 0x200004d0   Data          20  tim.o(.bss)
    rec_buf                                  0x200004e4   Data          18  tim.o(.bss)
    __libspace_start                         0x200004f8   Data          96  libspace.o(.bss)
    __temporary_stack_top$libspace           0x20000558   Data           0  libspace.o(.bss)



==============================================================================

Memory Map of the image

  Image Entry point : 0x080040b5

  Load Region LR_IROM1 (Base: 0x08004000, Size: 0x0000c43c, Max: 0x0001c000, ABSOLUTE, COMPRESSED[0x0000c30c])

    Execution Region ER_IROM1 (Exec base: 0x08004000, Load base: 0x08004000, Size: 0x0000c26c, Max: 0x0001c000, ABSOLUTE)

    Exec Addr    Load Addr    Size         Type   Attr      Idx    E Section Name        Object

    0x08004000   0x08004000   0x000000b4   Data   RO         1394    RESET               startup_stm32f030x8.o
    0x080040b4   0x080040b4   0x00000008   Code   RO         1513  * !!!main             c_p.l(__main.o)
    0x080040bc   0x080040bc   0x0000003c   Code   RO         1814    !!!scatter          c_p.l(__scatter.o)
    0x080040f8   0x080040f8   0x0000001c   Code   RO         1816    !!handler_zi        c_p.l(__scatter_zi.o)
    0x08004114   0x08004114   0x00000002   Code   RO         1494    .ARM.Collect$$_printf_percent$$00000000  c_p.l(_printf_percent.o)
    0x08004116   0x08004116   0x0000000a   Code   RO         1493    .ARM.Collect$$_printf_percent$$00000009  c_p.l(_printf_d.o)
    0x08004120   0x08004120   0x00000004   Code   RO         1582    .ARM.Collect$$_printf_percent$$00000017  c_p.l(_printf_percent_end.o)
    0x08004124   0x08004124   0x00000002   Code   RO         1748    .ARM.Collect$$libinit$$00000000  c_p.l(libinit.o)
    0x08004126   0x08004126   0x00000000   Code   RO         1588    .ARM.Collect$$libinit$$00000002  c_p.l(libinit2.o)
    0x08004126   0x08004126   0x00000000   Code   RO         1590    .ARM.Collect$$libinit$$00000004  c_p.l(libinit2.o)
    0x08004126   0x08004126   0x00000000   Code   RO         1593    .ARM.Collect$$libinit$$0000000A  c_p.l(libinit2.o)
    0x08004126   0x08004126   0x00000000   Code   RO         1595    .ARM.Collect$$libinit$$0000000C  c_p.l(libinit2.o)
    0x08004126   0x08004126   0x00000000   Code   RO         1597    .ARM.Collect$$libinit$$0000000E  c_p.l(libinit2.o)
    0x08004126   0x08004126   0x00000000   Code   RO         1600    .ARM.Collect$$libinit$$00000011  c_p.l(libinit2.o)
    0x08004126   0x08004126   0x00000000   Code   RO         1602    .ARM.Collect$$libinit$$00000013  c_p.l(libinit2.o)
    0x08004126   0x08004126   0x00000000   Code   RO         1604    .ARM.Collect$$libinit$$00000015  c_p.l(libinit2.o)
    0x08004126   0x08004126   0x00000000   Code   RO         1606    .ARM.Collect$$libinit$$00000017  c_p.l(libinit2.o)
    0x08004126   0x08004126   0x00000000   Code   RO         1608    .ARM.Collect$$libinit$$00000019  c_p.l(libinit2.o)
    0x08004126   0x08004126   0x00000000   Code   RO         1610    .ARM.Collect$$libinit$$0000001B  c_p.l(libinit2.o)
    0x08004126   0x08004126   0x00000000   Code   RO         1612    .ARM.Collect$$libinit$$0000001D  c_p.l(libinit2.o)
    0x08004126   0x08004126   0x00000000   Code   RO         1614    .ARM.Collect$$libinit$$0000001F  c_p.l(libinit2.o)
    0x08004126   0x08004126   0x00000000   Code   RO         1616    .ARM.Collect$$libinit$$00000021  c_p.l(libinit2.o)
    0x08004126   0x08004126   0x00000000   Code   RO         1618    .ARM.Collect$$libinit$$00000023  c_p.l(libinit2.o)
    0x08004126   0x08004126   0x00000000   Code   RO         1620    .ARM.Collect$$libinit$$00000025  c_p.l(libinit2.o)
    0x08004126   0x08004126   0x00000000   Code   RO         1624    .ARM.Collect$$libinit$$0000002C  c_p.l(libinit2.o)
    0x08004126   0x08004126   0x00000000   Code   RO         1626    .ARM.Collect$$libinit$$0000002E  c_p.l(libinit2.o)
    0x08004126   0x08004126   0x00000000   Code   RO         1628    .ARM.Collect$$libinit$$00000030  c_p.l(libinit2.o)
    0x08004126   0x08004126   0x00000000   Code   RO         1630    .ARM.Collect$$libinit$$00000032  c_p.l(libinit2.o)
    0x08004126   0x08004126   0x00000002   Code   RO         1631    .ARM.Collect$$libinit$$00000033  c_p.l(libinit2.o)
    0x08004128   0x08004128   0x00000002   Code   RO         1809    .ARM.Collect$$libshutdown$$00000000  c_p.l(libshutdown.o)
    0x0800412a   0x0800412a   0x00000000   Code   RO         1765    .ARM.Collect$$libshutdown$$00000002  c_p.l(libshutdown2.o)
    0x0800412a   0x0800412a   0x00000000   Code   RO         1767    .ARM.Collect$$libshutdown$$00000004  c_p.l(libshutdown2.o)
    0x0800412a   0x0800412a   0x00000000   Code   RO         1769    .ARM.Collect$$libshutdown$$00000006  c_p.l(libshutdown2.o)
    0x0800412a   0x0800412a   0x00000000   Code   RO         1772    .ARM.Collect$$libshutdown$$00000009  c_p.l(libshutdown2.o)
    0x0800412a   0x0800412a   0x00000000   Code   RO         1775    .ARM.Collect$$libshutdown$$0000000C  c_p.l(libshutdown2.o)
    0x0800412a   0x0800412a   0x00000000   Code   RO         1777    .ARM.Collect$$libshutdown$$0000000E  c_p.l(libshutdown2.o)
    0x0800412a   0x0800412a   0x00000000   Code   RO         1780    .ARM.Collect$$libshutdown$$00000011  c_p.l(libshutdown2.o)
    0x0800412a   0x0800412a   0x00000002   Code   RO         1781    .ARM.Collect$$libshutdown$$00000012  c_p.l(libshutdown2.o)
    0x0800412c   0x0800412c   0x00000000   Code   RO         1544    .ARM.Collect$$rtentry$$00000000  c_p.l(__rtentry.o)
    0x0800412c   0x0800412c   0x00000000   Code   RO         1669    .ARM.Collect$$rtentry$$00000002  c_p.l(__rtentry2.o)
    0x0800412c   0x0800412c   0x00000006   Code   RO         1681    .ARM.Collect$$rtentry$$00000004  c_p.l(__rtentry4.o)
    0x08004132   0x08004132   0x00000000   Code   RO         1671    .ARM.Collect$$rtentry$$00000009  c_p.l(__rtentry2.o)
    0x08004132   0x08004132   0x00000004   Code   RO         1672    .ARM.Collect$$rtentry$$0000000A  c_p.l(__rtentry2.o)
    0x08004136   0x08004136   0x00000000   Code   RO         1674    .ARM.Collect$$rtentry$$0000000C  c_p.l(__rtentry2.o)
    0x08004136   0x08004136   0x00000008   Code   RO         1675    .ARM.Collect$$rtentry$$0000000D  c_p.l(__rtentry2.o)
    0x0800413e   0x0800413e   0x00000002   Code   RO         1752    .ARM.Collect$$rtexit$$00000000  c_p.l(rtexit.o)
    0x08004140   0x08004140   0x00000000   Code   RO         1785    .ARM.Collect$$rtexit$$00000002  c_p.l(rtexit2.o)
    0x08004140   0x08004140   0x00000004   Code   RO         1786    .ARM.Collect$$rtexit$$00000003  c_p.l(rtexit2.o)
    0x08004144   0x08004144   0x00000006   Code   RO         1787    .ARM.Collect$$rtexit$$00000004  c_p.l(rtexit2.o)
    0x0800414a   0x0800414a   0x00000002   PAD
    0x0800414c   0x0800414c   0x00000038   Code   RO         1501    .emb_text           c_p.l(rt_memcpy.o)
    0x08004184   0x08004184   0x00000038   Code   RO         1395    .text               startup_stm32f030x8.o
    0x080041bc   0x080041bc   0x00000028   Code   RO         1465    .text               c_p.l(noretval__2sprintf.o)
    0x080041e4   0x080041e4   0x0000004e   Code   RO         1469    .text               c_p.l(_printf_pad.o)
    0x08004232   0x08004232   0x00000002   PAD
    0x08004234   0x08004234   0x0000006c   Code   RO         1471    .text               c_p.l(_printf_dec.o)
    0x080042a0   0x080042a0   0x0000010e   Code   RO         1481    .text               c_p.l(__printf_wp.o)
    0x080043ae   0x080043ae   0x00000002   PAD
    0x080043b0   0x080043b0   0x0000004c   Code   RO         1495    .text               c_p.l(strcpy.o)
    0x080043fc   0x080043fc   0x00000044   Code   RO         1497    .text               c_p.l(strlen.o)
    0x08004440   0x08004440   0x00000018   Code   RO         1499    .text               c_p.l(strcat.o)
    0x08004458   0x08004458   0x00000082   Code   RO         1502    .text               c_p.l(rt_memcpy.o)
    0x080044da   0x080044da   0x00000040   Code   RO         1505    .text               c_p.l(rt_memclr.o)
    0x0800451a   0x0800451a   0x0000015a   Code   RO         1507    .text               c_p.l(aeabi_sdiv.o)
    0x08004674   0x08004674   0x00000006   Code   RO         1511    .text               c_p.l(heapauxi.o)
    0x0800467a   0x0800467a   0x00000002   PAD
    0x0800467c   0x0800467c   0x00000358   Code   RO         1515    .text               fz_ps.l(daddsub.o)
    0x080049d4   0x080049d4   0x00000048   Code   RO         1520    .text               fz_ps.l(dfixui.o)
    0x08004a1c   0x08004a1c   0x00000058   Code   RO         1522    .text               fz_ps.l(dflti.o)
    0x08004a74   0x08004a74   0x00000248   Code   RO         1524    .text               fz_ps.l(dmul.o)
    0x08004cbc   0x08004cbc   0x000000b0   Code   RO         1576    .text               c_p.l(_printf_intcommon.o)
    0x08004d6c   0x08004d6c   0x00000030   Code   RO         1578    .text               c_p.l(_printf_char_common.o)
    0x08004d9c   0x08004d9c   0x0000000a   Code   RO         1580    .text               c_p.l(_sputc.o)
    0x08004da6   0x08004da6   0x00000028   Code   RO         1583    .text               c_p.l(rtudiv10.o)
    0x08004dce   0x08004dce   0x00000002   PAD
    0x08004dd0   0x08004dd0   0x00000008   Code   RO         1665    .text               c_p.l(libspace.o)
    0x08004dd8   0x08004dd8   0x00000002   Code   RO         1719    .text               c_p.l(use_no_semi.o)
    0x08004dda   0x08004dda   0x00000000   Code   RO         1721    .text               c_p.l(indicate_semi.o)
    0x08004dda   0x08004dda   0x0000003e   Code   RO         1722    .text               c_p.l(sys_stackheap_outer.o)
    0x08004e18   0x08004e18   0x00000010   Code   RO         1729    .text               c_p.l(exit.o)
    0x08004e28   0x08004e28   0x0000000c   Code   RO         1749    .text               c_p.l(sys_exit.o)
    0x08004e34   0x08004e34   0x00000056   Code   RO         1812    .text               c_p.l(__dczerorl2.o)
    0x08004e8a   0x08004e8a   0x00000002   PAD
    0x08004e8c   0x08004e8c   0x00000230   Code   RO          143    i.ADC1_IRQHandler   adc.o
    0x080050bc   0x080050bc   0x000000c8   Code   RO          145    i.ADC_Init          adc.o
    0x08005184   0x08005184   0x00000054   Code   RO          265    i.ALERT_ForClick    alerts.o
    0x080051d8   0x080051d8   0x00000094   Code   RO          247    i.ALERT_ForMessage  alerts.o
    0x0800526c   0x0800526c   0x00000098   Code   RO          253    i.ALERT_ForNotification  alerts.o
    0x08005304   0x08005304   0x000000f2   Code   RO          259    i.ALERT_ForSOS      alerts.o
    0x080053f6   0x080053f6   0x00000002   PAD
    0x080053f8   0x080053f8   0x000000a0   Code   RO          214    i.Boomer            alerts.o
    0x08005498   0x08005498   0x00000044   Code   RO         1051    i.Buttons_Init      tft-menu.o
    0x080054dc   0x080054dc   0x0000002c   Code   RO          542    i.CRC_Init          crc.o
    0x08005508   0x08005508   0x0000009c   Code   RO          543    i.CRC_Result        crc.o
    0x080055a4   0x080055a4   0x000000a8   Code   RO          954    i.Clock_Init        rcc.o
    0x0800564c   0x0800564c   0x00000002   Code   RO          146    i.DMA1_Channel1_IRQHandler  adc.o
    0x0800564e   0x0800564e   0x00000002   PAD
    0x08005650   0x08005650   0x00000110   Code   RO         1162    i.Day_Plus          tft-menu.o
    0x08005760   0x08005760   0x00000014   Code   RO          696    i.EXTI4_15_IRQHandler  exti.o
    0x08005774   0x08005774   0x00000014   Code   RO          760    i.FLASH_Lock        flash.o
    0x08005788   0x08005788   0x00000068   Code   RO          761    i.FLASH_PageErase   flash.o
    0x080057f0   0x080057f0   0x00000006   Code   RO          762    i.FLASH_ReadByte    flash.o
    0x080057f6   0x080057f6   0x00000016   Code   RO          763    i.FLASH_ReadStr     flash.o
    0x0800580c   0x0800580c   0x00000034   Code   RO          764    i.FLASH_Unlock      flash.o
    0x08005840   0x08005840   0x0000003a   Code   RO          765    i.FLASH_WriteByte   flash.o
    0x0800587a   0x0800587a   0x00000002   PAD
    0x0800587c   0x0800587c   0x000000a8   Code   RO          766    i.FLASH_WriteStr    flash.o
    0x08005924   0x08005924   0x000000d0   Code   RO          767    i.FLASH_WriteStr_Mess  flash.o
    0x080059f4   0x080059f4   0x0000008c   Code   RO          834    i.GPIO_Init         gpio.o
    0x08005a80   0x08005a80   0x0000000a   Code   RO            3    i.HardFault_Handler  main.o
    0x08005a8a   0x08005a8a   0x00000002   PAD
    0x08005a8c   0x08005a8c   0x000000ec   Code   RO         1144    i.Hour_Plus         tft-menu.o
    0x08005b78   0x08005b78   0x00000094   Code   RO          886    i.I2C1_Init         i2c.o
    0x08005c0c   0x08005c0c   0x00000224   Code   RO         1132    i.Menu_Down         tft-menu.o
    0x08005e30   0x08005e30   0x0000007c   Code   RO         1052    i.Menu_Draw         tft-menu.o
    0x08005eac   0x08005eac   0x00000058   Code   RO         1053    i.Menu_Item_Select  tft-menu.o
    0x08005f04   0x08005f04   0x00000040   Code   RO         1054    i.Menu_Item_Unselect  tft-menu.o
    0x08005f44   0x08005f44   0x000001f8   Code   RO         1138    i.Menu_Up           tft-menu.o
    0x0800613c   0x0800613c   0x00000164   Code   RO         1055    i.MessRecToArch     tft-menu.o
    0x080062a0   0x080062a0   0x000000d4   Code   RO         1056    i.Mess_Menu_Draw    tft-menu.o
    0x08006374   0x08006374   0x00000064   Code   RO         1057    i.Message_Menu_Item_Select  tft-menu.o
    0x080063d8   0x080063d8   0x0000005c   Code   RO         1058    i.Message_Menu_Item_Unselect  tft-menu.o
    0x08006434   0x08006434   0x0000066c   Code   RO         1126    i.Message_Menu_Navigation  tft-menu.o
    0x08006aa0   0x08006aa0   0x000000b4   Code   RO         1059    i.Message_Read      tft-menu.o
    0x08006b54   0x08006b54   0x000000ec   Code   RO         1150    i.Min_Plus          tft-menu.o
    0x08006c40   0x08006c40   0x00000114   Code   RO         1168    i.Month_Plus        tft-menu.o
    0x08006d54   0x08006d54   0x00000064   Code   RO          216    i.Ot_ulybki         alerts.o
    0x08006db8   0x08006db8   0x00000164   Code   RO          974    i.RTC_GetDate       rtc.o
    0x08006f1c   0x08006f1c   0x0000009c   Code   RO          975    i.RTC_GetTime       rtc.o
    0x08006fb8   0x08006fb8   0x00000044   Code   RO         1060    i.RecToArch         tft-menu.o
    0x08006ffc   0x08006ffc   0x00000094   Code   RO         1013    i.SPI1_Init         spi.o
    0x08007090   0x08007090   0x00000094   Code   RO         1014    i.SPI2_Init         spi.o
    0x08007124   0x08007124   0x00000028   Code   RO         1015    i.SPI2_Send_Byte    spi.o
    0x0800714c   0x0800714c   0x0000002c   Code   RO         1335    i.SYSTICK_Init      systick.o
    0x08007178   0x08007178   0x0000068c   Code   RO         1180    i.ShowSignal        tft-menu.o
    0x08007804   0x08007804   0x00000010   Code   RO         1336    i.SysTick_Handler   systick.o
    0x08007814   0x08007814   0x00000002   Code   RO         1362    i.SystemInit        system_stm32f0xx.o
    0x08007816   0x08007816   0x00000002   PAD
    0x08007818   0x08007818   0x000000b0   Code   RO          597    i.TFT_Draw_Image_Mono  disp.o
    0x080078c8   0x080078c8   0x00000068   Code   RO          598    i.TFT_Fill_Area     disp.o
    0x08007930   0x08007930   0x00000050   Code   RO          599    i.TFT_Fill_Color    disp.o
    0x08007980   0x08007980   0x00000138   Code   RO          600    i.TFT_Init          disp.o
    0x08007ab8   0x08007ab8   0x00000104   Code   RO          601    i.TFT_Send_Char     disp.o
    0x08007bbc   0x08007bbc   0x0000000e   Code   RO          602    i.TFT_Send_Command  disp.o
    0x08007bca   0x08007bca   0x0000000e   Code   RO          603    i.TFT_Send_Data     disp.o
    0x08007bd8   0x08007bd8   0x0000005a   Code   RO          605    i.TFT_Send_Str      disp.o
    0x08007c32   0x08007c32   0x00000002   PAD
    0x08007c34   0x08007c34   0x00000078   Code   RO          606    i.TFT_Set_Area      disp.o
    0x08007cac   0x08007cac   0x000002e4   Code   RO         1203    i.TIM14_IRQHandler  tim.o
    0x08007f90   0x08007f90   0x00000040   Code   RO         1205    i.TIM15_IRQHandler  tim.o
    0x08007fd0   0x08007fd0   0x00000070   Code   RO         1206    i.TIM15_Init        tim.o
    0x08008040   0x08008040   0x00000040   Code   RO         1207    i.TIM16_IRQHandler  tim.o
    0x08008080   0x08008080   0x00000070   Code   RO         1208    i.TIM16_Init        tim.o
    0x080080f0   0x080080f0   0x000003b8   Code   RO         1209    i.TIM17_IRQHandler  tim.o
    0x080084a8   0x080084a8   0x00000070   Code   RO         1210    i.TIM17_Init        tim.o
    0x08008518   0x08008518   0x00000094   Code   RO         1211    i.TIM1_PWM_Init     tim.o
    0x080085ac   0x080085ac   0x00000368   Code   RO         1212    i.TIM3_IRQHandler   tim.o
    0x08008914   0x08008914   0x00000088   Code   RO         1213    i.TIM3_Init         tim.o
    0x0800899c   0x0800899c   0x000007a8   Code   RO         1214    i.TIM6_IRQHandler   tim.o
    0x08009144   0x08009144   0x0000006c   Code   RO         1215    i.TIM6_Init         tim.o
    0x080091b0   0x080091b0   0x0000011c   Code   RO         1156    i.WeekDay_Calc      tft-menu.o
    0x080092cc   0x080092cc   0x0000010c   Code   RO         1174    i.Year_Plus         tft-menu.o
    0x080093d8   0x080093d8   0x0000001c   Code   RO          511    i.__ARM_common_switch8  chipcon.o
    0x080093f4   0x080093f4   0x00000018   Code   RO         1216    i.__NVIC_EnableIRQ  tim.o
    0x0800940c   0x0800940c   0x00000078   Code   RO          147    i.__NVIC_SetPriority  adc.o
    0x08009484   0x08009484   0x00000078   Code   RO         1217    i.__NVIC_SetPriority  tim.o
    0x080094fc   0x080094fc   0x0000000e   Code   RO         1483    i._is_digit         c_p.l(__printf_wp.o)
    0x0800950a   0x0800950a   0x00000002   PAD
    0x0800950c   0x0800950c   0x00000030   Code   RO          335    i.cc2520osc_off     chipcon.o
    0x0800953c   0x0800953c   0x00000030   Code   RO          336    i.cc2520osc_on      chipcon.o
    0x0800956c   0x0800956c   0x000000d4   Code   RO          337    i.cc_init           chipcon.o
    0x08009640   0x08009640   0x000000e8   Code   RO          338    i.chk_header        chipcon.o
    0x08009728   0x08009728   0x00000040   Code   RO          339    i.chl_load          chipcon.o
    0x08009768   0x08009768   0x00000080   Code   RO          340    i.data_read         chipcon.o
    0x080097e8   0x080097e8   0x000000a4   Code   RO          341    i.data_write        chipcon.o
    0x0800988c   0x0800988c   0x00000020   Code   RO            4    i.delay             main.o
    0x080098ac   0x080098ac   0x0000000c   Code   RO          342    i.echo              chipcon.o
    0x080098b8   0x080098b8   0x000001cc   Code   RO          343    i.get_pla           chipcon.o
    0x08009a84   0x08009a84   0x00000158   Code   RO          344    i.goto_boot         chipcon.o
    0x08009bdc   0x08009bdc   0x000002c4   Code   RO            5    i.main              main.o
    0x08009ea0   0x08009ea0   0x00000070   Code   RO          217    i.play_note         alerts.o
    0x08009f10   0x08009f10   0x000000b0   Code   RO          345    i.prg_off           chipcon.o
    0x08009fc0   0x08009fc0   0x00000060   Code   RO          346    i.prg_on            chipcon.o
    0x0800a020   0x0800a020   0x000000c0   Code   RO          347    i.program           chipcon.o
    0x0800a0e0   0x0800a0e0   0x000000a0   Code   RO          348    i.rbuf_get          chipcon.o
    0x0800a180   0x0800a180   0x0000003c   Code   RO          349    i.readMEM           chipcon.o
    0x0800a1bc   0x0800a1bc   0x000000fc   Code   RO          351    i.send_PLA_CRC      chipcon.o
    0x0800a2b8   0x0800a2b8   0x00000058   Code   RO          352    i.send_SOS_label    chipcon.o
    0x0800a310   0x0800a310   0x0000009c   Code   RO          353    i.send_ack          chipcon.o
    0x0800a3ac   0x0800a3ac   0x00000054   Code   RO          354    i.send_label        chipcon.o
    0x0800a400   0x0800a400   0x00000030   Code   RO          355    i.send_nack         chipcon.o
    0x0800a430   0x0800a430   0x00000078   Code   RO          357    i.spi1_write        chipcon.o
    0x0800a4a8   0x0800a4a8   0x00000068   Code   RO          358    i.tbuf_load         chipcon.o
    0x0800a510   0x0800a510   0x0000007c   Code   RO          359    i.tbuf_send         chipcon.o
    0x0800a58c   0x0800a58c   0x00000030   Code   RO          360    i.writeINS          chipcon.o
    0x0800a5bc   0x0800a5bc   0x0000003e   Code   RO          361    i.writeMEM          chipcon.o
    0x0800a5fa   0x0800a5fa   0x00000000   Code   RO         1632    x$fpl$usenofp       fz_ps.l(usenofp.o)
    0x0800a5fa   0x0800a5fa   0x00000006   PAD
    0x0800a600   0x0800a600   0x000006f0   Data   RO            6    .constdata          main.o
    0x0800acf0   0x0800acf0   0x00005011   Data   RO          818    .constdata          fonts.o
    0x0800fd01   0x0800fd01   0x00000003   PAD
    0x0800fd04   0x0800fd04   0x00000190   Data   RO         1062    .constdata          tft-menu.o
    0x0800fe94   0x0800fe94   0x0000025c   Data   RO         1219    .constdata          tim.o
    0x080100f0   0x080100f0   0x0000015a   Data   RO         1063    .conststring        tft-menu.o
    0x0801024a   0x0801024a   0x00000002   PAD
    0x0801024c   0x0801024c   0x00000020   Data   RO         1810    Region$$Table       anon$$obj.o


    Execution Region RW_IRAM1 (Exec base: 0x200000c0, Load base: 0x0801026c, Size: 0x00000a98, Max: 0x00008000, ABSOLUTE, COMPRESSED[0x000000a0])

    Exec Addr    Load Addr    Size         Type   Attr      Idx    E Section Name        Object

    0x200000c0   COMPRESSED   0x00000006   Data   RW          362    .VERS               chipcon.o
    0x200000c6   COMPRESSED   0x00000001   Data   RW            7    .data               main.o
    0x200000c7   COMPRESSED   0x00000001   PAD
    0x200000c8   COMPRESSED   0x00000006   Data   RW          148    .data               adc.o
    0x200000ce   COMPRESSED   0x00000002   PAD
    0x200000d0   COMPRESSED   0x0000003f   Data   RW          364    .data               chipcon.o
    0x2000010f   COMPRESSED   0x00000001   PAD
    0x20000110   COMPRESSED   0x00000046   Data   RW          575    .data               data.o
    0x20000156   COMPRESSED   0x00000002   PAD
    0x20000158   COMPRESSED   0x00000028   Data   RW          819    .data               fonts.o
    0x20000180   COMPRESSED   0x00000038   Data   RW         1064    .data               tft-menu.o
    0x200001b8   COMPRESSED   0x000000d2   Data   RW         1220    .data               tim.o
    0x2000028a   COMPRESSED   0x00000002   PAD
    0x2000028c   COMPRESSED   0x00000004   Data   RW         1364    .data               system_stm32f0xx.o
    0x20000290        -       0x00000100   Zero   RW          363    .bss                chipcon.o
    0x20000390        -       0x000000c0   Zero   RW          574    .bss                data.o
    0x20000450        -       0x00000080   Zero   RW         1061    .bss                tft-menu.o
    0x200004d0        -       0x00000026   Zero   RW         1218    .bss                tim.o
    0x200004f6   COMPRESSED   0x00000002   PAD
    0x200004f8        -       0x00000060   Zero   RW         1666    .bss                c_p.l(libspace.o)
    0x20000558        -       0x00000200   Zero   RW         1393    HEAP                startup_stm32f030x8.o
    0x20000758        -       0x00000400   Zero   RW         1392    STACK               startup_stm32f030x8.o


==============================================================================

Image component sizes


      Code (inc. data)   RO Data    RW Data    ZI Data      Debug   Object Name

       882        122          0          6          0      10899   adc.o
       998         76          0          0          0       3188   alerts.o
         0          0          0          0          0        559   bootloader.o
      3510        524          0         69        256      16827   chipcon.o
       200         16          0          0          0       1300   crc.o
         0          0          0         70        192       1631   data.o
      1170         30          0          0          0       6587   disp.o
        20          4          0          0          0        378   exti.o
       638         36          0          0          0       4736   flash.o
         0          0      20497         40          0       1331   fonts.o
       140         14          0          0          0        412   gpio.o
       148         22          0          0          0        404   i2c.o
       750        122       1776          1          0     198643   main.o
       168         10          0          0          0        437   rcc.o
       512         90          0          0          0       1292   rtc.o
       336         38          0          0          0       1249   spi.o
        56         26        180          0       1536        580   startup_stm32f030x8.o
         2          0          0          4          0       1255   system_stm32f0xx.o
        60         16          0          0          0        737   systick.o
      7296        638        746         56        128      15875   tft-menu.o
      5524        816        604        210         38      22158   tim.o

    ----------------------------------------------------------------------
     22422       2600      23840        464       2152     290478   Object Totals
         0          0         32          0          0          0   (incl. Generated)
        12          0          5          8          2          0   (incl. Padding)

    ----------------------------------------------------------------------

      Code (inc. data)   RO Data    RW Data    ZI Data      Debug   Library Member Name

        86          0          0          0          0          0   __dczerorl2.o
         8          0          0          0          0         68   __main.o
       284          0          0          0          0        136   __printf_wp.o
         0          0          0          0          0          0   __rtentry.o
        12          0          0          0          0          0   __rtentry2.o
         6          0          0          0          0          0   __rtentry4.o
        60          8          0          0          0          0   __scatter.o
        28          0          0          0          0          0   __scatter_zi.o
        48          6          0          0          0         88   _printf_char_common.o
        10          0          0          0          0          0   _printf_d.o
       108         18          0          0          0         76   _printf_dec.o
       176          0          0          0          0         84   _printf_intcommon.o
        78          0          0          0          0        100   _printf_pad.o
         2          0          0          0          0          0   _printf_percent.o
         4          0          0          0          0          0   _printf_percent_end.o
        10          0          0          0          0         60   _sputc.o
       346          0          0          0          0         92   aeabi_sdiv.o
        16          0          0          0          0         68   exit.o
         6          0          0          0          0        136   heapauxi.o
         0          0          0          0          0          0   indicate_semi.o
         2          0          0          0          0          0   libinit.o
         2          0          0          0          0          0   libinit2.o
         2          0          0          0          0          0   libshutdown.o
         2          0          0          0          0          0   libshutdown2.o
         8          4          0          0         96         68   libspace.o
        40          4          0          0          0         84   noretval__2sprintf.o
        64          0          0          0          0        108   rt_memclr.o
       186          0          0          0          0        144   rt_memcpy.o
         2          0          0          0          0          0   rtexit.o
        10          0          0          0          0          0   rtexit2.o
        40          0          0          0          0         60   rtudiv10.o
        24          0          0          0          0         60   strcat.o
        76          6          0          0          0         72   strcpy.o
        68          6          0          0          0         72   strlen.o
        12          4          0          0          0         60   sys_exit.o
        62          0          0          0          0         80   sys_stackheap_outer.o
         2          0          0          0          0         68   use_no_semi.o
       856         20          0          0          0        208   daddsub.o
        72          4          0          0          0         68   dfixui.o
        88          0          0          0          0         92   dflti.o
       584         26          0          0          0         84   dmul.o
         0          0          0          0          0          0   usenofp.o

    ----------------------------------------------------------------------
      3510        106          0          0         96       2236   Library Totals
        20          0          0          0          0          0   (incl. Padding)

    ----------------------------------------------------------------------

      Code (inc. data)   RO Data    RW Data    ZI Data      Debug   Library Name

      1890         56          0          0         96       1784   c_p.l
      1600         50          0          0          0        452   fz_ps.l

    ----------------------------------------------------------------------
      3510        106          0          0         96       2236   Library Totals

    ----------------------------------------------------------------------

==============================================================================


      Code (inc. data)   RO Data    RW Data    ZI Data      Debug   

     25932       2706      23840        464       2248     287242   Grand Totals
     25932       2706      23840        160       2248     287242   ELF Image Totals (compressed)
     25932       2706      23840        160          0          0   ROM Totals

==============================================================================

    Total RO  Size (Code + RO Data)                49772 (  48.61kB)
    Total RW  Size (RW Data + ZI Data)              2712 (   2.65kB)
    Total ROM Size (Code + RO Data + RW Data)      49932 (  48.76kB)

==============================================================================

